Archive member included because of file (symbol)

C:\Users\ehaskins.EHNET\Code Local\Next Robots\workspace\Arduino\Debug\libArduino.a(HardwareSerial.o)
                              ./Main.o (HardwareSerial::begin(long))
C:\Users\ehaskins.EHNET\Code Local\Next Robots\workspace\Arduino\Debug\libArduino.a(Print.o)
                              C:\Users\ehaskins.EHNET\Code Local\Next Robots\workspace\Arduino\Debug\libArduino.a(HardwareSerial.o) (Print::write(char const*))
C:\Users\ehaskins.EHNET\Code Local\Next Robots\workspace\Arduino\Debug\libArduino.a(WString.o)
                              C:\Users\ehaskins.EHNET\Code Local\Next Robots\workspace\Arduino\Debug\libArduino.a(Print.o) (String::operator[](unsigned int) const)
C:\Users\ehaskins.EHNET\Code Local\Next Robots\workspace\Arduino\Debug\libArduino.a(wiring.o)
                              ./Main.o (delay)
C:\Users\ehaskins.EHNET\Code Local\Next Robots\workspace\Arduino\Debug\libArduino.a(wiring_digital.o)
                              ./Main.o (pinMode)
C:\Users\ehaskins.EHNET\Code Local\Next Robots\workspace\Arduino\Debug\libArduino.a(pins_arduino.o)
                              C:\Users\ehaskins.EHNET\Code Local\Next Robots\workspace\Arduino\Debug\libArduino.a(wiring_digital.o) (port_to_mode_PGM)
c:/winavr-20100110/bin/../lib/gcc/avr/4.3.2/avr6\libgcc.a(_udivmodsi4.o)
                              C:\Users\ehaskins.EHNET\Code Local\Next Robots\workspace\Arduino\Debug\libArduino.a(HardwareSerial.o) (__udivmodsi4)
c:/winavr-20100110/bin/../lib/gcc/avr/4.3.2/avr6\libgcc.a(_exit.o)
                              c:/winavr-20100110/bin/../lib/gcc/avr/4.3.2/../../../../avr/lib/avr6/crtm2560.o (exit)
c:/winavr-20100110/bin/../lib/gcc/avr/4.3.2/avr6\libgcc.a(_clear_bss.o)
                              ./Main.o (__do_clear_bss)
c:/winavr-20100110/bin/../lib/gcc/avr/4.3.2/avr6\libgcc.a(_ctors.o)
                              C:\Users\ehaskins.EHNET\Code Local\Next Robots\workspace\Arduino\Debug\libArduino.a(HardwareSerial.o) (__do_global_ctors)
c:/winavr-20100110/bin/../lib/gcc/avr/4.3.2/avr6\libgcc.a(_fixunssfsi.o)
                              C:\Users\ehaskins.EHNET\Code Local\Next Robots\workspace\Arduino\Debug\libArduino.a(Print.o) (__fixunssfsi)
c:/winavr-20100110/bin/../lib/gcc/avr/4.3.2/avr6\libgcc.a(_addsub_sf.o)
                              C:\Users\ehaskins.EHNET\Code Local\Next Robots\workspace\Arduino\Debug\libArduino.a(Print.o) (__subsf3)
c:/winavr-20100110/bin/../lib/gcc/avr/4.3.2/avr6\libgcc.a(_mul_sf.o)
                              C:\Users\ehaskins.EHNET\Code Local\Next Robots\workspace\Arduino\Debug\libArduino.a(Print.o) (__mulsf3)
c:/winavr-20100110/bin/../lib/gcc/avr/4.3.2/avr6\libgcc.a(_div_sf.o)
                              C:\Users\ehaskins.EHNET\Code Local\Next Robots\workspace\Arduino\Debug\libArduino.a(Print.o) (__divsf3)
c:/winavr-20100110/bin/../lib/gcc/avr/4.3.2/avr6\libgcc.a(_ge_sf.o)
                              c:/winavr-20100110/bin/../lib/gcc/avr/4.3.2/avr6\libgcc.a(_fixunssfsi.o) (__gesf2)
c:/winavr-20100110/bin/../lib/gcc/avr/4.3.2/avr6\libgcc.a(_lt_sf.o)
                              C:\Users\ehaskins.EHNET\Code Local\Next Robots\workspace\Arduino\Debug\libArduino.a(Print.o) (__ltsf2)
c:/winavr-20100110/bin/../lib/gcc/avr/4.3.2/avr6\libgcc.a(_si_to_sf.o)
                              C:\Users\ehaskins.EHNET\Code Local\Next Robots\workspace\Arduino\Debug\libArduino.a(Print.o) (__floatsisf)
c:/winavr-20100110/bin/../lib/gcc/avr/4.3.2/avr6\libgcc.a(_sf_to_si.o)
                              C:\Users\ehaskins.EHNET\Code Local\Next Robots\workspace\Arduino\Debug\libArduino.a(Print.o) (__fixsfsi)
c:/winavr-20100110/bin/../lib/gcc/avr/4.3.2/avr6\libgcc.a(_thenan_sf.o)
                              c:/winavr-20100110/bin/../lib/gcc/avr/4.3.2/avr6\libgcc.a(_addsub_sf.o) (__thenan_sf)
c:/winavr-20100110/bin/../lib/gcc/avr/4.3.2/avr6\libgcc.a(_usi_to_sf.o)
                              C:\Users\ehaskins.EHNET\Code Local\Next Robots\workspace\Arduino\Debug\libArduino.a(Print.o) (__floatunsisf)
c:/winavr-20100110/bin/../lib/gcc/avr/4.3.2/avr6\libgcc.a(_prologue.o)
                              c:/winavr-20100110/bin/../lib/gcc/avr/4.3.2/avr6\libgcc.a(_addsub_sf.o) (__prologue_saves__)
c:/winavr-20100110/bin/../lib/gcc/avr/4.3.2/avr6\libgcc.a(_epilogue.o)
                              c:/winavr-20100110/bin/../lib/gcc/avr/4.3.2/avr6\libgcc.a(_addsub_sf.o) (__epilogue_restores__)
c:/winavr-20100110/bin/../lib/gcc/avr/4.3.2/avr6\libgcc.a(_tablejump.o)
                              c:/winavr-20100110/bin/../lib/gcc/avr/4.3.2/avr6\libgcc.a(_ctors.o) (__tablejump__)
c:/winavr-20100110/bin/../lib/gcc/avr/4.3.2/avr6\libgcc.a(_clzsi2.o)
                              c:/winavr-20100110/bin/../lib/gcc/avr/4.3.2/avr6\libgcc.a(_si_to_sf.o) (__clzsi2)
c:/winavr-20100110/bin/../lib/gcc/avr/4.3.2/avr6\libgcc.a(_pack_sf.o)
[...]
Memory Configuration

Name             Origin             Length             Attributes
text             0x00000000         0x00100000         xr
data             0x00800200         0x0000fe00         rw !x
eeprom           0x00810000         0x00010000         rw !x
fuse             0x00820000         0x00000400         rw !x
lock             0x00830000         0x00000400         rw !x
signature        0x00840000         0x00000400         rw !x
*default*        0x00000000         0xffffffff

Linker script and memory map

Address of section .data set to 0x800200
LOAD c:/winavr-20100110/bin/../lib/gcc/avr/4.3.2/../../../../avr/lib/avr6/crtm2560.o
LOAD ./Main.o
LOAD ./Missing.o
LOAD C:\Users\ehaskins.EHNET\Code Local\Next Robots\workspace\Arduino\Debug\libArduino.a
LOAD c:/winavr-20100110/bin/../lib/gcc/avr/4.3.2/avr6\libgcc.a
LOAD c:/winavr-20100110/bin/../lib/gcc/avr/4.3.2/../../../../avr/lib/avr6\libm.a
LOAD c:/winavr-20100110/bin/../lib/gcc/avr/4.3.2/avr6\libgcc.a
LOAD c:/winavr-20100110/bin/../lib/gcc/avr/4.3.2/../../../../avr/lib/avr6\libc.a
LOAD c:/winavr-20100110/bin/../lib/gcc/avr/4.3.2/avr6\libgcc.a

.hash
 *(.hash)

.dynsym
 *(.dynsym)

.dynstr
 *(.dynstr)

.gnu.version
 *(.gnu.version)

.gnu.version_d
 *(.gnu.version_d)

.gnu.version_r
 *(.gnu.version_r)

.rel.init
 *(.rel.init)

.rela.init
 *(.rela.init)

.rel.text
 *(.rel.text)
 *(.rel.text.*)
 *(.rel.gnu.linkonce.t*)

.rela.text
 *(.rela.text)
 *(.rela.text.*)
 *(.rela.gnu.linkonce.t*)

.rel.fini
 *(.rel.fini)

.rela.fini
 *(.rela.fini)

.rel.rodata
 *(.rel.rodata)
 *(.rel.rodata.*)
 *(.rel.gnu.linkonce.r*)

.rela.rodata
 *(.rela.rodata)
 *(.rela.rodata.*)
 *(.rela.gnu.linkonce.r*)

.rel.data
 *(.rel.data)
 *(.rel.data.*)
 *(.rel.gnu.linkonce.d*)

.rela.data
 *(.rela.data)
 *(.rela.data.*)
 *(.rela.gnu.linkonce.d*)

.rel.ctors
 *(.rel.ctors)

.rela.ctors
 *(.rela.ctors)

.rel.dtors
 *(.rel.dtors)

.rela.dtors
 *(.rela.dtors)

.rel.got
 *(.rel.got)

.rela.got
 *(.rela.got)

.rel.bss
 *(.rel.bss)

.rela.bss
 *(.rela.bss)

.rel.plt
 *(.rel.plt)

.rela.plt
 *(.rela.plt)

.text           0x00000000     0x380e
 *(.vectors)
 .vectors       0x00000000       0xe4 c:/winavr-20100110/bin/../lib/gcc/avr/4.3.2/../../../../avr/lib/avr6/crtm2560.o
                0x00000000                __vectors
                0x00000000                __vector_default
 *(.vectors)
 *(.progmem.gcc*)
 *(.progmem*)
 .progmem.data  0x000000e4      0x120 C:\Users\ehaskins.EHNET\Code Local\Next Robots\workspace\Arduino\Debug\libArduino.a(pins_arduino.o)
                0x000000e4                port_to_mode_PGM
                0x00000132                digital_pin_to_port_PGM
                0x00000178                digital_pin_to_bit_mask_PGM
                0x000000fe                port_to_output_PGM
                0x00000118                port_to_input_PGM
                0x000001be                digital_pin_to_timer_PGM
                0x00000204                . = ALIGN (0x2)
                0x00000204                __trampolines_start = .
 *(.trampolines)
 .trampolines   0x00000204        0x0 linker stubs
 *(.trampolines*)
                0x00000204                __trampolines_end = .
 *(.jumptables)
 *(.jumptables*)
 *(.lowtext)
 *(.lowtext*)
                0x00000204                __ctors_start = .
 *(.ctors)
 .ctors         0x00000204        0x2 C:\Users\ehaskins.EHNET\Code Local\Next Robots\workspace\Arduino\Debug\libArduino.a(HardwareSerial.o)
                0x00000206                __ctors_end = .
                0x00000206                __dtors_start = .
 *(.dtors)
                0x00000206                __dtors_end = .
 SORT(*)(.ctors)
 SORT(*)(.dtors)
 *(.init0)
 .init0         0x00000206        0x0 c:/winavr-20100110/bin/../lib/gcc/avr/4.3.2/../../../../avr/lib/avr6/crtm2560.o
                0x00000206                __init
 *(.init0)
 *(.init1)
 *(.init1)
 *(.init2)
 .init2         0x00000206       0x10 c:/winavr-20100110/bin/../lib/gcc/avr/4.3.2/../../../../avr/lib/avr6/crtm2560.o
 *(.init2)
 *(.init3)
 *(.init3)
 *(.init4)
 .init4         0x00000216       0x1c c:/winavr-20100110/bin/../lib/gcc/avr/4.3.2/../../../../avr/lib/avr6/crtm2560.o
                0x00000216                __do_copy_data
 .init4         0x00000232       0x10 c:/winavr-20100110/bin/../lib/gcc/avr/4.3.2/avr6\libgcc.a(_clear_bss.o)
                0x00000232                __do_clear_bss
 *(.init4)
 *(.init5)
 *(.init5)
 *(.init6)
 .init6         0x00000242       0x16 c:/winavr-20100110/bin/../lib/gcc/avr/4.3.2/avr6\libgcc.a(_ctors.o)
                0x00000242                __do_global_ctors
 *(.init6)
 *(.init7)
 *(.init7)
 *(.init8)
 *(.init8)
 *(.init9)
 .init9         0x00000258        0x8 c:/winavr-20100110/bin/../lib/gcc/avr/4.3.2/../../../../avr/lib/avr6/crtm2560.o
 *(.init9)
 *(.text)
 .text          0x00000260        0x4 c:/winavr-20100110/bin/../lib/gcc/avr/4.3.2/../../../../avr/lib/avr6/crtm2560.o
                0x00000260                __vector_38
                0x00000260                __vector_22
                0x00000260                __vector_28
                0x00000260                __vector_1
                0x00000260                __vector_32
                0x00000260                __vector_34
                0x00000260                __vector_24
                0x00000260                __vector_12
                0x00000260                __vector_55
                0x00000260                __vector_46
                0x00000260                __bad_interrupt
                0x00000260                __vector_6
                0x00000260                __vector_31
                0x00000260                __vector_35
                0x00000260                __vector_39
                0x00000260                __vector_3
                0x00000260                __vector_30
                0x00000260                __vector_45
                0x00000260                __vector_11
                0x00000260                __vector_13
                0x00000260                __vector_17
                0x00000260                __vector_19
                0x00000260                __vector_56
                0x00000260                __vector_7
                0x00000260                __vector_49
                0x00000260                __vector_41
                0x00000260                __vector_43
                0x00000260                __vector_27
                0x00000260                __vector_5
                0x00000260                __vector_33
                0x00000260                __vector_47
                0x00000260                __vector_52
                0x00000260                __vector_37
                0x00000260                __vector_4
                0x00000260                __vector_44
                0x00000260                __vector_9
                0x00000260                __vector_2
                0x00000260                __vector_21
                0x00000260                __vector_15
                0x00000260                __vector_29
                0x00000260                __vector_40
                0x00000260                __vector_8
                0x00000260                __vector_26
                0x00000260                __vector_48
                0x00000260                __vector_14
                0x00000260                __vector_53
                0x00000260                __vector_10
                0x00000260                __vector_50
                0x00000260                __vector_16
                0x00000260                __vector_18
                0x00000260                __vector_20
                0x00000260                __vector_42
 .text          0x00000264        0x0 ./Main.o
 .text          0x00000264        0x2 ./Missing.o
                0x00000264                __cxa_pure_virtual
 .text          0x00000266        0x0 C:\Users\ehaskins.EHNET\Code Local\Next Robots\workspace\Arduino\Debug\libArduino.a(HardwareSerial.o)
 .text          0x00000266        0x0 C:\Users\ehaskins.EHNET\Code Local\Next Robots\workspace\Arduino\Debug\libArduino.a(Print.o)
 .text          0x00000266        0x0 C:\Users\ehaskins.EHNET\Code Local\Next Robots\workspace\Arduino\Debug\libArduino.a(WString.o)
 .text          0x00000266      0x282 C:\Users\ehaskins.EHNET\Code Local\Next Robots\workspace\Arduino\Debug\libArduino.a(wiring.o)
                0x00000266                __vector_23
                0x00000424                init
                0x00000312                micros
                0x0000035e                delay
                0x000002f6                millis
                0x00000410                delayMicroseconds
 .text          0x000004e8      0x1fc C:\Users\ehaskins.EHNET\Code Local\Next Robots\workspace\Arduino\Debug\libArduino.a(wiring_digital.o)
                0x00000684                digitalRead
                0x0000061a                digitalWrite
                0x000004e8                pinMode
 .text          0x000006e4        0x0 C:\Users\ehaskins.EHNET\Code Local\Next Robots\workspace\Arduino\Debug\libArduino.a(pins_arduino.o)
 .text          0x000006e4        0x0 c:/winavr-20100110/bin/../lib/gcc/avr/4.3.2/avr6\libgcc.a(_udivmodsi4.o)
 .text          0x000006e4        0x0 c:/winavr-20100110/bin/../lib/gcc/avr/4.3.2/avr6\libgcc.a(_exit.o)
 .text          0x000006e4        0x0 c:/winavr-20100110/bin/../lib/gcc/avr/4.3.2/avr6\libgcc.a(_clear_bss.o)
 .text          0x000006e4        0x0 c:/winavr-20100110/bin/../lib/gcc/avr/4.3.2/avr6\libgcc.a(_ctors.o)
 .text          0x000006e4       0x58 c:/winavr-20100110/bin/../lib/gcc/avr/4.3.2/avr6\libgcc.a(_fixunssfsi.o)
                0x000006e4                __fixunssfsi
 .text          0x0000073c      0x354 c:/winavr-20100110/bin/../lib/gcc/avr/4.3.2/avr6\libgcc.a(_addsub_sf.o)
                0x000009d4                __subsf3
                0x00000a36                __addsf3
 .text          0x00000a90      0x1f4 c:/winavr-20100110/bin/../lib/gcc/avr/4.3.2/avr6\libgcc.a(_mul_sf.o)
                0x00000a90                __mulsf3
 .text          0x00000c84      0x158 c:/winavr-20100110/bin/../lib/gcc/avr/4.3.2/avr6\libgcc.a(_div_sf.o)
                0x00000c84                __divsf3
 .text          0x00000ddc       0x60 c:/winavr-20100110/bin/../lib/gcc/avr/4.3.2/avr6\libgcc.a(_ge_sf.o)
                0x00000ddc                __gesf2
 .text          0x00000e3c       0x60 c:/winavr-20100110/bin/../lib/gcc/avr/4.3.2/avr6\libgcc.a(_lt_sf.o)
                0x00000e3c                __ltsf2
 .text          0x00000e9c       0xbc c:/winavr-20100110/bin/../lib/gcc/avr/4.3.2/avr6\libgcc.a(_si_to_sf.o)
                0x00000e9c                __floatsisf
 .text          0x00000f58       0xa8 c:/winavr-20100110/bin/../lib/gcc/avr/4.3.2/avr6\libgcc.a(_sf_to_si.o)
                0x00000f58                __fixsfsi
 .text          0x00001000        0x0 c:/winavr-20100110/bin/../lib/gcc/avr/4.3.2/avr6\libgcc.a(_thenan_sf.o)
 .text          0x00001000       0xf2 c:/winavr-20100110/bin/../lib/gcc/avr/4.3.2/avr6\libgcc.a(_usi_to_sf.o)
                0x00001000                __floatunsisf
 .text          0x000010f2        0x0 c:/winavr-20100110/bin/../lib/gcc/avr/4.3.2/avr6\libgcc.a(_prologue.o)
 .text          0x000010f2        0x0 c:/winavr-20100110/bin/../lib/gcc/avr/4.3.2/avr6\libgcc.a(_epilogue.o)
 .text          0x000010f2        0x0 c:/winavr-20100110/bin/../lib/gcc/avr/4.3.2/avr6\libgcc.a(_tablejump.o)
 .text          0x000010f2       0x9e c:/winavr-20100110/bin/../lib/gcc/avr/4.3.2/avr6\libgcc.a(_clzsi2.o)
                0x000010f2                __clzsi2
 .text          0x00001190      0x1aa c:/winavr-20100110/bin/../lib/gcc/avr/4.3.2/avr6\libgcc.a(_pack_sf.o)
                0x00001190                __pack_f
 .text          0x0000133a       0xf0 c:/winavr-20100110/bin/../lib/gcc/avr/4.3.2/avr6\libgcc.a(_unpack_sf.o)
                0x0000133a                __unpack_f
 .text          0x0000142a       0xb2 c:/winavr-20100110/bin/../lib/gcc/avr/4.3.2/avr6\libgcc.a(_fpcmp_parts_sf.o)
                0x0000142a                __fpcmp_parts_f
 .text          0x000014dc        0x0 c:/winavr-20100110/bin/../lib/gcc/avr/4.3.2/avr6\libgcc.a(_clz.o)
 .text          0x000014dc      0x204 c:/winavr-20100110/bin/../lib/gcc/avr/4.3.2/../../../../avr/lib/avr6\libc.a(malloc.o)
                0x000014dc                malloc
                0x00001630                free
 .text          0x000016e0      0x1aa c:/winavr-20100110/bin/../lib/gcc/avr/4.3.2/../../../../avr/lib/avr6\libc.a(realloc.o)
                0x000016e0                realloc
 .text          0x0000188a       0x4e c:/winavr-20100110/bin/../lib/gcc/avr/4.3.2/../../../../avr/lib/avr6\libc.a(atol.o)
                0x0000188a                atol
 .text          0x000018d8        0x0 c:/winavr-20100110/bin/../lib/gcc/avr/4.3.2/../../../../avr/lib/avr6\libc.a(isspace.o)
 .text          0x000018d8        0x0 c:/winavr-20100110/bin/../lib/gcc/avr/4.3.2/../../../../avr/lib/avr6\libc.a(tolower.o)
 .text          0x000018d8        0x0 c:/winavr-20100110/bin/../lib/gcc/avr/4.3.2/../../../../avr/lib/avr6\libc.a(toupper.o)
 .text          0x000018d8       0x12 c:/winavr-20100110/bin/../lib/gcc/avr/4.3.2/../../../../avr/lib/avr6\libc.a(memcpy.o)
                0x000018d8                memcpy
 .text          0x000018ea       0x16 c:/winavr-20100110/bin/../lib/gcc/avr/4.3.2/../../../../avr/lib/avr6\libc.a(strcat.o)
                0x000018ea                strcat
 .text          0x00001900       0x16 c:/winavr-20100110/bin/../lib/gcc/avr/4.3.2/../../../../avr/lib/avr6\libc.a(strchr.o)
                0x00001900                strchr
 .text          0x00001916       0x12 c:/winavr-20100110/bin/../lib/gcc/avr/4.3.2/../../../../avr/lib/avr6\libc.a(strcmp.o)
                0x00001916                strcmp
 .text          0x00001928        0xe c:/winavr-20100110/bin/../lib/gcc/avr/4.3.2/../../../../avr/lib/avr6\libc.a(strcpy.o)
                0x00001928                strcpy
 .text          0x00001936       0x1c c:/winavr-20100110/bin/../lib/gcc/avr/4.3.2/../../../../avr/lib/avr6\libc.a(strncmp.o)
                0x00001936                strncmp
 .text          0x00001952       0x1e c:/winavr-20100110/bin/../lib/gcc/avr/4.3.2/../../../../avr/lib/avr6\libc.a(strncpy.o)
                0x00001952                strncpy
 .text          0x00001970       0x16 c:/winavr-20100110/bin/../lib/gcc/avr/4.3.2/../../../../avr/lib/avr6\libc.a(strrchr.o)
                0x00001970                strrchr
 .text          0x00001986       0x34 c:/winavr-20100110/bin/../lib/gcc/avr/4.3.2/../../../../avr/lib/avr6\libc.a(strstr.o)
                0x00001986                strstr
 .text          0x000019ba       0x42 c:/winavr-20100110/bin/../lib/gcc/avr/4.3.2/../../../../avr/lib/avr6\libc.a(itoa.o)
                0x000019ba                itoa
 .text          0x000019fc       0x68 c:/winavr-20100110/bin/../lib/gcc/avr/4.3.2/../../../../avr/lib/avr6\libc.a(ltoa.o)
                0x000019fc                ltoa
 .text          0x00001a64       0x2a c:/winavr-20100110/bin/../lib/gcc/avr/4.3.2/../../../../avr/lib/avr6\libc.a(mulsi10.o)
                0x00001a64                __mulsi_const_10
 .text          0x00001a8e       0x4a c:/winavr-20100110/bin/../lib/gcc/avr/4.3.2/../../../../avr/lib/avr6\libc.a(ultoa.o)
                0x00001a8e                ultoa
 .text          0x00001ad8        0x0 c:/winavr-20100110/bin/../lib/gcc/avr/4.3.2/../../../../avr/lib/avr6\libc.a(cty_isfalse.o)
 .text          0x00001ad8       0x20 c:/winavr-20100110/bin/../lib/gcc/avr/4.3.2/../../../../avr/lib/avr6\libc.a(strrev.o)
                0x00001ad8                strrev
 .text          0x00001af8        0x0 c:/winavr-20100110/bin/../lib/gcc/avr/4.3.2/avr6\libgcc.a(_udivmodhi4.o)
                0x00001af8                . = ALIGN (0x2)
 *(.text.*)
 .text.main     0x00001af8       0x52 ./Main.o
                0x00001af8                main
 .text.__vector_25
                0x00001b4a       0x6a C:\Users\ehaskins.EHNET\Code Local\Next Robots\workspace\Arduino\Debug\libArduino.a(HardwareSerial.o)
                0x00001b4a                __vector_25
 .text.__vector_36
                0x00001bb4       0x6a C:\Users\ehaskins.EHNET\Code Local\Next Robots\workspace\Arduino\Debug\libArduino.a(HardwareSerial.o)
                0x00001bb4                __vector_36
 .text.__vector_51
                0x00001c1e       0x6a C:\Users\ehaskins.EHNET\Code Local\Next Robots\workspace\Arduino\Debug\libArduino.a(HardwareSerial.o)
                0x00001c1e                __vector_51
 .text.__vector_54
                0x00001c88       0x6a C:\Users\ehaskins.EHNET\Code Local\Next Robots\workspace\Arduino\Debug\libArduino.a(HardwareSerial.o)
                0x00001c88                __vector_54
 .text._ZN14HardwareSerialC2EP11ring_bufferPVhS3_S3_S3_S3_hhhhh
                0x00001cf2       0x60 C:\Users\ehaskins.EHNET\Code Local\Next Robots\workspace\Arduino\Debug\libArduino.a(HardwareSerial.o)
                0x00001cf2                HardwareSerial::HardwareSerial(ring_buffer*, unsigned char volatile*, unsigned char volatile*, unsigned char volatile*, unsigned char volatile*, unsigned char volatile*, unsigned char, unsigned char, unsigned char, unsigned char, unsigned char)
 .text._ZN14HardwareSerialC1EP11ring_bufferPVhS3_S3_S3_S3_hhhhh
                0x00001d52       0x60 C:\Users\ehaskins.EHNET\Code Local\Next Robots\workspace\Arduino\Debug\libArduino.a(HardwareSerial.o)
                0x00001d52                HardwareSerial::HardwareSerial(ring_buffer*, unsigned char volatile*, unsigned char volatile*, unsigned char volatile*, unsigned char volatile*, unsigned char volatile*, unsigned char, unsigned char, unsigned char, unsigned char, unsigned char)
 .text._ZN14HardwareSerial5beginEl
                0x00001db2       0xb2 C:\Users\ehaskins.EHNET\Code Local\Next Robots\workspace\Arduino\Debug\libArduino.a(HardwareSerial.o)
                0x00001db2                HardwareSerial::begin(long)
 .text._ZN14HardwareSerial3endEv
                0x00001e64       0x54 C:\Users\ehaskins.EHNET\Code Local\Next Robots\workspace\Arduino\Debug\libArduino.a(HardwareSerial.o)
                0x00001e64                HardwareSerial::end()
 .text._ZN14HardwareSerial9availableEv
                0x00001eb8       0x22 C:\Users\ehaskins.EHNET\Code Local\Next Robots\workspace\Arduino\Debug\libArduino.a(HardwareSerial.o)
                0x00001eb8                HardwareSerial::available()
 .text._ZN14HardwareSerial4peekEv
                0x00001eda       0x34 C:\Users\ehaskins.EHNET\Code Local\Next Robots\workspace\Arduino\Debug\libArduino.a(HardwareSerial.o)
                0x00001eda                HardwareSerial::peek()
 .text._ZN14HardwareSerial4readEv
                0x00001f0e       0x48 C:\Users\ehaskins.EHNET\Code Local\Next Robots\workspace\Arduino\Debug\libArduino.a(HardwareSerial.o)
                0x00001f0e                HardwareSerial::read()
 .text._ZN14HardwareSerial5flushEv
                0x00001f56       0x18 C:\Users\ehaskins.EHNET\Code Local\Next Robots\workspace\Arduino\Debug\libArduino.a(HardwareSerial.o)
                0x00001f56                HardwareSerial::flush()
 .text._ZN14HardwareSerial5writeEh
                0x00001f6e       0x26 C:\Users\ehaskins.EHNET\Code Local\Next Robots\workspace\Arduino\Debug\libArduino.a(HardwareSerial.o)
                0x00001f6e                HardwareSerial::write(unsigned char)
 .text._GLOBAL__I_rx_buffer
                0x00001f94      0x1a0 C:\Users\ehaskins.EHNET\Code Local\Next Robots\workspace\Arduino\Debug\libArduino.a(HardwareSerial.o)
 .text._ZN5Print5writeEPKc
                0x00002134       0x30 C:\Users\ehaskins.EHNET\Code Local\Next Robots\workspace\Arduino\Debug\libArduino.a(Print.o)
                0x00002134                Print::write(char const*)
 .text._ZN5Print5writeEPKhj
                0x00002164       0x3e C:\Users\ehaskins.EHNET\Code Local\Next Robots\workspace\Arduino\Debug\libArduino.a(Print.o)
                0x00002164                Print::write(unsigned char const*, unsigned int)
 .text._ZN5Print5printEPKc
                0x000021a2       0x10 C:\Users\ehaskins.EHNET\Code Local\Next Robots\workspace\Arduino\Debug\libArduino.a(Print.o)
                0x000021a2                Print::print(char const*)
 .text._ZN5Print5printERK6String
                0x000021b2       0x54 C:\Users\ehaskins.EHNET\Code Local\Next Robots\workspace\Arduino\Debug\libArduino.a(Print.o)
                0x000021b2                Print::print(String const&)
 .text._ZN5Print11printNumberEmh
                0x00002206      0x130 C:\Users\ehaskins.EHNET\Code Local\Next Robots\workspace\Arduino\Debug\libArduino.a(Print.o)
                0x00002206                Print::printNumber(unsigned long, unsigned char)
 .text._ZN5Print5printEmi
                0x00002336       0x1e C:\Users\ehaskins.EHNET\Code Local\Next Robots\workspace\Arduino\Debug\libArduino.a(Print.o)
                0x00002336                Print::print(unsigned long, int)
 .text._ZN5Print5printEji
                0x00002354       0x22 C:\Users\ehaskins.EHNET\Code Local\Next Robots\workspace\Arduino\Debug\libArduino.a(Print.o)
                0x00002354                Print::print(unsigned int, int)
 .text._ZN5Print5printEhi
                0x00002376       0x24 C:\Users\ehaskins.EHNET\Code Local\Next Robots\workspace\Arduino\Debug\libArduino.a(Print.o)
                0x00002376                Print::print(unsigned char, int)
 .text._ZN5Print5printEli
                0x0000239a       0x6c C:\Users\ehaskins.EHNET\Code Local\Next Robots\workspace\Arduino\Debug\libArduino.a(Print.o)
                0x0000239a                Print::print(long, int)
 .text._ZN5Print5printEii
                0x00002406       0x26 C:\Users\ehaskins.EHNET\Code Local\Next Robots\workspace\Arduino\Debug\libArduino.a(Print.o)
                0x00002406                Print::print(int, int)
 .text._ZN5Print5printEci
                0x0000242c       0x24 C:\Users\ehaskins.EHNET\Code Local\Next Robots\workspace\Arduino\Debug\libArduino.a(Print.o)
                0x0000242c                Print::print(char, int)
 .text._ZN5Print7printlnEv
                0x00002450       0x2e C:\Users\ehaskins.EHNET\Code Local\Next Robots\workspace\Arduino\Debug\libArduino.a(Print.o)
                0x00002450                Print::println()
 .text._ZN5Print7printlnEmi
                0x0000247e       0x16 C:\Users\ehaskins.EHNET\Code Local\Next Robots\workspace\Arduino\Debug\libArduino.a(Print.o)
                0x0000247e                Print::println(unsigned long, int)
 .text._ZN5Print7printlnEji
                0x00002494       0x32 C:\Users\ehaskins.EHNET\Code Local\Next Robots\workspace\Arduino\Debug\libArduino.a(Print.o)
                0x00002494                Print::println(unsigned int, int)
 .text._ZN5Print7printlnEhi
                0x000024c6       0x34 C:\Users\ehaskins.EHNET\Code Local\Next Robots\workspace\Arduino\Debug\libArduino.a(Print.o)
                0x000024c6                Print::println(unsigned char, int)
 .text._ZN5Print7printlnEPKc
                0x000024fa       0x16 C:\Users\ehaskins.EHNET\Code Local\Next Robots\workspace\Arduino\Debug\libArduino.a(Print.o)
                0x000024fa                Print::println(char const*)
 .text._ZN5Print7printlnERK6String
                0x00002510       0x16 C:\Users\ehaskins.EHNET\Code Local\Next Robots\workspace\Arduino\Debug\libArduino.a(Print.o)
                0x00002510                Print::println(String const&)
 .text._ZN5Print7printlnEli
                0x00002526       0x16 C:\Users\ehaskins.EHNET\Code Local\Next Robots\workspace\Arduino\Debug\libArduino.a(Print.o)
                0x00002526                Print::println(long, int)
 .text._ZN5Print7printlnEii
                0x0000253c       0x36 C:\Users\ehaskins.EHNET\Code Local\Next Robots\workspace\Arduino\Debug\libArduino.a(Print.o)
                0x0000253c                Print::println(int, int)
 .text._ZN5Print7printlnEci
                0x00002572       0x34 C:\Users\ehaskins.EHNET\Code Local\Next Robots\workspace\Arduino\Debug\libArduino.a(Print.o)
                0x00002572                Print::println(char, int)
 .text._ZN5Print10printFloatEdh
                0x000025a6      0x118 C:\Users\ehaskins.EHNET\Code Local\Next Robots\workspace\Arduino\Debug\libArduino.a(Print.o)
                0x000025a6                Print::printFloat(double, unsigned char)
 .text._ZN5Print5printEdi
                0x000026be        0x6 C:\Users\ehaskins.EHNET\Code Local\Next Robots\workspace\Arduino\Debug\libArduino.a(Print.o)
                0x000026be                Print::print(double, int)
 .text._ZN5Print7printlnEdi
                0x000026c4       0x16 C:\Users\ehaskins.EHNET\Code Local\Next Robots\workspace\Arduino\Debug\libArduino.a(Print.o)
                0x000026c4                Print::println(double, int)
 .text._ZNK6String6charAtEj
                0x000026da       0x10 C:\Users\ehaskins.EHNET\Code Local\Next Robots\workspace\Arduino\Debug\libArduino.a(WString.o)
                0x000026da                String::charAt(unsigned int) const
 .text._ZN6String9setCharAtEjc
                0x000026ea       0x22 C:\Users\ehaskins.EHNET\Code Local\Next Robots\workspace\Arduino\Debug\libArduino.a(WString.o)
                0x000026ea                String::setCharAt(unsigned int, char)
 .text._ZN6StringixEj
                0x0000270c       0x2a C:\Users\ehaskins.EHNET\Code Local\Next Robots\workspace\Arduino\Debug\libArduino.a(WString.o)
                0x0000270c                String::operator[](unsigned int)
 .text._ZNK6StringixEj
                0x00002736       0x10 C:\Users\ehaskins.EHNET\Code Local\Next Robots\workspace\Arduino\Debug\libArduino.a(WString.o)
                0x00002736                String::operator[](unsigned int) const
 .text._ZN6String5toIntEv
                0x00002746        0xc C:\Users\ehaskins.EHNET\Code Local\Next Robots\workspace\Arduino\Debug\libArduino.a(WString.o)
                0x00002746                String::toInt()
 .text._ZN6String11toCharArrayEPcj
                0x00002752       0x44 C:\Users\ehaskins.EHNET\Code Local\Next Robots\workspace\Arduino\Debug\libArduino.a(WString.o)
                0x00002752                String::toCharArray(char*, unsigned int)
 .text._ZN6String8getBytesEPhj
                0x00002796       0x44 C:\Users\ehaskins.EHNET\Code Local\Next Robots\workspace\Arduino\Debug\libArduino.a(WString.o)
                0x00002796                String::getBytes(unsigned char*, unsigned int)
 .text._ZN6StringD1Ev
                0x000027da       0x20 C:\Users\ehaskins.EHNET\Code Local\Next Robots\workspace\Arduino\Debug\libArduino.a(WString.o)
                0x000027da                String::~String()
 .text._ZNK6String10startsWithERKS_j
                0x000027fa       0x3c C:\Users\ehaskins.EHNET\Code Local\Next Robots\workspace\Arduino\Debug\libArduino.a(WString.o)
                0x000027fa                String::startsWith(String const&, unsigned int) const
 .text._ZNK6String10startsWithERKS_
                0x00002836       0x26 C:\Users\ehaskins.EHNET\Code Local\Next Robots\workspace\Arduino\Debug\libArduino.a(WString.o)
                0x00002836                String::startsWith(String const&) const
 .text._ZNK6String11lastIndexOfEcj
                0x0000285c       0x6a C:\Users\ehaskins.EHNET\Code Local\Next Robots\workspace\Arduino\Debug\libArduino.a(WString.o)
                0x0000285c                String::lastIndexOf(char, unsigned int) const
 .text._ZNK6String11lastIndexOfEc
                0x000028c6       0x10 C:\Users\ehaskins.EHNET\Code Local\Next Robots\workspace\Arduino\Debug\libArduino.a(WString.o)
                0x000028c6                String::lastIndexOf(char) const
 .text._ZNK6String7indexOfERKS_j
                0x000028d6       0x3c C:\Users\ehaskins.EHNET\Code Local\Next Robots\workspace\Arduino\Debug\libArduino.a(WString.o)
                0x000028d6                String::indexOf(String const&, unsigned int) const
 .text._ZNK6String7indexOfERKS_
                0x00002912        0xa C:\Users\ehaskins.EHNET\Code Local\Next Robots\workspace\Arduino\Debug\libArduino.a(WString.o)
                0x00002912                String::indexOf(String const&) const
 .text._ZNK6String7indexOfEcj
                0x0000291c       0x38 C:\Users\ehaskins.EHNET\Code Local\Next Robots\workspace\Arduino\Debug\libArduino.a(WString.o)
                0x0000291c                String::indexOf(char, unsigned int) const
 .text._ZNK6String7indexOfEc
                0x00002954        0xa C:\Users\ehaskins.EHNET\Code Local\Next Robots\workspace\Arduino\Debug\libArduino.a(WString.o)
                0x00002954                String::indexOf(char) const
 .text._ZNK6String6equalsERKS_
                0x0000295e       0x32 C:\Users\ehaskins.EHNET\Code Local\Next Robots\workspace\Arduino\Debug\libArduino.a(WString.o)
                0x0000295e                String::equals(String const&) const
 .text._ZNK6String8endsWithERKS_
                0x00002990       0x3a C:\Users\ehaskins.EHNET\Code Local\Next Robots\workspace\Arduino\Debug\libArduino.a(WString.o)
                0x00002990                String::endsWith(String const&) const
 .text._ZNK6StringgeERKS_
                0x000029ca       0x28 C:\Users\ehaskins.EHNET\Code Local\Next Robots\workspace\Arduino\Debug\libArduino.a(WString.o)
                0x000029ca                String::operator>=(String const&) const
 .text._ZNK6StringleERKS_
                0x000029f2       0x22 C:\Users\ehaskins.EHNET\Code Local\Next Robots\workspace\Arduino\Debug\libArduino.a(WString.o)
                0x000029f2                String::operator<=(String const&) const
 .text._ZNK6StringgtERKS_
                0x00002a14       0x22 C:\Users\ehaskins.EHNET\Code Local\Next Robots\workspace\Arduino\Debug\libArduino.a(WString.o)
                0x00002a14                String::operator>(String const&) const
 .text._ZNK6StringltERKS_
                0x00002a36       0x24 C:\Users\ehaskins.EHNET\Code Local\Next Robots\workspace\Arduino\Debug\libArduino.a(WString.o)
                0x00002a36                String::operator<(String const&) const
 .text._ZNK6StringneERKS_
                0x00002a5a       0x30 C:\Users\ehaskins.EHNET\Code Local\Next Robots\workspace\Arduino\Debug\libArduino.a(WString.o)
                0x00002a5a                String::operator!=(String const&) const
 .text._ZNK6StringeqERKS_
                0x00002a8a       0x34 C:\Users\ehaskins.EHNET\Code Local\Next Robots\workspace\Arduino\Debug\libArduino.a(WString.o)
                0x00002a8a                String::operator==(String const&) const
 .text._ZNK6String9compareToERKS_
                0x00002abe       0x12 C:\Users\ehaskins.EHNET\Code Local\Next Robots\workspace\Arduino\Debug\libArduino.a(WString.o)
                0x00002abe                String::compareTo(String const&) const
 .text._ZN6StringpLERKS_
                0x00002ad0       0x70 C:\Users\ehaskins.EHNET\Code Local\Next Robots\workspace\Arduino\Debug\libArduino.a(WString.o)
                0x00002ad0                String::operator+=(String const&)
 .text._ZN6String6concatERKS_
                0x00002b40        0x6 C:\Users\ehaskins.EHNET\Code Local\Next Robots\workspace\Arduino\Debug\libArduino.a(WString.o)
                0x00002b40                String::concat(String const&)
 .text._ZN6String9getBufferEj
                0x00002b46       0x28 C:\Users\ehaskins.EHNET\Code Local\Next Robots\workspace\Arduino\Debug\libArduino.a(WString.o)
                0x00002b46                String::getBuffer(unsigned int)
 .text._ZN6StringaSERKS_
                0x00002b6e       0x60 C:\Users\ehaskins.EHNET\Code Local\Next Robots\workspace\Arduino\Debug\libArduino.a(WString.o)
                0x00002b6e                String::operator=(String const&)
 .text._ZN6StringC1Eh
                0x00002bce       0x34 C:\Users\ehaskins.EHNET\Code Local\Next Robots\workspace\Arduino\Debug\libArduino.a(WString.o)
                0x00002bce                String::String(unsigned char)
 .text._ZN6StringC2Eh
                0x00002c02       0x34 C:\Users\ehaskins.EHNET\Code Local\Next Robots\workspace\Arduino\Debug\libArduino.a(WString.o)
                0x00002c02                String::String(unsigned char)
 .text._ZN6StringC1Ec
                0x00002c36       0x34 C:\Users\ehaskins.EHNET\Code Local\Next Robots\workspace\Arduino\Debug\libArduino.a(WString.o)
                0x00002c36                String::String(char)
 .text._ZN6StringC2Ec
                0x00002c6a       0x34 C:\Users\ehaskins.EHNET\Code Local\Next Robots\workspace\Arduino\Debug\libArduino.a(WString.o)
                0x00002c6a                String::String(char)
 .text._ZN6StringC1ERKS_
                0x00002c9e       0x36 C:\Users\ehaskins.EHNET\Code Local\Next Robots\workspace\Arduino\Debug\libArduino.a(WString.o)
                0x00002c9e                String::String(String const&)
 .text._ZN6StringC2ERKS_
                0x00002cd4       0x36 C:\Users\ehaskins.EHNET\Code Local\Next Robots\workspace\Arduino\Debug\libArduino.a(WString.o)
                0x00002cd4                String::String(String const&)
 .text._ZN6StringC1Emi
                0x00002d0a       0x7e C:\Users\ehaskins.EHNET\Code Local\Next Robots\workspace\Arduino\Debug\libArduino.a(WString.o)
                0x00002d0a                String::String(unsigned long, int)
 .text._ZN6StringC2Emi
                0x00002d88       0x7e C:\Users\ehaskins.EHNET\Code Local\Next Robots\workspace\Arduino\Debug\libArduino.a(WString.o)
                0x00002d88                String::String(unsigned long, int)
 .text._ZN6StringC1Eji
                0x00002e06       0x7c C:\Users\ehaskins.EHNET\Code Local\Next Robots\workspace\Arduino\Debug\libArduino.a(WString.o)
                0x00002e06                String::String(unsigned int, int)
 .text._ZN6StringC2Eji
                0x00002e82       0x7c C:\Users\ehaskins.EHNET\Code Local\Next Robots\workspace\Arduino\Debug\libArduino.a(WString.o)
                0x00002e82                String::String(unsigned int, int)
 .text._ZN6StringC1EPKc
                0x00002efe       0x50 C:\Users\ehaskins.EHNET\Code Local\Next Robots\workspace\Arduino\Debug\libArduino.a(WString.o)
                0x00002efe                String::String(char const*)
 .text._ZNK6String11toUpperCaseEv
                0x00002f4e       0x72 C:\Users\ehaskins.EHNET\Code Local\Next Robots\workspace\Arduino\Debug\libArduino.a(WString.o)
                0x00002f4e                String::toUpperCase() const
 .text._ZNK6String11toLowerCaseEv
                0x00002fc0       0x72 C:\Users\ehaskins.EHNET\Code Local\Next Robots\workspace\Arduino\Debug\libArduino.a(WString.o)
                0x00002fc0                String::toLowerCase() const
 .text._ZNK6String16equalsIgnoreCaseERKS_
                0x00003032       0x98 C:\Users\ehaskins.EHNET\Code Local\Next Robots\workspace\Arduino\Debug\libArduino.a(WString.o)
                0x00003032                String::equalsIgnoreCase(String const&) const
 .text._ZNK6String9substringEjj
                0x000030ca       0x6e C:\Users\ehaskins.EHNET\Code Local\Next Robots\workspace\Arduino\Debug\libArduino.a(WString.o)
                0x000030ca                String::substring(unsigned int, unsigned int) const
 .text._ZNK6String9substringEj
                0x00003138       0x18 C:\Users\ehaskins.EHNET\Code Local\Next Robots\workspace\Arduino\Debug\libArduino.a(WString.o)
                0x00003138                String::substring(unsigned int) const
 .text._ZNK6String11lastIndexOfERKS_j
                0x00003150       0xc8 C:\Users\ehaskins.EHNET\Code Local\Next Robots\workspace\Arduino\Debug\libArduino.a(WString.o)
                0x00003150                String::lastIndexOf(String const&, unsigned int) const
 .text._ZNK6String11lastIndexOfERKS_
                0x00003218       0x1c C:\Users\ehaskins.EHNET\Code Local\Next Robots\workspace\Arduino\Debug\libArduino.a(WString.o)
                0x00003218                String::lastIndexOf(String const&) const
 .text._ZNK6String4trimEv
                0x00003234       0xd4 C:\Users\ehaskins.EHNET\Code Local\Next Robots\workspace\Arduino\Debug\libArduino.a(WString.o)
                0x00003234                String::trim() const
 .text._ZN6String7replaceERKS_S1_
                0x00003308      0x136 C:\Users\ehaskins.EHNET\Code Local\Next Robots\workspace\Arduino\Debug\libArduino.a(WString.o)
                0x00003308                String::replace(String const&, String const&)
 .text._ZN6String7replaceEcc
                0x0000343e       0x7c C:\Users\ehaskins.EHNET\Code Local\Next Robots\workspace\Arduino\Debug\libArduino.a(WString.o)
                0x0000343e                String::replace(char, char)
 .text._ZN6StringC2EPKc
                0x000034ba       0x50 C:\Users\ehaskins.EHNET\Code Local\Next Robots\workspace\Arduino\Debug\libArduino.a(WString.o)
                0x000034ba                String::String(char const*)
 .text._ZN6StringC1Eli
                0x0000350a       0x7a C:\Users\ehaskins.EHNET\Code Local\Next Robots\workspace\Arduino\Debug\libArduino.a(WString.o)
                0x0000350a                String::String(long, int)
 .text._ZN6StringC2Eli
                0x00003584       0x7a C:\Users\ehaskins.EHNET\Code Local\Next Robots\workspace\Arduino\Debug\libArduino.a(WString.o)
                0x00003584                String::String(long, int)
 .text._ZN6StringC1Eii
                0x000035fe       0x78 C:\Users\ehaskins.EHNET\Code Local\Next Robots\workspace\Arduino\Debug\libArduino.a(WString.o)
                0x000035fe                String::String(int, int)
 .text._ZN6StringC2Eii
                0x00003676       0x78 C:\Users\ehaskins.EHNET\Code Local\Next Robots\workspace\Arduino\Debug\libArduino.a(WString.o)
                0x00003676                String::String(int, int)
 .text.libgcc   0x000036ee       0x44 c:/winavr-20100110/bin/../lib/gcc/avr/4.3.2/avr6\libgcc.a(_udivmodsi4.o)
                0x000036ee                __udivmodsi4
 .text.libgcc   0x00003732        0x0 c:/winavr-20100110/bin/../lib/gcc/avr/4.3.2/avr6\libgcc.a(_exit.o)
 .text.libgcc   0x00003732        0x0 c:/winavr-20100110/bin/../lib/gcc/avr/4.3.2/avr6\libgcc.a(_clear_bss.o)
 .text.libgcc   0x00003732        0x0 c:/winavr-20100110/bin/../lib/gcc/avr/4.3.2/avr6\libgcc.a(_ctors.o)
 .text.libgcc   0x00003732       0x38 c:/winavr-20100110/bin/../lib/gcc/avr/4.3.2/avr6\libgcc.a(_prologue.o)
                0x00003732                __prologue_saves__
 .text.libgcc   0x0000376a       0x36 c:/winavr-20100110/bin/../lib/gcc/avr/4.3.2/avr6\libgcc.a(_epilogue.o)
                0x0000376a                __epilogue_restores__
 .text.libgcc   0x000037a0        0xc c:/winavr-20100110/bin/../lib/gcc/avr/4.3.2/avr6\libgcc.a(_tablejump.o)
                0x000037a4                __tablejump__
                0x000037a0                __tablejump2__
 .text.ctype    0x000037ac       0x10 c:/winavr-20100110/bin/../lib/gcc/avr/4.3.2/../../../../avr/lib/avr6\libc.a(isspace.o)
                0x000037ac                isspace
 .text.ctype    0x000037bc       0x10 c:/winavr-20100110/bin/../lib/gcc/avr/4.3.2/../../../../avr/lib/avr6\libc.a(tolower.o)
                0x000037bc                tolower
 .text.ctype    0x000037cc       0x10 c:/winavr-20100110/bin/../lib/gcc/avr/4.3.2/../../../../avr/lib/avr6\libc.a(toupper.o)
                0x000037cc                toupper
 .text.ctype    0x000037dc        0x6 c:/winavr-20100110/bin/../lib/gcc/avr/4.3.2/../../../../avr/lib/avr6\libc.a(cty_isfalse.o)
                0x000037e0                __ctype_istrue
                0x000037dc                __ctype_isfalse
 .text.libgcc   0x000037e2       0x28 c:/winavr-20100110/bin/../lib/gcc/avr/4.3.2/avr6\libgcc.a(_udivmodhi4.o)
                0x000037e2                __udivmodhi4
                0x0000380a                . = ALIGN (0x2)
 *(.fini9)
 .fini9         0x0000380a        0x0 c:/winavr-20100110/bin/../lib/gcc/avr/4.3.2/avr6\libgcc.a(_exit.o)
                0x0000380a                exit
                0x0000380a                _exit
 *(.fini9)
 *(.fini8)
 *(.fini8)
 *(.fini7)
 *(.fini7)
 *(.fini6)
 *(.fini6)
 *(.fini5)
 *(.fini5)
 *(.fini4)
 *(.fini4)
 *(.fini3)
 *(.fini3)
 *(.fini2)
 *(.fini2)
 *(.fini1)
 *(.fini1)
 *(.fini0)
 .fini0         0x0000380a        0x4 c:/winavr-20100110/bin/../lib/gcc/avr/4.3.2/avr6\libgcc.a(_exit.o)
 *(.fini0)
                0x0000380e                _etext = .

.data           0x00800200      0x146 load address 0x0000380e
                0x00800200                PROVIDE (__data_start, .)
 *(.data)
 .data          0x00800200        0x0 c:/winavr-20100110/bin/../lib/gcc/avr/4.3.2/../../../../avr/lib/avr6/crtm2560.o
 .data          0x00800200        0x7 ./Main.o
 .data          0x00800207        0x0 ./Missing.o
 .data          0x00800207        0x0 C:\Users\ehaskins.EHNET\Code Local\Next Robots\workspace\Arduino\Debug\libArduino.a(HardwareSerial.o)
 .data          0x00800207        0x2 C:\Users\ehaskins.EHNET\Code Local\Next Robots\workspace\Arduino\Debug\libArduino.a(Print.o)
 .data          0x00800209        0x1 C:\Users\ehaskins.EHNET\Code Local\Next Robots\workspace\Arduino\Debug\libArduino.a(WString.o)
 .data          0x0080020a        0x0 C:\Users\ehaskins.EHNET\Code Local\Next Robots\workspace\Arduino\Debug\libArduino.a(wiring.o)
 .data          0x0080020a        0x0 C:\Users\ehaskins.EHNET\Code Local\Next Robots\workspace\Arduino\Debug\libArduino.a(wiring_digital.o)
 .data          0x0080020a        0x0 C:\Users\ehaskins.EHNET\Code Local\Next Robots\workspace\Arduino\Debug\libArduino.a(pins_arduino.o)
 .data          0x0080020a        0x0 c:/winavr-20100110/bin/../lib/gcc/avr/4.3.2/avr6\libgcc.a(_udivmodsi4.o)
 .data          0x0080020a        0x0 c:/winavr-20100110/bin/../lib/gcc/avr/4.3.2/avr6\libgcc.a(_exit.o)
 .data          0x0080020a        0x0 c:/winavr-20100110/bin/../lib/gcc/avr/4.3.2/avr6\libgcc.a(_clear_bss.o)
 .data          0x0080020a        0x0 c:/winavr-20100110/bin/../lib/gcc/avr/4.3.2/avr6\libgcc.a(_ctors.o)
 .data          0x0080020a        0x0 c:/winavr-20100110/bin/../lib/gcc/avr/4.3.2/avr6\libgcc.a(_fixunssfsi.o)
 .data          0x0080020a        0x0 c:/winavr-20100110/bin/../lib/gcc/avr/4.3.2/avr6\libgcc.a(_addsub_sf.o)
 .data          0x0080020a        0x0 c:/winavr-20100110/bin/../lib/gcc/avr/4.3.2/avr6\libgcc.a(_mul_sf.o)
 .data          0x0080020a        0x0 c:/winavr-20100110/bin/../lib/gcc/avr/4.3.2/avr6\libgcc.a(_div_sf.o)
 .data          0x0080020a        0x0 c:/winavr-20100110/bin/../lib/gcc/avr/4.3.2/avr6\libgcc.a(_ge_sf.o)
 .data          0x0080020a        0x0 c:/winavr-20100110/bin/../lib/gcc/avr/4.3.2/avr6\libgcc.a(_lt_sf.o)
 .data          0x0080020a        0x0 c:/winavr-20100110/bin/../lib/gcc/avr/4.3.2/avr6\libgcc.a(_si_to_sf.o)
 .data          0x0080020a        0x0 c:/winavr-20100110/bin/../lib/gcc/avr/4.3.2/avr6\libgcc.a(_sf_to_si.o)
 .data          0x0080020a        0x8 c:/winavr-20100110/bin/../lib/gcc/avr/4.3.2/avr6\libgcc.a(_thenan_sf.o)
                0x0080020a                __thenan_sf
 .data          0x00800212        0x0 c:/winavr-20100110/bin/../lib/gcc/avr/4.3.2/avr6\libgcc.a(_usi_to_sf.o)
 .data          0x00800212        0x0 c:/winavr-20100110/bin/../lib/gcc/avr/4.3.2/avr6\libgcc.a(_prologue.o)
 .data          0x00800212        0x0 c:/winavr-20100110/bin/../lib/gcc/avr/4.3.2/avr6\libgcc.a(_epilogue.o)
 .data          0x00800212        0x0 c:/winavr-20100110/bin/../lib/gcc/avr/4.3.2/avr6\libgcc.a(_tablejump.o)
 .data          0x00800212        0x0 c:/winavr-20100110/bin/../lib/gcc/avr/4.3.2/avr6\libgcc.a(_clzsi2.o)
 .data          0x00800212        0x0 c:/winavr-20100110/bin/../lib/gcc/avr/4.3.2/avr6\libgcc.a(_pack_sf.o)
 .data          0x00800212        0x0 c:/winavr-20100110/bin/../lib/gcc/avr/4.3.2/avr6\libgcc.a(_unpack_sf.o)
 .data          0x00800212        0x0 c:/winavr-20100110/bin/../lib/gcc/avr/4.3.2/avr6\libgcc.a(_fpcmp_parts_sf.o)
 .data          0x00800212      0x100 c:/winavr-20100110/bin/../lib/gcc/avr/4.3.2/avr6\libgcc.a(_clz.o)
                0x00800212                __clz_tab
 .data          0x00800312        0x6 c:/winavr-20100110/bin/../lib/gcc/avr/4.3.2/../../../../avr/lib/avr6\libc.a(malloc.o)
                0x00800314                __malloc_heap_start
                0x00800316                __malloc_heap_end
                0x00800312                __malloc_margin
 .data          0x00800318        0x0 c:/winavr-20100110/bin/../lib/gcc/avr/4.3.2/../../../../avr/lib/avr6\libc.a(realloc.o)
 .data          0x00800318        0x0 c:/winavr-20100110/bin/../lib/gcc/avr/4.3.2/../../../../avr/lib/avr6\libc.a(atol.o)
 .data          0x00800318        0x0 c:/winavr-20100110/bin/../lib/gcc/avr/4.3.2/../../../../avr/lib/avr6\libc.a(isspace.o)
 .data          0x00800318        0x0 c:/winavr-20100110/bin/../lib/gcc/avr/4.3.2/../../../../avr/lib/avr6\libc.a(tolower.o)
 .data          0x00800318        0x0 c:/winavr-20100110/bin/../lib/gcc/avr/4.3.2/../../../../avr/lib/avr6\libc.a(toupper.o)
 .data          0x00800318        0x0 c:/winavr-20100110/bin/../lib/gcc/avr/4.3.2/../../../../avr/lib/avr6\libc.a(memcpy.o)
 .data          0x00800318        0x0 c:/winavr-20100110/bin/../lib/gcc/avr/4.3.2/../../../../avr/lib/avr6\libc.a(strcat.o)
 .data          0x00800318        0x0 c:/winavr-20100110/bin/../lib/gcc/avr/4.3.2/../../../../avr/lib/avr6\libc.a(strchr.o)
 .data          0x00800318        0x0 c:/winavr-20100110/bin/../lib/gcc/avr/4.3.2/../../../../avr/lib/avr6\libc.a(strcmp.o)
 .data          0x00800318        0x0 c:/winavr-20100110/bin/../lib/gcc/avr/4.3.2/../../../../avr/lib/avr6\libc.a(strcpy.o)
 .data          0x00800318        0x0 c:/winavr-20100110/bin/../lib/gcc/avr/4.3.2/../../../../avr/lib/avr6\libc.a(strncmp.o)
 .data          0x00800318        0x0 c:/winavr-20100110/bin/../lib/gcc/avr/4.3.2/../../../../avr/lib/avr6\libc.a(strncpy.o)
 .data          0x00800318        0x0 c:/winavr-20100110/bin/../lib/gcc/avr/4.3.2/../../../../avr/lib/avr6\libc.a(strrchr.o)
 .data          0x00800318        0x0 c:/winavr-20100110/bin/../lib/gcc/avr/4.3.2/../../../../avr/lib/avr6\libc.a(strstr.o)
 .data          0x00800318        0x0 c:/winavr-20100110/bin/../lib/gcc/avr/4.3.2/../../../../avr/lib/avr6\libc.a(itoa.o)
 .data          0x00800318        0x0 c:/winavr-20100110/bin/../lib/gcc/avr/4.3.2/../../../../avr/lib/avr6\libc.a(ltoa.o)
 .data          0x00800318        0x0 c:/winavr-20100110/bin/../lib/gcc/avr/4.3.2/../../../../avr/lib/avr6\libc.a(mulsi10.o)
 .data          0x00800318        0x0 c:/winavr-20100110/bin/../lib/gcc/avr/4.3.2/../../../../avr/lib/avr6\libc.a(ultoa.o)
 .data          0x00800318        0x0 c:/winavr-20100110/bin/../lib/gcc/avr/4.3.2/../../../../avr/lib/avr6\libc.a(cty_isfalse.o)
 .data          0x00800318        0x0 c:/winavr-20100110/bin/../lib/gcc/avr/4.3.2/../../../../avr/lib/avr6\libc.a(strrev.o)
 .data          0x00800318        0x0 c:/winavr-20100110/bin/../lib/gcc/avr/4.3.2/avr6\libgcc.a(_udivmodhi4.o)
 *(.data*)
 *(.rodata)
 *(.rodata*)
 .rodata._ZTV14HardwareSerial
                0x00800318       0x12 C:\Users\ehaskins.EHNET\Code Local\Next Robots\workspace\Arduino\Debug\libArduino.a(HardwareSerial.o)
                0x00800318                vtable for HardwareSerial
 .rodata._ZTV6Stream
                0x0080032a       0x12 C:\Users\ehaskins.EHNET\Code Local\Next Robots\workspace\Arduino\Debug\libArduino.a(HardwareSerial.o)
                0x0080032a                vtable for Stream
 .rodata._ZTV5Print
                0x0080033c        0xa C:\Users\ehaskins.EHNET\Code Local\Next Robots\workspace\Arduino\Debug\libArduino.a(Print.o)
                0x0080033c                vtable for Print
 *(.gnu.linkonce.d*)
                0x00800346                . = ALIGN (0x2)
                0x00800346                _edata = .
                0x00800346                PROVIDE (__data_end, .)

.bss            0x00800346      0x26a
                0x00800346                PROVIDE (__bss_start, .)
 *(.bss)
 .bss           0x00800346        0x0 c:/winavr-20100110/bin/../lib/gcc/avr/4.3.2/../../../../avr/lib/avr6/crtm2560.o
 .bss           0x00800346        0x0 ./Main.o
 .bss           0x00800346        0x0 ./Missing.o
 .bss           0x00800346        0x0 C:\Users\ehaskins.EHNET\Code Local\Next Robots\workspace\Arduino\Debug\libArduino.a(HardwareSerial.o)
 .bss           0x00800346        0x0 C:\Users\ehaskins.EHNET\Code Local\Next Robots\workspace\Arduino\Debug\libArduino.a(Print.o)
 .bss           0x00800346        0x0 C:\Users\ehaskins.EHNET\Code Local\Next Robots\workspace\Arduino\Debug\libArduino.a(WString.o)
 .bss           0x00800346        0x9 C:\Users\ehaskins.EHNET\Code Local\Next Robots\workspace\Arduino\Debug\libArduino.a(wiring.o)
                0x00800346                timer0_overflow_count
                0x0080034a                timer0_millis
 .bss           0x0080034f        0x0 C:\Users\ehaskins.EHNET\Code Local\Next Robots\workspace\Arduino\Debug\libArduino.a(wiring_digital.o)
 .bss           0x0080034f        0x0 C:\Users\ehaskins.EHNET\Code Local\Next Robots\workspace\Arduino\Debug\libArduino.a(pins_arduino.o)
 .bss           0x0080034f        0x0 c:/winavr-20100110/bin/../lib/gcc/avr/4.3.2/avr6\libgcc.a(_udivmodsi4.o)
 .bss           0x0080034f        0x0 c:/winavr-20100110/bin/../lib/gcc/avr/4.3.2/avr6\libgcc.a(_exit.o)
 .bss           0x0080034f        0x0 c:/winavr-20100110/bin/../lib/gcc/avr/4.3.2/avr6\libgcc.a(_clear_bss.o)
 .bss           0x0080034f        0x0 c:/winavr-20100110/bin/../lib/gcc/avr/4.3.2/avr6\libgcc.a(_ctors.o)
 .bss           0x0080034f        0x0 c:/winavr-20100110/bin/../lib/gcc/avr/4.3.2/avr6\libgcc.a(_fixunssfsi.o)
 .bss           0x0080034f        0x0 c:/winavr-20100110/bin/../lib/gcc/avr/4.3.2/avr6\libgcc.a(_addsub_sf.o)
 .bss           0x0080034f        0x0 c:/winavr-20100110/bin/../lib/gcc/avr/4.3.2/avr6\libgcc.a(_mul_sf.o)
 .bss           0x0080034f        0x0 c:/winavr-20100110/bin/../lib/gcc/avr/4.3.2/avr6\libgcc.a(_div_sf.o)
 .bss           0x0080034f        0x0 c:/winavr-20100110/bin/../lib/gcc/avr/4.3.2/avr6\libgcc.a(_ge_sf.o)
 .bss           0x0080034f        0x0 c:/winavr-20100110/bin/../lib/gcc/avr/4.3.2/avr6\libgcc.a(_lt_sf.o)
 .bss           0x0080034f        0x0 c:/winavr-20100110/bin/../lib/gcc/avr/4.3.2/avr6\libgcc.a(_si_to_sf.o)
 .bss           0x0080034f        0x0 c:/winavr-20100110/bin/../lib/gcc/avr/4.3.2/avr6\libgcc.a(_sf_to_si.o)
 .bss           0x0080034f        0x0 c:/winavr-20100110/bin/../lib/gcc/avr/4.3.2/avr6\libgcc.a(_thenan_sf.o)
 .bss           0x0080034f        0x0 c:/winavr-20100110/bin/../lib/gcc/avr/4.3.2/avr6\libgcc.a(_usi_to_sf.o)
 .bss           0x0080034f        0x0 c:/winavr-20100110/bin/../lib/gcc/avr/4.3.2/avr6\libgcc.a(_prologue.o)
 .bss           0x0080034f        0x0 c:/winavr-20100110/bin/../lib/gcc/avr/4.3.2/avr6\libgcc.a(_epilogue.o)
 .bss           0x0080034f        0x0 c:/winavr-20100110/bin/../lib/gcc/avr/4.3.2/avr6\libgcc.a(_tablejump.o)
 .bss           0x0080034f        0x0 c:/winavr-20100110/bin/../lib/gcc/avr/4.3.2/avr6\libgcc.a(_clzsi2.o)
 .bss           0x0080034f        0x0 c:/winavr-20100110/bin/../lib/gcc/avr/4.3.2/avr6\libgcc.a(_pack_sf.o)
 .bss           0x0080034f        0x0 c:/winavr-20100110/bin/../lib/gcc/avr/4.3.2/avr6\libgcc.a(_unpack_sf.o)
 .bss           0x0080034f        0x0 c:/winavr-20100110/bin/../lib/gcc/avr/4.3.2/avr6\libgcc.a(_fpcmp_parts_sf.o)
 .bss           0x0080034f        0x0 c:/winavr-20100110/bin/../lib/gcc/avr/4.3.2/avr6\libgcc.a(_clz.o)
 .bss           0x0080034f        0x0 c:/winavr-20100110/bin/../lib/gcc/avr/4.3.2/../../../../avr/lib/avr6\libc.a(malloc.o)
 .bss           0x0080034f        0x0 c:/winavr-20100110/bin/../lib/gcc/avr/4.3.2/../../../../avr/lib/avr6\libc.a(realloc.o)
 .bss           0x0080034f        0x0 c:/winavr-20100110/bin/../lib/gcc/avr/4.3.2/../../../../avr/lib/avr6\libc.a(atol.o)
 .bss           0x0080034f        0x0 c:/winavr-20100110/bin/../lib/gcc/avr/4.3.2/../../../../avr/lib/avr6\libc.a(isspace.o)
 .bss           0x0080034f        0x0 c:/winavr-20100110/bin/../lib/gcc/avr/4.3.2/../../../../avr/lib/avr6\libc.a(tolower.o)
 .bss           0x0080034f        0x0 c:/winavr-20100110/bin/../lib/gcc/avr/4.3.2/../../../../avr/lib/avr6\libc.a(toupper.o)
 .bss           0x0080034f        0x0 c:/winavr-20100110/bin/../lib/gcc/avr/4.3.2/../../../../avr/lib/avr6\libc.a(memcpy.o)
 .bss           0x0080034f        0x0 c:/winavr-20100110/bin/../lib/gcc/avr/4.3.2/../../../../avr/lib/avr6\libc.a(strcat.o)
 .bss           0x0080034f        0x0 c:/winavr-20100110/bin/../lib/gcc/avr/4.3.2/../../../../avr/lib/avr6\libc.a(strchr.o)
 .bss           0x0080034f        0x0 c:/winavr-20100110/bin/../lib/gcc/avr/4.3.2/../../../../avr/lib/avr6\libc.a(strcmp.o)
 .bss           0x0080034f        0x0 c:/winavr-20100110/bin/../lib/gcc/avr/4.3.2/../../../../avr/lib/avr6\libc.a(strcpy.o)
 .bss           0x0080034f        0x0 c:/winavr-20100110/bin/../lib/gcc/avr/4.3.2/../../../../avr/lib/avr6\libc.a(strncmp.o)
 .bss           0x0080034f        0x0 c:/winavr-20100110/bin/../lib/gcc/avr/4.3.2/../../../../avr/lib/avr6\libc.a(strncpy.o)
 .bss           0x0080034f        0x0 c:/winavr-20100110/bin/../lib/gcc/avr/4.3.2/../../../../avr/lib/avr6\libc.a(strrchr.o)
 .bss           0x0080034f        0x0 c:/winavr-20100110/bin/../lib/gcc/avr/4.3.2/../../../../avr/lib/avr6\libc.a(strstr.o)
 .bss           0x0080034f        0x0 c:/winavr-20100110/bin/../lib/gcc/avr/4.3.2/../../../../avr/lib/avr6\libc.a(itoa.o)
 .bss           0x0080034f        0x0 c:/winavr-20100110/bin/../lib/gcc/avr/4.3.2/../../../../avr/lib/avr6\libc.a(ltoa.o)
 .bss           0x0080034f        0x0 c:/winavr-20100110/bin/../lib/gcc/avr/4.3.2/../../../../avr/lib/avr6\libc.a(mulsi10.o)
 .bss           0x0080034f        0x0 c:/winavr-20100110/bin/../lib/gcc/avr/4.3.2/../../../../avr/lib/avr6\libc.a(ultoa.o)
 .bss           0x0080034f        0x0 c:/winavr-20100110/bin/../lib/gcc/avr/4.3.2/../../../../avr/lib/avr6\libc.a(cty_isfalse.o)
 .bss           0x0080034f        0x0 c:/winavr-20100110/bin/../lib/gcc/avr/4.3.2/../../../../avr/lib/avr6\libc.a(strrev.o)
 .bss           0x0080034f        0x0 c:/winavr-20100110/bin/../lib/gcc/avr/4.3.2/avr6\libgcc.a(_udivmodhi4.o)
 *(.bss*)
 .bss.rx_buffer
                0x0080034f       0x84 C:\Users\ehaskins.EHNET\Code Local\Next Robots\workspace\Arduino\Debug\libArduino.a(HardwareSerial.o)
                0x0080034f                rx_buffer
 .bss.rx_buffer1
                0x008003d3       0x84 C:\Users\ehaskins.EHNET\Code Local\Next Robots\workspace\Arduino\Debug\libArduino.a(HardwareSerial.o)
                0x008003d3                rx_buffer1
 .bss.rx_buffer2
                0x00800457       0x84 C:\Users\ehaskins.EHNET\Code Local\Next Robots\workspace\Arduino\Debug\libArduino.a(HardwareSerial.o)
                0x00800457                rx_buffer2
 .bss.rx_buffer3
                0x008004db       0x84 C:\Users\ehaskins.EHNET\Code Local\Next Robots\workspace\Arduino\Debug\libArduino.a(HardwareSerial.o)
                0x008004db                rx_buffer3
 .bss.Serial    0x0080055f       0x13 C:\Users\ehaskins.EHNET\Code Local\Next Robots\workspace\Arduino\Debug\libArduino.a(HardwareSerial.o)
                0x0080055f                Serial
 .bss.Serial1   0x00800572       0x13 C:\Users\ehaskins.EHNET\Code Local\Next Robots\workspace\Arduino\Debug\libArduino.a(HardwareSerial.o)
                0x00800572                Serial1
 .bss.Serial2   0x00800585       0x13 C:\Users\ehaskins.EHNET\Code Local\Next Robots\workspace\Arduino\Debug\libArduino.a(HardwareSerial.o)
                0x00800585                Serial2
 .bss.Serial3   0x00800598       0x13 C:\Users\ehaskins.EHNET\Code Local\Next Robots\workspace\Arduino\Debug\libArduino.a(HardwareSerial.o)
                0x00800598                Serial3
 .bss._ZZN6StringixEjE19dummy_writable_char
                0x008005ab        0x1 C:\Users\ehaskins.EHNET\Code Local\Next Robots\workspace\Arduino\Debug\libArduino.a(WString.o)
 *(COMMON)
 COMMON         0x008005ac        0x4 c:/winavr-20100110/bin/../lib/gcc/avr/4.3.2/../../../../avr/lib/avr6\libc.a(malloc.o)
                0x008005ac                __brkval
                0x008005ae                __flp
                0x008005b0                PROVIDE (__bss_end, .)
                0x0000380e                __data_load_start = LOADADDR (.data)
                0x00003954                __data_load_end = (__data_load_start + SIZEOF (.data))

.noinit         0x008005b0        0x0
                0x008005b0                PROVIDE (__noinit_start, .)
 *(.noinit*)
                0x008005b0                PROVIDE (__noinit_end, .)
                0x008005b0                _end = .
                0x008005b0                PROVIDE (__heap_start, .)

.eeprom         0x00810000        0x0
 *(.eeprom*)
                0x00810000                __eeprom_end = .

.fuse
 *(.fuse)
 *(.lfuse)
 *(.hfuse)
 *(.efuse)

.lock
 *(.lock*)

.signature
 *(.signature*)

.stab
 *(.stab)

.stabstr
 *(.stabstr)

.stab.excl
 *(.stab.excl)

.stab.exclstr
 *(.stab.exclstr)

.stab.index
 *(.stab.index)

.stab.indexstr
 *(.stab.indexstr)

.comment
 *(.comment)

.debug
 *(.debug)

.line
 *(.line)

.debug_srcinfo
 *(.debug_srcinfo)

.debug_sfnames
 *(.debug_sfnames)

.debug_aranges
 *(.debug_aranges)

.debug_pubnames
 *(.debug_pubnames)

.debug_info
 *(.debug_info)
 *(.gnu.linkonce.wi.*)

.debug_abbrev
 *(.debug_abbrev)

.debug_line
 *(.debug_line)

.debug_frame
 *(.debug_frame)

.debug_str
 *(.debug_str)

.debug_loc
 *(.debug_loc)

.debug_macinfo
 *(.debug_macinfo)
OUTPUT(Test.elf elf32-avr)
LOAD linker stubs

Cross Reference Table

Symbol                                            File
HardwareSerial::HardwareSerial(ring_buffer*, unsigned char volatile*, unsigned char volatile*, unsigned char volatile*, unsigned char volatile*, unsigned char volatile*, unsigned char, unsigned char, unsigned char, unsigned char, unsigned char) C:\Users\ehaskins.EHNET\Code Local\Next Robots\workspace\Arduino\Debug\libArduino.a(HardwareSerial.o)
HardwareSerial::HardwareSerial(ring_buffer*, unsigned char volatile*, unsigned char volatile*, unsigned char volatile*, unsigned char volatile*, unsigned char volatile*, unsigned char, unsigned char, unsigned char, unsigned char, unsigned char) C:\Users\ehaskins.EHNET\Code Local\Next Robots\workspace\Arduino\Debug\libArduino.a(HardwareSerial.o)
HardwareSerial::available()                       C:\Users\ehaskins.EHNET\Code Local\Next Robots\workspace\Arduino\Debug\libArduino.a(HardwareSerial.o)
HardwareSerial::begin(long)                       C:\Users\ehaskins.EHNET\Code Local\Next Robots\workspace\Arduino\Debug\libArduino.a(HardwareSerial.o)
                                                  ./Main.o
HardwareSerial::end()                             C:\Users\ehaskins.EHNET\Code Local\Next Robots\workspace\Arduino\Debug\libArduino.a(HardwareSerial.o)
HardwareSerial::flush()                           C:\Users\ehaskins.EHNET\Code Local\Next Robots\workspace\Arduino\Debug\libArduino.a(HardwareSerial.o)
HardwareSerial::peek()                            C:\Users\ehaskins.EHNET\Code Local\Next Robots\workspace\Arduino\Debug\libArduino.a(HardwareSerial.o)
HardwareSerial::read()                            C:\Users\ehaskins.EHNET\Code Local\Next Robots\workspace\Arduino\Debug\libArduino.a(HardwareSerial.o)
HardwareSerial::write(unsigned char)              C:\Users\ehaskins.EHNET\Code Local\Next Robots\workspace\Arduino\Debug\libArduino.a(HardwareSerial.o)
Print::print(String const&)                       C:\Users\ehaskins.EHNET\Code Local\Next Robots\workspace\Arduino\Debug\libArduino.a(Print.o)
Print::print(char const*)                         C:\Users\ehaskins.EHNET\Code Local\Next Robots\workspace\Arduino\Debug\libArduino.a(Print.o)
Print::print(char, int)                           C:\Users\ehaskins.EHNET\Code Local\Next Robots\workspace\Arduino\Debug\libArduino.a(Print.o)
Print::print(double, int)                         C:\Users\ehaskins.EHNET\Code Local\Next Robots\workspace\Arduino\Debug\libArduino.a(Print.o)
Print::print(int, int)                            C:\Users\ehaskins.EHNET\Code Local\Next Robots\workspace\Arduino\Debug\libArduino.a(Print.o)
Print::print(long, int)                           C:\Users\ehaskins.EHNET\Code Local\Next Robots\workspace\Arduino\Debug\libArduino.a(Print.o)
Print::print(unsigned char, int)                  C:\Users\ehaskins.EHNET\Code Local\Next Robots\workspace\Arduino\Debug\libArduino.a(Print.o)
Print::print(unsigned int, int)                   C:\Users\ehaskins.EHNET\Code Local\Next Robots\workspace\Arduino\Debug\libArduino.a(Print.o)
Print::print(unsigned long, int)                  C:\Users\ehaskins.EHNET\Code Local\Next Robots\workspace\Arduino\Debug\libArduino.a(Print.o)
Print::printFloat(double, unsigned char)          C:\Users\ehaskins.EHNET\Code Local\Next Robots\workspace\Arduino\Debug\libArduino.a(Print.o)
Print::printNumber(unsigned long, unsigned char)  C:\Users\ehaskins.EHNET\Code Local\Next Robots\workspace\Arduino\Debug\libArduino.a(Print.o)
Print::println()                                  C:\Users\ehaskins.EHNET\Code Local\Next Robots\workspace\Arduino\Debug\libArduino.a(Print.o)
Print::println(String const&)                     C:\Users\ehaskins.EHNET\Code Local\Next Robots\workspace\Arduino\Debug\libArduino.a(Print.o)
Print::println(char const*)                       C:\Users\ehaskins.EHNET\Code Local\Next Robots\workspace\Arduino\Debug\libArduino.a(Print.o)
                                                  ./Main.o
Print::println(char, int)                         C:\Users\ehaskins.EHNET\Code Local\Next Robots\workspace\Arduino\Debug\libArduino.a(Print.o)
Print::println(double, int)                       C:\Users\ehaskins.EHNET\Code Local\Next Robots\workspace\Arduino\Debug\libArduino.a(Print.o)
Print::println(int, int)                          C:\Users\ehaskins.EHNET\Code Local\Next Robots\workspace\Arduino\Debug\libArduino.a(Print.o)
Print::println(long, int)                         C:\Users\ehaskins.EHNET\Code Local\Next Robots\workspace\Arduino\Debug\libArduino.a(Print.o)
Print::println(unsigned char, int)                C:\Users\ehaskins.EHNET\Code Local\Next Robots\workspace\Arduino\Debug\libArduino.a(Print.o)
Print::println(unsigned int, int)                 C:\Users\ehaskins.EHNET\Code Local\Next Robots\workspace\Arduino\Debug\libArduino.a(Print.o)
Print::println(unsigned long, int)                C:\Users\ehaskins.EHNET\Code Local\Next Robots\workspace\Arduino\Debug\libArduino.a(Print.o)
Print::write(char const*)                         C:\Users\ehaskins.EHNET\Code Local\Next Robots\workspace\Arduino\Debug\libArduino.a(Print.o)
                                                  C:\Users\ehaskins.EHNET\Code Local\Next Robots\workspace\Arduino\Debug\libArduino.a(HardwareSerial.o)
Print::write(unsigned char const*, unsigned int)  C:\Users\ehaskins.EHNET\Code Local\Next Robots\workspace\Arduino\Debug\libArduino.a(Print.o)
                                                  C:\Users\ehaskins.EHNET\Code Local\Next Robots\workspace\Arduino\Debug\libArduino.a(HardwareSerial.o)
Serial                                            C:\Users\ehaskins.EHNET\Code Local\Next Robots\workspace\Arduino\Debug\libArduino.a(HardwareSerial.o)
                                                  ./Main.o
Serial1                                           C:\Users\ehaskins.EHNET\Code Local\Next Robots\workspace\Arduino\Debug\libArduino.a(HardwareSerial.o)
Serial2                                           C:\Users\ehaskins.EHNET\Code Local\Next Robots\workspace\Arduino\Debug\libArduino.a(HardwareSerial.o)
Serial3                                           C:\Users\ehaskins.EHNET\Code Local\Next Robots\workspace\Arduino\Debug\libArduino.a(HardwareSerial.o)
String::String(String const&)                     C:\Users\ehaskins.EHNET\Code Local\Next Robots\workspace\Arduino\Debug\libArduino.a(WString.o)
String::String(String const&)                     C:\Users\ehaskins.EHNET\Code Local\Next Robots\workspace\Arduino\Debug\libArduino.a(WString.o)
String::String(char const*)                       C:\Users\ehaskins.EHNET\Code Local\Next Robots\workspace\Arduino\Debug\libArduino.a(WString.o)
String::String(char const*)                       C:\Users\ehaskins.EHNET\Code Local\Next Robots\workspace\Arduino\Debug\libArduino.a(WString.o)
String::String(char)                              C:\Users\ehaskins.EHNET\Code Local\Next Robots\workspace\Arduino\Debug\libArduino.a(WString.o)
String::String(char)                              C:\Users\ehaskins.EHNET\Code Local\Next Robots\workspace\Arduino\Debug\libArduino.a(WString.o)
String::String(int, int)                          C:\Users\ehaskins.EHNET\Code Local\Next Robots\workspace\Arduino\Debug\libArduino.a(WString.o)
String::String(int, int)                          C:\Users\ehaskins.EHNET\Code Local\Next Robots\workspace\Arduino\Debug\libArduino.a(WString.o)
String::String(long, int)                         C:\Users\ehaskins.EHNET\Code Local\Next Robots\workspace\Arduino\Debug\libArduino.a(WString.o)
String::String(long, int)                         C:\Users\ehaskins.EHNET\Code Local\Next Robots\workspace\Arduino\Debug\libArduino.a(WString.o)
String::String(unsigned char)                     C:\Users\ehaskins.EHNET\Code Local\Next Robots\workspace\Arduino\Debug\libArduino.a(WString.o)
String::String(unsigned char)                     C:\Users\ehaskins.EHNET\Code Local\Next Robots\workspace\Arduino\Debug\libArduino.a(WString.o)
String::String(unsigned int, int)                 C:\Users\ehaskins.EHNET\Code Local\Next Robots\workspace\Arduino\Debug\libArduino.a(WString.o)
String::String(unsigned int, int)                 C:\Users\ehaskins.EHNET\Code Local\Next Robots\workspace\Arduino\Debug\libArduino.a(WString.o)
String::String(unsigned long, int)                C:\Users\ehaskins.EHNET\Code Local\Next Robots\workspace\Arduino\Debug\libArduino.a(WString.o)
String::String(unsigned long, int)                C:\Users\ehaskins.EHNET\Code Local\Next Robots\workspace\Arduino\Debug\libArduino.a(WString.o)
String::charAt(unsigned int) const                C:\Users\ehaskins.EHNET\Code Local\Next Robots\workspace\Arduino\Debug\libArduino.a(WString.o)
String::compareTo(String const&) const            C:\Users\ehaskins.EHNET\Code Local\Next Robots\workspace\Arduino\Debug\libArduino.a(WString.o)
String::concat(String const&)                     C:\Users\ehaskins.EHNET\Code Local\Next Robots\workspace\Arduino\Debug\libArduino.a(WString.o)
String::endsWith(String const&) const             C:\Users\ehaskins.EHNET\Code Local\Next Robots\workspace\Arduino\Debug\libArduino.a(WString.o)
String::equals(String const&) const               C:\Users\ehaskins.EHNET\Code Local\Next Robots\workspace\Arduino\Debug\libArduino.a(WString.o)
String::equalsIgnoreCase(String const&) const     C:\Users\ehaskins.EHNET\Code Local\Next Robots\workspace\Arduino\Debug\libArduino.a(WString.o)
String::getBuffer(unsigned int)                   C:\Users\ehaskins.EHNET\Code Local\Next Robots\workspace\Arduino\Debug\libArduino.a(WString.o)
String::getBytes(unsigned char*, unsigned int)    C:\Users\ehaskins.EHNET\Code Local\Next Robots\workspace\Arduino\Debug\libArduino.a(WString.o)
String::indexOf(String const&) const              C:\Users\ehaskins.EHNET\Code Local\Next Robots\workspace\Arduino\Debug\libArduino.a(WString.o)
String::indexOf(String const&, unsigned int) const C:\Users\ehaskins.EHNET\Code Local\Next Robots\workspace\Arduino\Debug\libArduino.a(WString.o)
String::indexOf(char) const                       C:\Users\ehaskins.EHNET\Code Local\Next Robots\workspace\Arduino\Debug\libArduino.a(WString.o)
String::indexOf(char, unsigned int) const         C:\Users\ehaskins.EHNET\Code Local\Next Robots\workspace\Arduino\Debug\libArduino.a(WString.o)
String::lastIndexOf(String const&) const          C:\Users\ehaskins.EHNET\Code Local\Next Robots\workspace\Arduino\Debug\libArduino.a(WString.o)
String::lastIndexOf(String const&, unsigned int) const C:\Users\ehaskins.EHNET\Code Local\Next Robots\workspace\Arduino\Debug\libArduino.a(WString.o)
String::lastIndexOf(char) const                   C:\Users\ehaskins.EHNET\Code Local\Next Robots\workspace\Arduino\Debug\libArduino.a(WString.o)
String::lastIndexOf(char, unsigned int) const     C:\Users\ehaskins.EHNET\Code Local\Next Robots\workspace\Arduino\Debug\libArduino.a(WString.o)
String::operator!=(String const&) const           C:\Users\ehaskins.EHNET\Code Local\Next Robots\workspace\Arduino\Debug\libArduino.a(WString.o)
String::operator+=(String const&)                 C:\Users\ehaskins.EHNET\Code Local\Next Robots\workspace\Arduino\Debug\libArduino.a(WString.o)
String::operator<(String const&) const            C:\Users\ehaskins.EHNET\Code Local\Next Robots\workspace\Arduino\Debug\libArduino.a(WString.o)
String::operator<=(String const&) const           C:\Users\ehaskins.EHNET\Code Local\Next Robots\workspace\Arduino\Debug\libArduino.a(WString.o)
String::operator=(String const&)                  C:\Users\ehaskins.EHNET\Code Local\Next Robots\workspace\Arduino\Debug\libArduino.a(WString.o)
String::operator==(String const&) const           C:\Users\ehaskins.EHNET\Code Local\Next Robots\workspace\Arduino\Debug\libArduino.a(WString.o)
String::operator>(String const&) const            C:\Users\ehaskins.EHNET\Code Local\Next Robots\workspace\Arduino\Debug\libArduino.a(WString.o)
String::operator>=(String const&) const           C:\Users\ehaskins.EHNET\Code Local\Next Robots\workspace\Arduino\Debug\libArduino.a(WString.o)
String::operator[](unsigned int)                  C:\Users\ehaskins.EHNET\Code Local\Next Robots\workspace\Arduino\Debug\libArduino.a(WString.o)
String::operator[](unsigned int) const            C:\Users\ehaskins.EHNET\Code Local\Next Robots\workspace\Arduino\Debug\libArduino.a(WString.o)
                                                  C:\Users\ehaskins.EHNET\Code Local\Next Robots\workspace\Arduino\Debug\libArduino.a(Print.o)
String::replace(String const&, String const&)     C:\Users\ehaskins.EHNET\Code Local\Next Robots\workspace\Arduino\Debug\libArduino.a(WString.o)
String::replace(char, char)                       C:\Users\ehaskins.EHNET\Code Local\Next Robots\workspace\Arduino\Debug\libArduino.a(WString.o)
String::setCharAt(unsigned int, char)             C:\Users\ehaskins.EHNET\Code Local\Next Robots\workspace\Arduino\Debug\libArduino.a(WString.o)
String::startsWith(String const&) const           C:\Users\ehaskins.EHNET\Code Local\Next Robots\workspace\Arduino\Debug\libArduino.a(WString.o)
String::startsWith(String const&, unsigned int) const C:\Users\ehaskins.EHNET\Code Local\Next Robots\workspace\Arduino\Debug\libArduino.a(WString.o)
String::substring(unsigned int) const             C:\Users\ehaskins.EHNET\Code Local\Next Robots\workspace\Arduino\Debug\libArduino.a(WString.o)
String::substring(unsigned int, unsigned int) const C:\Users\ehaskins.EHNET\Code Local\Next Robots\workspace\Arduino\Debug\libArduino.a(WString.o)
String::toCharArray(char*, unsigned int)          C:\Users\ehaskins.EHNET\Code Local\Next Robots\workspace\Arduino\Debug\libArduino.a(WString.o)
String::toInt()                                   C:\Users\ehaskins.EHNET\Code Local\Next Robots\workspace\Arduino\Debug\libArduino.a(WString.o)
String::toLowerCase() const                       C:\Users\ehaskins.EHNET\Code Local\Next Robots\workspace\Arduino\Debug\libArduino.a(WString.o)
String::toUpperCase() const                       C:\Users\ehaskins.EHNET\Code Local\Next Robots\workspace\Arduino\Debug\libArduino.a(WString.o)
String::trim() const                              C:\Users\ehaskins.EHNET\Code Local\Next Robots\workspace\Arduino\Debug\libArduino.a(WString.o)
String::~String()                                 C:\Users\ehaskins.EHNET\Code Local\Next Robots\workspace\Arduino\Debug\libArduino.a(WString.o)
__addsf3                                          c:/winavr-20100110/bin/../lib/gcc/avr/4.3.2/avr6\libgcc.a(_addsub_sf.o)
                                                  C:\Users\ehaskins.EHNET\Code Local\Next Robots\workspace\Arduino\Debug\libArduino.a(Print.o)
__bad_interrupt                                   c:/winavr-20100110/bin/../lib/gcc/avr/4.3.2/../../../../avr/lib/avr6/crtm2560.o
__brkval                                          c:/winavr-20100110/bin/../lib/gcc/avr/4.3.2/../../../../avr/lib/avr6\libc.a(realloc.o)
                                                  c:/winavr-20100110/bin/../lib/gcc/avr/4.3.2/../../../../avr/lib/avr6\libc.a(malloc.o)
__bss_end                                         c:/winavr-20100110/bin/../lib/gcc/avr/4.3.2/avr6\libgcc.a(_clear_bss.o)
__bss_start                                       c:/winavr-20100110/bin/../lib/gcc/avr/4.3.2/avr6\libgcc.a(_clear_bss.o)
__clz_tab                                         c:/winavr-20100110/bin/../lib/gcc/avr/4.3.2/avr6\libgcc.a(_clz.o)
                                                  c:/winavr-20100110/bin/../lib/gcc/avr/4.3.2/avr6\libgcc.a(_clzsi2.o)
__clzsi2                                          c:/winavr-20100110/bin/../lib/gcc/avr/4.3.2/avr6\libgcc.a(_clzsi2.o)
                                                  c:/winavr-20100110/bin/../lib/gcc/avr/4.3.2/avr6\libgcc.a(_usi_to_sf.o)
                                                  c:/winavr-20100110/bin/../lib/gcc/avr/4.3.2/avr6\libgcc.a(_si_to_sf.o)
__ctors_end                                       c:/winavr-20100110/bin/../lib/gcc/avr/4.3.2/avr6\libgcc.a(_ctors.o)
__ctors_start                                     c:/winavr-20100110/bin/../lib/gcc/avr/4.3.2/avr6\libgcc.a(_ctors.o)
__ctype_isfalse                                   c:/winavr-20100110/bin/../lib/gcc/avr/4.3.2/../../../../avr/lib/avr6\libc.a(cty_isfalse.o)
                                                  c:/winavr-20100110/bin/../lib/gcc/avr/4.3.2/../../../../avr/lib/avr6\libc.a(isspace.o)
__ctype_istrue                                    c:/winavr-20100110/bin/../lib/gcc/avr/4.3.2/../../../../avr/lib/avr6\libc.a(cty_isfalse.o)
__cxa_pure_virtual                                ./Missing.o
                                                  C:\Users\ehaskins.EHNET\Code Local\Next Robots\workspace\Arduino\Debug\libArduino.a(Print.o)
                                                  C:\Users\ehaskins.EHNET\Code Local\Next Robots\workspace\Arduino\Debug\libArduino.a(HardwareSerial.o)
__data_end                                        c:/winavr-20100110/bin/../lib/gcc/avr/4.3.2/../../../../avr/lib/avr6/crtm2560.o
__data_load_start                                 c:/winavr-20100110/bin/../lib/gcc/avr/4.3.2/../../../../avr/lib/avr6/crtm2560.o
__data_start                                      c:/winavr-20100110/bin/../lib/gcc/avr/4.3.2/../../../../avr/lib/avr6/crtm2560.o
__divsf3                                          c:/winavr-20100110/bin/../lib/gcc/avr/4.3.2/avr6\libgcc.a(_div_sf.o)
                                                  C:\Users\ehaskins.EHNET\Code Local\Next Robots\workspace\Arduino\Debug\libArduino.a(Print.o)
__do_clear_bss                                    c:/winavr-20100110/bin/../lib/gcc/avr/4.3.2/avr6\libgcc.a(_clear_bss.o)
                                                  c:/winavr-20100110/bin/../lib/gcc/avr/4.3.2/../../../../avr/lib/avr6\libc.a(realloc.o)
                                                  c:/winavr-20100110/bin/../lib/gcc/avr/4.3.2/../../../../avr/lib/avr6\libc.a(malloc.o)
                                                  c:/winavr-20100110/bin/../lib/gcc/avr/4.3.2/avr6\libgcc.a(_clz.o)
                                                  c:/winavr-20100110/bin/../lib/gcc/avr/4.3.2/avr6\libgcc.a(_fpcmp_parts_sf.o)
                                                  c:/winavr-20100110/bin/../lib/gcc/avr/4.3.2/avr6\libgcc.a(_unpack_sf.o)
                                                  c:/winavr-20100110/bin/../lib/gcc/avr/4.3.2/avr6\libgcc.a(_pack_sf.o)
                                                  c:/winavr-20100110/bin/../lib/gcc/avr/4.3.2/avr6\libgcc.a(_clzsi2.o)
                                                  c:/winavr-20100110/bin/../lib/gcc/avr/4.3.2/avr6\libgcc.a(_usi_to_sf.o)
                                                  c:/winavr-20100110/bin/../lib/gcc/avr/4.3.2/avr6\libgcc.a(_thenan_sf.o)
                                                  c:/winavr-20100110/bin/../lib/gcc/avr/4.3.2/avr6\libgcc.a(_sf_to_si.o)
                                                  c:/winavr-20100110/bin/../lib/gcc/avr/4.3.2/avr6\libgcc.a(_si_to_sf.o)
                                                  c:/winavr-20100110/bin/../lib/gcc/avr/4.3.2/avr6\libgcc.a(_lt_sf.o)
                                                  c:/winavr-20100110/bin/../lib/gcc/avr/4.3.2/avr6\libgcc.a(_ge_sf.o)
                                                  c:/winavr-20100110/bin/../lib/gcc/avr/4.3.2/avr6\libgcc.a(_div_sf.o)
                                                  c:/winavr-20100110/bin/../lib/gcc/avr/4.3.2/avr6\libgcc.a(_mul_sf.o)
                                                  c:/winavr-20100110/bin/../lib/gcc/avr/4.3.2/avr6\libgcc.a(_addsub_sf.o)
                                                  c:/winavr-20100110/bin/../lib/gcc/avr/4.3.2/avr6\libgcc.a(_fixunssfsi.o)
                                                  C:\Users\ehaskins.EHNET\Code Local\Next Robots\workspace\Arduino\Debug\libArduino.a(pins_arduino.o)
                                                  C:\Users\ehaskins.EHNET\Code Local\Next Robots\workspace\Arduino\Debug\libArduino.a(wiring_digital.o)
                                                  C:\Users\ehaskins.EHNET\Code Local\Next Robots\workspace\Arduino\Debug\libArduino.a(wiring.o)
                                                  C:\Users\ehaskins.EHNET\Code Local\Next Robots\workspace\Arduino\Debug\libArduino.a(WString.o)
                                                  C:\Users\ehaskins.EHNET\Code Local\Next Robots\workspace\Arduino\Debug\libArduino.a(Print.o)
                                                  C:\Users\ehaskins.EHNET\Code Local\Next Robots\workspace\Arduino\Debug\libArduino.a(HardwareSerial.o)
                                                  ./Missing.o
                                                  ./Main.o
__do_copy_data                                    c:/winavr-20100110/bin/../lib/gcc/avr/4.3.2/../../../../avr/lib/avr6/crtm2560.o
                                                  c:/winavr-20100110/bin/../lib/gcc/avr/4.3.2/../../../../avr/lib/avr6\libc.a(realloc.o)
                                                  c:/winavr-20100110/bin/../lib/gcc/avr/4.3.2/../../../../avr/lib/avr6\libc.a(malloc.o)
                                                  c:/winavr-20100110/bin/../lib/gcc/avr/4.3.2/avr6\libgcc.a(_clz.o)
                                                  c:/winavr-20100110/bin/../lib/gcc/avr/4.3.2/avr6\libgcc.a(_fpcmp_parts_sf.o)
                                                  c:/winavr-20100110/bin/../lib/gcc/avr/4.3.2/avr6\libgcc.a(_unpack_sf.o)
                                                  c:/winavr-20100110/bin/../lib/gcc/avr/4.3.2/avr6\libgcc.a(_pack_sf.o)
                                                  c:/winavr-20100110/bin/../lib/gcc/avr/4.3.2/avr6\libgcc.a(_clzsi2.o)
                                                  c:/winavr-20100110/bin/../lib/gcc/avr/4.3.2/avr6\libgcc.a(_usi_to_sf.o)
                                                  c:/winavr-20100110/bin/../lib/gcc/avr/4.3.2/avr6\libgcc.a(_thenan_sf.o)
                                                  c:/winavr-20100110/bin/../lib/gcc/avr/4.3.2/avr6\libgcc.a(_sf_to_si.o)
                                                  c:/winavr-20100110/bin/../lib/gcc/avr/4.3.2/avr6\libgcc.a(_si_to_sf.o)
                                                  c:/winavr-20100110/bin/../lib/gcc/avr/4.3.2/avr6\libgcc.a(_lt_sf.o)
                                                  c:/winavr-20100110/bin/../lib/gcc/avr/4.3.2/avr6\libgcc.a(_ge_sf.o)
                                                  c:/winavr-20100110/bin/../lib/gcc/avr/4.3.2/avr6\libgcc.a(_div_sf.o)
                                                  c:/winavr-20100110/bin/../lib/gcc/avr/4.3.2/avr6\libgcc.a(_mul_sf.o)
                                                  c:/winavr-20100110/bin/../lib/gcc/avr/4.3.2/avr6\libgcc.a(_addsub_sf.o)
                                                  c:/winavr-20100110/bin/../lib/gcc/avr/4.3.2/avr6\libgcc.a(_fixunssfsi.o)
                                                  C:\Users\ehaskins.EHNET\Code Local\Next Robots\workspace\Arduino\Debug\libArduino.a(pins_arduino.o)
                                                  C:\Users\ehaskins.EHNET\Code Local\Next Robots\workspace\Arduino\Debug\libArduino.a(wiring_digital.o)
                                                  C:\Users\ehaskins.EHNET\Code Local\Next Robots\workspace\Arduino\Debug\libArduino.a(wiring.o)
                                                  C:\Users\ehaskins.EHNET\Code Local\Next Robots\workspace\Arduino\Debug\libArduino.a(WString.o)
                                                  C:\Users\ehaskins.EHNET\Code Local\Next Robots\workspace\Arduino\Debug\libArduino.a(Print.o)
                                                  C:\Users\ehaskins.EHNET\Code Local\Next Robots\workspace\Arduino\Debug\libArduino.a(HardwareSerial.o)
                                                  ./Missing.o
                                                  ./Main.o
__do_global_ctors                                 c:/winavr-20100110/bin/../lib/gcc/avr/4.3.2/avr6\libgcc.a(_ctors.o)
                                                  C:\Users\ehaskins.EHNET\Code Local\Next Robots\workspace\Arduino\Debug\libArduino.a(HardwareSerial.o)
__epilogue_restores__                             c:/winavr-20100110/bin/../lib/gcc/avr/4.3.2/avr6\libgcc.a(_epilogue.o)
                                                  c:/winavr-20100110/bin/../lib/gcc/avr/4.3.2/../../../../avr/lib/avr6\libc.a(realloc.o)
                                                  c:/winavr-20100110/bin/../lib/gcc/avr/4.3.2/avr6\libgcc.a(_usi_to_sf.o)
                                                  c:/winavr-20100110/bin/../lib/gcc/avr/4.3.2/avr6\libgcc.a(_sf_to_si.o)
                                                  c:/winavr-20100110/bin/../lib/gcc/avr/4.3.2/avr6\libgcc.a(_si_to_sf.o)
                                                  c:/winavr-20100110/bin/../lib/gcc/avr/4.3.2/avr6\libgcc.a(_lt_sf.o)
                                                  c:/winavr-20100110/bin/../lib/gcc/avr/4.3.2/avr6\libgcc.a(_ge_sf.o)
                                                  c:/winavr-20100110/bin/../lib/gcc/avr/4.3.2/avr6\libgcc.a(_div_sf.o)
                                                  c:/winavr-20100110/bin/../lib/gcc/avr/4.3.2/avr6\libgcc.a(_mul_sf.o)
                                                  c:/winavr-20100110/bin/../lib/gcc/avr/4.3.2/avr6\libgcc.a(_addsub_sf.o)
__fixsfsi                                         c:/winavr-20100110/bin/../lib/gcc/avr/4.3.2/avr6\libgcc.a(_sf_to_si.o)
                                                  c:/winavr-20100110/bin/../lib/gcc/avr/4.3.2/avr6\libgcc.a(_fixunssfsi.o)
                                                  C:\Users\ehaskins.EHNET\Code Local\Next Robots\workspace\Arduino\Debug\libArduino.a(Print.o)
__fixunssfsi                                      c:/winavr-20100110/bin/../lib/gcc/avr/4.3.2/avr6\libgcc.a(_fixunssfsi.o)
                                                  C:\Users\ehaskins.EHNET\Code Local\Next Robots\workspace\Arduino\Debug\libArduino.a(Print.o)
__floatsisf                                       c:/winavr-20100110/bin/../lib/gcc/avr/4.3.2/avr6\libgcc.a(_si_to_sf.o)
                                                  C:\Users\ehaskins.EHNET\Code Local\Next Robots\workspace\Arduino\Debug\libArduino.a(Print.o)
__floatunsisf                                     c:/winavr-20100110/bin/../lib/gcc/avr/4.3.2/avr6\libgcc.a(_usi_to_sf.o)
                                                  C:\Users\ehaskins.EHNET\Code Local\Next Robots\workspace\Arduino\Debug\libArduino.a(Print.o)
__flp                                             c:/winavr-20100110/bin/../lib/gcc/avr/4.3.2/../../../../avr/lib/avr6\libc.a(realloc.o)
                                                  c:/winavr-20100110/bin/../lib/gcc/avr/4.3.2/../../../../avr/lib/avr6\libc.a(malloc.o)
__fpcmp_parts_f                                   c:/winavr-20100110/bin/../lib/gcc/avr/4.3.2/avr6\libgcc.a(_fpcmp_parts_sf.o)
                                                  c:/winavr-20100110/bin/../lib/gcc/avr/4.3.2/avr6\libgcc.a(_lt_sf.o)
                                                  c:/winavr-20100110/bin/../lib/gcc/avr/4.3.2/avr6\libgcc.a(_ge_sf.o)
__gesf2                                           c:/winavr-20100110/bin/../lib/gcc/avr/4.3.2/avr6\libgcc.a(_ge_sf.o)
                                                  c:/winavr-20100110/bin/../lib/gcc/avr/4.3.2/avr6\libgcc.a(_fixunssfsi.o)
__heap_end                                        c:/winavr-20100110/bin/../lib/gcc/avr/4.3.2/../../../../avr/lib/avr6/crtm2560.o
                                                  c:/winavr-20100110/bin/../lib/gcc/avr/4.3.2/../../../../avr/lib/avr6\libc.a(malloc.o)
__heap_start                                      c:/winavr-20100110/bin/../lib/gcc/avr/4.3.2/../../../../avr/lib/avr6\libc.a(malloc.o)
__init                                            c:/winavr-20100110/bin/../lib/gcc/avr/4.3.2/../../../../avr/lib/avr6/crtm2560.o
__ltsf2                                           c:/winavr-20100110/bin/../lib/gcc/avr/4.3.2/avr6\libgcc.a(_lt_sf.o)
                                                  C:\Users\ehaskins.EHNET\Code Local\Next Robots\workspace\Arduino\Debug\libArduino.a(Print.o)
__malloc_heap_end                                 c:/winavr-20100110/bin/../lib/gcc/avr/4.3.2/../../../../avr/lib/avr6\libc.a(malloc.o)
                                                  c:/winavr-20100110/bin/../lib/gcc/avr/4.3.2/../../../../avr/lib/avr6\libc.a(realloc.o)
__malloc_heap_start                               c:/winavr-20100110/bin/../lib/gcc/avr/4.3.2/../../../../avr/lib/avr6\libc.a(malloc.o)
__malloc_margin                                   c:/winavr-20100110/bin/../lib/gcc/avr/4.3.2/../../../../avr/lib/avr6\libc.a(malloc.o)
                                                  c:/winavr-20100110/bin/../lib/gcc/avr/4.3.2/../../../../avr/lib/avr6\libc.a(realloc.o)
__mulsf3                                          c:/winavr-20100110/bin/../lib/gcc/avr/4.3.2/avr6\libgcc.a(_mul_sf.o)
                                                  C:\Users\ehaskins.EHNET\Code Local\Next Robots\workspace\Arduino\Debug\libArduino.a(Print.o)
__mulsi_const_10                                  c:/winavr-20100110/bin/../lib/gcc/avr/4.3.2/../../../../avr/lib/avr6\libc.a(mulsi10.o)
                                                  c:/winavr-20100110/bin/../lib/gcc/avr/4.3.2/../../../../avr/lib/avr6\libc.a(atol.o)
__pack_f                                          c:/winavr-20100110/bin/../lib/gcc/avr/4.3.2/avr6\libgcc.a(_pack_sf.o)
                                                  c:/winavr-20100110/bin/../lib/gcc/avr/4.3.2/avr6\libgcc.a(_usi_to_sf.o)
                                                  c:/winavr-20100110/bin/../lib/gcc/avr/4.3.2/avr6\libgcc.a(_si_to_sf.o)
                                                  c:/winavr-20100110/bin/../lib/gcc/avr/4.3.2/avr6\libgcc.a(_div_sf.o)
                                                  c:/winavr-20100110/bin/../lib/gcc/avr/4.3.2/avr6\libgcc.a(_mul_sf.o)
                                                  c:/winavr-20100110/bin/../lib/gcc/avr/4.3.2/avr6\libgcc.a(_addsub_sf.o)
__prologue_saves__                                c:/winavr-20100110/bin/../lib/gcc/avr/4.3.2/avr6\libgcc.a(_prologue.o)
                                                  c:/winavr-20100110/bin/../lib/gcc/avr/4.3.2/../../../../avr/lib/avr6\libc.a(realloc.o)
                                                  c:/winavr-20100110/bin/../lib/gcc/avr/4.3.2/avr6\libgcc.a(_usi_to_sf.o)
                                                  c:/winavr-20100110/bin/../lib/gcc/avr/4.3.2/avr6\libgcc.a(_sf_to_si.o)
                                                  c:/winavr-20100110/bin/../lib/gcc/avr/4.3.2/avr6\libgcc.a(_si_to_sf.o)
                                                  c:/winavr-20100110/bin/../lib/gcc/avr/4.3.2/avr6\libgcc.a(_lt_sf.o)
                                                  c:/winavr-20100110/bin/../lib/gcc/avr/4.3.2/avr6\libgcc.a(_ge_sf.o)
                                                  c:/winavr-20100110/bin/../lib/gcc/avr/4.3.2/avr6\libgcc.a(_div_sf.o)
                                                  c:/winavr-20100110/bin/../lib/gcc/avr/4.3.2/avr6\libgcc.a(_mul_sf.o)
                                                  c:/winavr-20100110/bin/../lib/gcc/avr/4.3.2/avr6\libgcc.a(_addsub_sf.o)
__stack                                           c:/winavr-20100110/bin/../lib/gcc/avr/4.3.2/../../../../avr/lib/avr6/crtm2560.o
__subsf3                                          c:/winavr-20100110/bin/../lib/gcc/avr/4.3.2/avr6\libgcc.a(_addsub_sf.o)
                                                  c:/winavr-20100110/bin/../lib/gcc/avr/4.3.2/avr6\libgcc.a(_fixunssfsi.o)
                                                  C:\Users\ehaskins.EHNET\Code Local\Next Robots\workspace\Arduino\Debug\libArduino.a(Print.o)
__tablejump2__                                    c:/winavr-20100110/bin/../lib/gcc/avr/4.3.2/avr6\libgcc.a(_tablejump.o)
__tablejump__                                     c:/winavr-20100110/bin/../lib/gcc/avr/4.3.2/avr6\libgcc.a(_tablejump.o)
                                                  c:/winavr-20100110/bin/../lib/gcc/avr/4.3.2/avr6\libgcc.a(_ctors.o)
__thenan_sf                                       c:/winavr-20100110/bin/../lib/gcc/avr/4.3.2/avr6\libgcc.a(_thenan_sf.o)
                                                  c:/winavr-20100110/bin/../lib/gcc/avr/4.3.2/avr6\libgcc.a(_div_sf.o)
                                                  c:/winavr-20100110/bin/../lib/gcc/avr/4.3.2/avr6\libgcc.a(_mul_sf.o)
                                                  c:/winavr-20100110/bin/../lib/gcc/avr/4.3.2/avr6\libgcc.a(_addsub_sf.o)
__udivmodhi4                                      c:/winavr-20100110/bin/../lib/gcc/avr/4.3.2/avr6\libgcc.a(_udivmodhi4.o)
                                                  c:/winavr-20100110/bin/../lib/gcc/avr/4.3.2/../../../../avr/lib/avr6\libc.a(itoa.o)
__udivmodsi4                                      c:/winavr-20100110/bin/../lib/gcc/avr/4.3.2/avr6\libgcc.a(_udivmodsi4.o)
                                                  c:/winavr-20100110/bin/../lib/gcc/avr/4.3.2/../../../../avr/lib/avr6\libc.a(ultoa.o)
                                                  c:/winavr-20100110/bin/../lib/gcc/avr/4.3.2/../../../../avr/lib/avr6\libc.a(ltoa.o)
                                                  C:\Users\ehaskins.EHNET\Code Local\Next Robots\workspace\Arduino\Debug\libArduino.a(Print.o)
                                                  C:\Users\ehaskins.EHNET\Code Local\Next Robots\workspace\Arduino\Debug\libArduino.a(HardwareSerial.o)
__unpack_f                                        c:/winavr-20100110/bin/../lib/gcc/avr/4.3.2/avr6\libgcc.a(_unpack_sf.o)
                                                  c:/winavr-20100110/bin/../lib/gcc/avr/4.3.2/avr6\libgcc.a(_sf_to_si.o)
                                                  c:/winavr-20100110/bin/../lib/gcc/avr/4.3.2/avr6\libgcc.a(_lt_sf.o)
                                                  c:/winavr-20100110/bin/../lib/gcc/avr/4.3.2/avr6\libgcc.a(_ge_sf.o)
                                                  c:/winavr-20100110/bin/../lib/gcc/avr/4.3.2/avr6\libgcc.a(_div_sf.o)
                                                  c:/winavr-20100110/bin/../lib/gcc/avr/4.3.2/avr6\libgcc.a(_mul_sf.o)
                                                  c:/winavr-20100110/bin/../lib/gcc/avr/4.3.2/avr6\libgcc.a(_addsub_sf.o)
__vector_1                                        c:/winavr-20100110/bin/../lib/gcc/avr/4.3.2/../../../../avr/lib/avr6/crtm2560.o
__vector_10                                       c:/winavr-20100110/bin/../lib/gcc/avr/4.3.2/../../../../avr/lib/avr6/crtm2560.o
__vector_11                                       c:/winavr-20100110/bin/../lib/gcc/avr/4.3.2/../../../../avr/lib/avr6/crtm2560.o
__vector_12                                       c:/winavr-20100110/bin/../lib/gcc/avr/4.3.2/../../../../avr/lib/avr6/crtm2560.o
__vector_13                                       c:/winavr-20100110/bin/../lib/gcc/avr/4.3.2/../../../../avr/lib/avr6/crtm2560.o
__vector_14                                       c:/winavr-20100110/bin/../lib/gcc/avr/4.3.2/../../../../avr/lib/avr6/crtm2560.o
__vector_15                                       c:/winavr-20100110/bin/../lib/gcc/avr/4.3.2/../../../../avr/lib/avr6/crtm2560.o
__vector_16                                       c:/winavr-20100110/bin/../lib/gcc/avr/4.3.2/../../../../avr/lib/avr6/crtm2560.o