Archive member included because of file (symbol)

C:\Users\ehaskins.EHNET\Code\Next Robots\workspace\Arduino\Debug\libArduino.a(Ethernet.o)
                              ./FRCCommunication.o (EthernetClass::begin(unsigned char*, unsigned char*, unsigned char*, unsigned char*))
C:\Users\ehaskins.EHNET\Code\Next Robots\workspace\Arduino\Debug\libArduino.a(HardwareSerial.o)
                              ./Main.o (HardwareSerial::begin(long))
C:\Users\ehaskins.EHNET\Code\Next Robots\workspace\Arduino\Debug\libArduino.a(Print.o)
                              C:\Users\ehaskins.EHNET\Code\Next Robots\workspace\Arduino\Debug\libArduino.a(HardwareSerial.o) (Print::write(char const*))
C:\Users\ehaskins.EHNET\Code\Next Robots\workspace\Arduino\Debug\libArduino.a(Udp.o)
                              ./FRCCommunication.o (UdpClass::available())
C:\Users\ehaskins.EHNET\Code\Next Robots\workspace\Arduino\Debug\libArduino.a(WString.o)
                              C:\Users\ehaskins.EHNET\Code\Next Robots\workspace\Arduino\Debug\libArduino.a(Print.o) (String::operator[](unsigned int) const)
C:\Users\ehaskins.EHNET\Code\Next Robots\workspace\Arduino\Debug\libArduino.a(socket.o)
                              C:\Users\ehaskins.EHNET\Code\Next Robots\workspace\Arduino\Debug\libArduino.a(Udp.o) (socket(unsigned char, unsigned char, unsigned int, unsigned char))
C:\Users\ehaskins.EHNET\Code\Next Robots\workspace\Arduino\Debug\libArduino.a(w5100.o)
                              C:\Users\ehaskins.EHNET\Code\Next Robots\workspace\Arduino\Debug\libArduino.a(socket.o) (W5100Class::write(unsigned int, unsigned char))
C:\Users\ehaskins.EHNET\Code\Next Robots\workspace\Arduino\Debug\libArduino.a(wiring.o)
                              C:\Users\ehaskins.EHNET\Code\Next Robots\workspace\Arduino\Debug\libArduino.a(w5100.o) (delay)
C:\Users\ehaskins.EHNET\Code\Next Robots\workspace\Arduino\Debug\libArduino.a(wiring_digital.o)
                              ./Main.o (pinMode)
C:\Users\ehaskins.EHNET\Code\Next Robots\workspace\Arduino\Debug\libArduino.a(SPI.o)
                              C:\Users\ehaskins.EHNET\Code\Next Robots\workspace\Arduino\Debug\libArduino.a(w5100.o) (SPIClass::begin())
C:\Users\ehaskins.EHNET\Code\Next Robots\workspace\Arduino\Debug\libArduino.a(pins_arduino.o)
                              C:\Users\ehaskins.EHNET\Code\Next Robots\workspace\Arduino\Debug\libArduino.a(wiring_digital.o) (port_to_mode_PGM)
c:/winavr-20100110/bin/../lib/gcc/avr/4.3.2/avr6\libgcc.a(_divmodhi4.o)
                              ./FRCCommunication.o (__divmodhi4)
c:/winavr-20100110/bin/../lib/gcc/avr/4.3.2/avr6\libgcc.a(_udivmodsi4.o)
                              C:\Users\ehaskins.EHNET\Code\Next Robots\workspace\Arduino\Debug\libArduino.a(HardwareSerial.o) (__udivmodsi4)
c:/winavr-20100110/bin/../lib/gcc/avr/4.3.2/avr6\libgcc.a(_exit.o)
                              c:/winavr-20100110/bin/../lib/gcc/avr/4.3.2/../../../../avr/lib/avr6/crtm2560.o (exit)
c:/winavr-20100110/bin/../lib/gcc/avr/4.3.2/avr6\libgcc.a(_clear_bss.o)
                              ./BitField8.o (__do_clear_bss)
c:/winavr-20100110/bin/../lib/gcc/avr/4.3.2/avr6\libgcc.a(_ctors.o)
                              C:\Users\ehaskins.EHNET\Code\Next Robots\workspace\Arduino\Debug\libArduino.a(HardwareSerial.o) (__do_global_ctors)
c:/winavr-20100110/bin/../lib/gcc/avr/4.3.2/avr6\libgcc.a(_fixunssfsi.o)
                              C:\Users\ehaskins.EHNET\Code\Next Robots\workspace\Arduino\Debug\libArduino.a(Print.o) (__fixunssfsi)
c:/winavr-20100110/bin/../lib/gcc/avr/4.3.2/avr6\libgcc.a(_addsub_sf.o)
                              C:\Users\ehaskins.EHNET\Code\Next Robots\workspace\Arduino\Debug\libArduino.a(Print.o) (__subsf3)
c:/winavr-20100110/bin/../lib/gcc/avr/4.3.2/avr6\libgcc.a(_mul_sf.o)
                              C:\Users\ehaskins.EHNET\Code\Next Robots\workspace\Arduino\Debug\libArduino.a(Print.o) (__mulsf3)
c:/winavr-20100110/bin/../lib/gcc/avr/4.3.2/avr6\libgcc.a(_div_sf.o)
                              C:\Users\ehaskins.EHNET\Code\Next Robots\workspace\Arduino\Debug\libArduino.a(Print.o) (__divsf3)
c:/winavr-20100110/bin/../lib/gcc/avr/4.3.2/avr6\libgcc.a(_ge_sf.o)
                              c:/winavr-20100110/bin/../lib/gcc/avr/4.3.2/avr6\libgcc.a(_fixunssfsi.o) (__gesf2)
c:/winavr-20100110/bin/../lib/gcc/avr/4.3.2/avr6\libgcc.a(_lt_sf.o)
                              C:\Users\ehaskins.EHNET\Code\Next Robots\workspace\Arduino\Debug\libArduino.a(Print.o) (__ltsf2)
c:/winavr-20100110/bin/../lib/gcc/avr/4.3.2/avr6\libgcc.a(_si_to_sf.o)
                              C:\Users\ehaskins.EHNET\Code\Next Robots\workspace\Arduino\Debug\libArduino.a(Print.o) (__floatsisf)
c:/winavr-20100110/bin/../lib/gcc/avr/4.3.2/avr6\libgcc.a(_sf_to_si.o)
                              C:\Users\ehaskins.EHNET\Code\Next Robots\workspace\Arduino\Debug\libArduino.a(Print.o) (__fixsfsi)
[...]
Memory Configuration

Name             Origin             Length             Attributes
text             0x00000000         0x00100000         xr
data             0x00800200         0x0000fe00         rw !x
eeprom           0x00810000         0x00010000         rw !x
fuse             0x00820000         0x00000400         rw !x
lock             0x00830000         0x00000400         rw !x
signature        0x00840000         0x00000400         rw !x
*default*        0x00000000         0xffffffff

Linker script and memory map

Address of section .data set to 0x800200
LOAD c:/winavr-20100110/bin/../lib/gcc/avr/4.3.2/../../../../avr/lib/avr6/crtm2560.o
LOAD ./BitField8.o
LOAD ./ByteReader.o
LOAD ./ByteWriter.o
LOAD ./CommandData.o
LOAD ./FRCCommunication.o
LOAD ./Main.o
LOAD ./Missing.o
LOAD ./Mode.o
LOAD ./StatusData.o
LOAD ./UserCode.o
LOAD ./UserConstants.o
LOAD C:\Users\ehaskins.EHNET\Code\Next Robots\workspace\Arduino\Debug\libArduino.a
LOAD c:/winavr-20100110/bin/../lib/gcc/avr/4.3.2/avr6\libgcc.a
LOAD c:/winavr-20100110/bin/../lib/gcc/avr/4.3.2/../../../../avr/lib/avr6\libm.a
LOAD c:/winavr-20100110/bin/../lib/gcc/avr/4.3.2/avr6\libgcc.a
LOAD c:/winavr-20100110/bin/../lib/gcc/avr/4.3.2/../../../../avr/lib/avr6\libc.a
LOAD c:/winavr-20100110/bin/../lib/gcc/avr/4.3.2/avr6\libgcc.a

.hash
 *(.hash)

.dynsym
 *(.dynsym)

.dynstr
 *(.dynstr)

.gnu.version
 *(.gnu.version)

.gnu.version_d
 *(.gnu.version_d)

.gnu.version_r
 *(.gnu.version_r)

.rel.init
 *(.rel.init)

.rela.init
 *(.rela.init)

.rel.text
 *(.rel.text)
 *(.rel.text.*)
 *(.rel.gnu.linkonce.t*)

.rela.text
 *(.rela.text)
 *(.rela.text.*)
 *(.rela.gnu.linkonce.t*)

.rel.fini
 *(.rel.fini)

.rela.fini
 *(.rela.fini)

.rel.rodata
 *(.rel.rodata)
 *(.rel.rodata.*)
 *(.rel.gnu.linkonce.r*)

.rela.rodata
 *(.rela.rodata)
 *(.rela.rodata.*)
 *(.rela.gnu.linkonce.r*)

.rel.data
 *(.rel.data)
 *(.rel.data.*)
 *(.rel.gnu.linkonce.d*)

.rela.data
 *(.rela.data)
 *(.rela.data.*)
 *(.rela.gnu.linkonce.d*)

.rel.ctors
 *(.rel.ctors)

.rela.ctors
 *(.rela.ctors)

.rel.dtors
 *(.rel.dtors)

.rela.dtors
 *(.rela.dtors)

.rel.got
 *(.rel.got)

.rela.got
 *(.rela.got)

.rel.bss
 *(.rel.bss)

.rela.bss
 *(.rela.bss)

.rel.plt
 *(.rel.plt)

.rela.plt
 *(.rela.plt)

.text           0x00000000     0x1f3e
 *(.vectors)
 .vectors       0x00000000       0xe4 c:/winavr-20100110/bin/../lib/gcc/avr/4.3.2/../../../../avr/lib/avr6/crtm2560.o
                0x00000000                __vectors
                0x00000000                __vector_default
 *(.vectors)
 *(.progmem.gcc*)
 *(.progmem*)
 .progmem.data  0x000000e4      0x120 C:\Users\ehaskins.EHNET\Code\Next Robots\workspace\Arduino\Debug\libArduino.a(pins_arduino.o)
                0x000000e4                port_to_mode_PGM
                0x00000132                digital_pin_to_port_PGM
                0x00000178                digital_pin_to_bit_mask_PGM
                0x000000fe                port_to_output_PGM
                0x00000118                port_to_input_PGM
                0x000001be                digital_pin_to_timer_PGM
                0x00000204                . = ALIGN (0x2)
                0x00000204                __trampolines_start = .
 *(.trampolines)
 .trampolines   0x00000204        0x0 linker stubs
 *(.trampolines*)
                0x00000204                __trampolines_end = .
 *(.jumptables)
 *(.jumptables*)
 *(.lowtext)
 *(.lowtext*)
                0x00000204                __ctors_start = .
 *(.ctors)
 .ctors         0x00000204        0x2 C:\Users\ehaskins.EHNET\Code\Next Robots\workspace\Arduino\Debug\libArduino.a(HardwareSerial.o)
                0x00000206                __ctors_end = .
                0x00000206                __dtors_start = .
 *(.dtors)
                0x00000206                __dtors_end = .
 SORT(*)(.ctors)
 SORT(*)(.dtors)
 *(.init0)
 .init0         0x00000206        0x0 c:/winavr-20100110/bin/../lib/gcc/avr/4.3.2/../../../../avr/lib/avr6/crtm2560.o
                0x00000206                __init
 *(.init0)
 *(.init1)
 *(.init1)
 *(.init2)
 .init2         0x00000206       0x10 c:/winavr-20100110/bin/../lib/gcc/avr/4.3.2/../../../../avr/lib/avr6/crtm2560.o
 *(.init2)
 *(.init3)
 *(.init3)
 *(.init4)
 .init4         0x00000216       0x1c c:/winavr-20100110/bin/../lib/gcc/avr/4.3.2/../../../../avr/lib/avr6/crtm2560.o
                0x00000216                __do_copy_data
 .init4         0x00000232       0x10 c:/winavr-20100110/bin/../lib/gcc/avr/4.3.2/avr6\libgcc.a(_clear_bss.o)
                0x00000232                __do_clear_bss
 *(.init4)
 *(.init5)
 *(.init5)
 *(.init6)
 .init6         0x00000242       0x16 c:/winavr-20100110/bin/../lib/gcc/avr/4.3.2/avr6\libgcc.a(_ctors.o)
                0x00000242                __do_global_ctors
 *(.init6)
 *(.init7)
 *(.init7)
 *(.init8)
 *(.init8)
 *(.init9)
 .init9         0x00000258        0x8 c:/winavr-20100110/bin/../lib/gcc/avr/4.3.2/../../../../avr/lib/avr6/crtm2560.o
 *(.init9)
 *(.text)
 .text          0x00000260        0x4 c:/winavr-20100110/bin/../lib/gcc/avr/4.3.2/../../../../avr/lib/avr6/crtm2560.o
                0x00000260                __vector_38
                0x00000260                __vector_22
                0x00000260                __vector_28
                0x00000260                __vector_1
                0x00000260                __vector_32
                0x00000260                __vector_34
                0x00000260                __vector_24
                0x00000260                __vector_12
                0x00000260                __vector_55
                0x00000260                __vector_46
                0x00000260                __bad_interrupt
                0x00000260                __vector_6
                0x00000260                __vector_31
                0x00000260                __vector_35
                0x00000260                __vector_39
                0x00000260                __vector_3
                0x00000260                __vector_30
                0x00000260                __vector_45
                0x00000260                __vector_11
                0x00000260                __vector_13
                0x00000260                __vector_17
                0x00000260                __vector_19
                0x00000260                __vector_56
                0x00000260                __vector_7
                0x00000260                __vector_49
                0x00000260                __vector_41
                0x00000260                __vector_43
                0x00000260                __vector_27
                0x00000260                __vector_5
                0x00000260                __vector_33
                0x00000260                __vector_47
                0x00000260                __vector_52
                0x00000260                __vector_37
                0x00000260                __vector_4
                0x00000260                __vector_44
                0x00000260                __vector_9
                0x00000260                __vector_2
                0x00000260                __vector_21
                0x00000260                __vector_15
                0x00000260                __vector_29
                0x00000260                __vector_40
                0x00000260                __vector_8
                0x00000260                __vector_26
                0x00000260                __vector_48
                0x00000260                __vector_14
                0x00000260                __vector_53
                0x00000260                __vector_10
                0x00000260                __vector_50
                0x00000260                __vector_16
                0x00000260                __vector_18
                0x00000260                __vector_20
                0x00000260                __vector_42
 .text          0x00000264       0x3a ./BitField8.o
                0x00000274                BitField8::getBit(int)
                0x0000029c                BitField8::setBit(int, bool)
                0x00000264                BitField8::getBitMask(int)
 .text          0x0000029e       0x8a ./ByteReader.o
                0x000002b8                ReadUInt16(unsigned char*, int*)
                0x000002dc                ReadUInt32(unsigned char*, int*)
                0x00000300                ReadUInt64(unsigned char*, int*)
                0x0000029e                ReadUInt8(unsigned char*, int*)
 .text          0x00000328       0x22 ./ByteWriter.o
                0x00000338                WriteUInt16(unsigned char*, unsigned short, int)
                0x00000328                WriteByte(unsigned char*, unsigned char, int)
 .text          0x0000034a       0xdc ./CommandData.o
                0x0000034a                CommandData::parse(unsigned char*)
 .text          0x00000426      0x230 ./FRCCommunication.o
                0x00000522                FRCCommunication::newDataReady()
                0x000005cc                FRCCommunication::init(short)
                0x00000426                FRCCommunication::sendData()
 .text          0x00000656       0x6e ./Main.o
                0x00000656                loop
                0x000006ba                main
                0x00000674                setup
 .text          0x000006c4       0x9a ./Mode.o
                0x00000754                Mode::getFpgaChecksum()
                0x000006dc                Mode::setEnabled(bool)
                0x000006c4                Mode::setReset(bool)
                0x00000718                Mode::getReset()
                0x000006d0                Mode::setEStop(bool)
                0x00000740                Mode::getResync()
                0x0000074a                Mode::getCRioChecksum()
                0x000006e8                Mode::setAutonomous(bool)
                0x00000700                Mode::setCRioChecksum(bool)
                0x000006f4                Mode::setResync(bool)
                0x0000072c                Mode::getEnabled()
                0x0000070c                Mode::setFpgaChecksum(bool)
                0x00000722                Mode::getEStop()
                0x00000736                Mode::getAutonomous()
 .text          0x0000075e       0xea ./StatusData.o
                0x0000075e                StatusData::updateResponse(CommandData*)
                0x00000774                StatusData::getResponseBytes(unsigned char*)
 .text          0x00000848       0x12 ./UserCode.o
                0x0000084c                userInit()
                0x00000848                fastLoop()
                0x0000084a                slowLoop()
 .text          0x0000085a      0x282 C:\Users\ehaskins.EHNET\Code\Next Robots\workspace\Arduino\Debug\libArduino.a(wiring.o)
                0x0000085a                __vector_23
                0x00000a18                init
                0x00000906                micros
                0x00000952                delay
                0x000008ea                millis
                0x00000a04                delayMicroseconds
 .text          0x00000adc      0x1fc C:\Users\ehaskins.EHNET\Code\Next Robots\workspace\Arduino\Debug\libArduino.a(wiring_digital.o)
                0x00000c78                digitalRead
                0x00000c0e                digitalWrite
                0x00000adc                pinMode
                0x00000cd8                . = ALIGN (0x2)
 *(.text.*)
 .text._ZN13EthernetClass5beginEPhS0_S0_S0_
                0x00000cd8       0x68 C:\Users\ehaskins.EHNET\Code\Next Robots\workspace\Arduino\Debug\libArduino.a(Ethernet.o)
                0x00000cd8                EthernetClass::begin(unsigned char*, unsigned char*, unsigned char*, unsigned char*)
 .text.__vector_25
                0x00000d40       0x6a C:\Users\ehaskins.EHNET\Code\Next Robots\workspace\Arduino\Debug\libArduino.a(HardwareSerial.o)
                0x00000d40                __vector_25
 .text.__vector_36
                0x00000daa       0x6a C:\Users\ehaskins.EHNET\Code\Next Robots\workspace\Arduino\Debug\libArduino.a(HardwareSerial.o)
                0x00000daa                __vector_36
 .text.__vector_51
                0x00000e14       0x6a C:\Users\ehaskins.EHNET\Code\Next Robots\workspace\Arduino\Debug\libArduino.a(HardwareSerial.o)
                0x00000e14                __vector_51
 .text.__vector_54
                0x00000e7e       0x6a C:\Users\ehaskins.EHNET\Code\Next Robots\workspace\Arduino\Debug\libArduino.a(HardwareSerial.o)
                0x00000e7e                __vector_54
 .text._ZN14HardwareSerial5beginEl
                0x00000ee8       0xb2 C:\Users\ehaskins.EHNET\Code\Next Robots\workspace\Arduino\Debug\libArduino.a(HardwareSerial.o)
                0x00000ee8                HardwareSerial::begin(long)
 .text._ZN14HardwareSerial9availableEv
                0x00000f9a       0x22 C:\Users\ehaskins.EHNET\Code\Next Robots\workspace\Arduino\Debug\libArduino.a(HardwareSerial.o)
                0x00000f9a                HardwareSerial::available()
 .text._ZN14HardwareSerial4peekEv
                0x00000fbc       0x34 C:\Users\ehaskins.EHNET\Code\Next Robots\workspace\Arduino\Debug\libArduino.a(HardwareSerial.o)
                0x00000fbc                HardwareSerial::peek()
 .text._ZN14HardwareSerial4readEv
                0x00000ff0       0x48 C:\Users\ehaskins.EHNET\Code\Next Robots\workspace\Arduino\Debug\libArduino.a(HardwareSerial.o)
                0x00000ff0                HardwareSerial::read()
 .text._ZN14HardwareSerial5flushEv
                0x00001038       0x18 C:\Users\ehaskins.EHNET\Code\Next Robots\workspace\Arduino\Debug\libArduino.a(HardwareSerial.o)
                0x00001038                HardwareSerial::flush()
 .text._ZN14HardwareSerial5writeEh
                0x00001050       0x26 C:\Users\ehaskins.EHNET\Code\Next Robots\workspace\Arduino\Debug\libArduino.a(HardwareSerial.o)
                0x00001050                HardwareSerial::write(unsigned char)
 .text._GLOBAL__I_rx_buffer
                0x00001076      0x1a0 C:\Users\ehaskins.EHNET\Code\Next Robots\workspace\Arduino\Debug\libArduino.a(HardwareSerial.o)
 .text._ZN5Print5writeEPKc
                0x00001216       0x30 C:\Users\ehaskins.EHNET\Code\Next Robots\workspace\Arduino\Debug\libArduino.a(Print.o)
                0x00001216                Print::write(char const*)
 .text._ZN5Print5writeEPKhj
                0x00001246       0x3e C:\Users\ehaskins.EHNET\Code\Next Robots\workspace\Arduino\Debug\libArduino.a(Print.o)
                0x00001246                Print::write(unsigned char const*, unsigned int)
 .text._ZN5Print5printEPKc
                0x00001284       0x10 C:\Users\ehaskins.EHNET\Code\Next Robots\workspace\Arduino\Debug\libArduino.a(Print.o)
                0x00001284                Print::print(char const*)
 .text._ZN5Print11printNumberEmh
                0x00001294      0x130 C:\Users\ehaskins.EHNET\Code\Next Robots\workspace\Arduino\Debug\libArduino.a(Print.o)
                0x00001294                Print::printNumber(unsigned long, unsigned char)
 .text._ZN5Print5printEmi
                0x000013c4       0x1e C:\Users\ehaskins.EHNET\Code\Next Robots\workspace\Arduino\Debug\libArduino.a(Print.o)
                0x000013c4                Print::print(unsigned long, int)
 .text._ZN5Print5printEji
                0x000013e2       0x22 C:\Users\ehaskins.EHNET\Code\Next Robots\workspace\Arduino\Debug\libArduino.a(Print.o)
                0x000013e2                Print::print(unsigned int, int)
 .text._ZN5Print5printEli
                0x00001404       0x6c C:\Users\ehaskins.EHNET\Code\Next Robots\workspace\Arduino\Debug\libArduino.a(Print.o)
                0x00001404                Print::print(long, int)
 .text._ZN5Print5printEii
                0x00001470       0x26 C:\Users\ehaskins.EHNET\Code\Next Robots\workspace\Arduino\Debug\libArduino.a(Print.o)
                0x00001470                Print::print(int, int)
 .text._ZN5Print7printlnEv
                0x00001496       0x2e C:\Users\ehaskins.EHNET\Code\Next Robots\workspace\Arduino\Debug\libArduino.a(Print.o)
                0x00001496                Print::println()
 .text._ZN5Print7printlnEPKc
                0x000014c4       0x16 C:\Users\ehaskins.EHNET\Code\Next Robots\workspace\Arduino\Debug\libArduino.a(Print.o)
                0x000014c4                Print::println(char const*)
 .text._ZN5Print7printlnEii
                0x000014da       0x36 C:\Users\ehaskins.EHNET\Code\Next Robots\workspace\Arduino\Debug\libArduino.a(Print.o)
                0x000014da                Print::println(int, int)
 .text._ZN8UdpClass9availableEv
                0x00001510        0xe C:\Users\ehaskins.EHNET\Code\Next Robots\workspace\Arduino\Debug\libArduino.a(Udp.o)
                0x00001510                UdpClass::available()
 .text._ZN8UdpClass10readPacketEPhjS0_Pj
                0x0000151e      0x13e C:\Users\ehaskins.EHNET\Code\Next Robots\workspace\Arduino\Debug\libArduino.a(Udp.o)
                0x0000151e                UdpClass::readPacket(unsigned char*, unsigned int, unsigned char*, unsigned int*)
 .text._ZN8UdpClass10readPacketEPcjPhRj
                0x0000165c       0x3c C:\Users\ehaskins.EHNET\Code\Next Robots\workspace\Arduino\Debug\libArduino.a(Udp.o)
                0x0000165c                UdpClass::readPacket(char*, unsigned int, unsigned char*, unsigned int&)
 .text._ZN8UdpClass10sendPacketEPhjS0_j
                0x00001698       0x12 C:\Users\ehaskins.EHNET\Code\Next Robots\workspace\Arduino\Debug\libArduino.a(Udp.o)
                0x00001698                UdpClass::sendPacket(unsigned char*, unsigned int, unsigned char*, unsigned int)
 .text._ZN8UdpClass5beginEj
                0x000016aa       0x16 C:\Users\ehaskins.EHNET\Code\Next Robots\workspace\Arduino\Debug\libArduino.a(Udp.o)
                0x000016aa                UdpClass::begin(unsigned int)
 .text._Z5closeh
                0x000016c0       0x26 C:\Users\ehaskins.EHNET\Code\Next Robots\workspace\Arduino\Debug\libArduino.a(socket.o)
                0x000016c0                close(unsigned char)
 .text._ZN10W5100Class12writeSnRX_RDEhj
                0x000016e6       0x30 C:\Users\ehaskins.EHNET\Code\Next Robots\workspace\Arduino\Debug\libArduino.a(socket.o)
                0x000016e6                W5100Class::writeSnRX_RD(unsigned char, unsigned int)
 .text._ZN10W5100Class12writeSnDPORTEhj
                0x00001716       0x30 C:\Users\ehaskins.EHNET\Code\Next Robots\workspace\Arduino\Debug\libArduino.a(socket.o)
                0x00001716                W5100Class::writeSnDPORT(unsigned char, unsigned int)
 .text._ZN10W5100Class11writeSnPORTEhj
                0x00001746       0x30 C:\Users\ehaskins.EHNET\Code\Next Robots\workspace\Arduino\Debug\libArduino.a(socket.o)
                0x00001746                W5100Class::writeSnPORT(unsigned char, unsigned int)
 .text._Z6sockethhjh
                0x00001776       0x70 C:\Users\ehaskins.EHNET\Code\Next Robots\workspace\Arduino\Debug\libArduino.a(socket.o)
                0x00001776                socket(unsigned char, unsigned char, unsigned int, unsigned char)
 .text._Z8recvfromhPhjS_Pj
                0x000017e6      0x188 C:\Users\ehaskins.EHNET\Code\Next Robots\workspace\Arduino\Debug\libArduino.a(socket.o)
                0x000017e6                recvfrom(unsigned char, unsigned char*, unsigned int, unsigned char*, unsigned int*)
 .text._Z6sendtohPKhjPhj
                0x0000196e       0xd6 C:\Users\ehaskins.EHNET\Code\Next Robots\workspace\Arduino\Debug\libArduino.a(socket.o)
                0x0000196e                sendto(unsigned char, unsigned char const*, unsigned int, unsigned char*, unsigned int)
 .text._Z4recvhPhj
                0x00001a44       0x44 C:\Users\ehaskins.EHNET\Code\Next Robots\workspace\Arduino\Debug\libArduino.a(socket.o)
                0x00001a44                recv(unsigned char, unsigned char*, unsigned int)
 .text._ZN10W5100Class5writeEjh
                0x00001a88       0x34 C:\Users\ehaskins.EHNET\Code\Next Robots\workspace\Arduino\Debug\libArduino.a(w5100.o)
                0x00001a88                W5100Class::write(unsigned int, unsigned char)
 .text._ZN10W5100Class5writeEjPhj
                0x00001abc       0x4e C:\Users\ehaskins.EHNET\Code\Next Robots\workspace\Arduino\Debug\libArduino.a(w5100.o)
                0x00001abc                W5100Class::write(unsigned int, unsigned char*, unsigned int)
 .text._ZN10W5100Class4readEj
                0x00001b0a       0x32 C:\Users\ehaskins.EHNET\Code\Next Robots\workspace\Arduino\Debug\libArduino.a(w5100.o)
                0x00001b0a                W5100Class::read(unsigned int)
 .text._ZN10W5100Class6readSnEhj
                0x00001b3c       0x12 C:\Users\ehaskins.EHNET\Code\Next Robots\workspace\Arduino\Debug\libArduino.a(w5100.o)
                0x00001b3c                W5100Class::readSn(unsigned char, unsigned int)
 .text._ZN10W5100Class20send_data_processingEhPhj
                0x00001b4e       0xcc C:\Users\ehaskins.EHNET\Code\Next Robots\workspace\Arduino\Debug\libArduino.a(w5100.o)
                0x00001b4e                W5100Class::send_data_processing(unsigned char, unsigned char*, unsigned int)
 .text._ZN10W5100Class12readSnRX_RSREh
                0x00001c1a       0x2c C:\Users\ehaskins.EHNET\Code\Next Robots\workspace\Arduino\Debug\libArduino.a(w5100.o)
                0x00001c1a                W5100Class::readSnRX_RSR(unsigned char)
 .text._ZN10W5100Class17getRXReceivedSizeEh
                0x00001c46       0x38 C:\Users\ehaskins.EHNET\Code\Next Robots\workspace\Arduino\Debug\libArduino.a(w5100.o)
                0x00001c46                W5100Class::getRXReceivedSize(unsigned char)
 .text._ZN10W5100Class4readEjPhj
                0x00001c7e       0x4e C:\Users\ehaskins.EHNET\Code\Next Robots\workspace\Arduino\Debug\libArduino.a(w5100.o)
                0x00001c7e                W5100Class::read(unsigned int, unsigned char*, unsigned int)
 .text._ZN10W5100Class9read_dataEhPVhS1_j
                0x00001ccc       0x76 C:\Users\ehaskins.EHNET\Code\Next Robots\workspace\Arduino\Debug\libArduino.a(w5100.o)
                0x00001ccc                W5100Class::read_data(unsigned char, unsigned char volatile*, unsigned char volatile*, unsigned int)
 .text._ZN10W5100Class20recv_data_processingEhPhjh
                0x00001d42       0x94 C:\Users\ehaskins.EHNET\Code\Next Robots\workspace\Arduino\Debug\libArduino.a(w5100.o)
                0x00001d42                W5100Class::recv_data_processing(unsigned char, unsigned char*, unsigned int, unsigned char)
 .text._ZN10W5100Class9execCmdSnEh7SockCMD
                0x00001dd6       0x24 C:\Users\ehaskins.EHNET\Code\Next Robots\workspace\Arduino\Debug\libArduino.a(w5100.o)
                0x00001dd6                W5100Class::execCmdSn(unsigned char, SockCMD)
 .text._ZN10W5100Class4initEv
                0x00001dfa       0x64 C:\Users\ehaskins.EHNET\Code\Next Robots\workspace\Arduino\Debug\libArduino.a(w5100.o)
                0x00001dfa                W5100Class::init()
 .text._ZN8SPIClass5beginEv
                0x00001e5e       0x3e C:\Users\ehaskins.EHNET\Code\Next Robots\workspace\Arduino\Debug\libArduino.a(SPI.o)
                0x00001e5e                SPIClass::begin()
 .text.libgcc   0x00001e9c       0x26 c:/winavr-20100110/bin/../lib/gcc/avr/4.3.2/avr6\libgcc.a(_divmodhi4.o)
                0x00001e9c                __divmodhi4
                0x00001e9c                _div
 .text.libgcc   0x00001ec2       0x44 c:/winavr-20100110/bin/../lib/gcc/avr/4.3.2/avr6\libgcc.a(_udivmodsi4.o)
                0x00001ec2                __udivmodsi4
 .text.libgcc   0x00001f06       0x28 c:/winavr-20100110/bin/../lib/gcc/avr/4.3.2/avr6\libgcc.a(_udivmodhi4.o)
                0x00001f06                __udivmodhi4
 .text.libgcc   0x00001f2e        0xc c:/winavr-20100110/bin/../lib/gcc/avr/4.3.2/avr6\libgcc.a(_tablejump.o)
                0x00001f32                __tablejump__
                0x00001f2e                __tablejump2__
                0x00001f3a                . = ALIGN (0x2)
 *(.fini9)
 .fini9         0x00001f3a        0x0 c:/winavr-20100110/bin/../lib/gcc/avr/4.3.2/avr6\libgcc.a(_exit.o)
                0x00001f3a                exit
                0x00001f3a                _exit
 *(.fini9)
 *(.fini8)
 *(.fini8)
 *(.fini7)
 *(.fini7)
 *(.fini6)
 *(.fini6)
 *(.fini5)
 *(.fini5)
 *(.fini4)
 *(.fini4)
 *(.fini3)
 *(.fini3)
 *(.fini2)
 *(.fini2)
 *(.fini1)
 *(.fini1)
 *(.fini0)
 .fini0         0x00001f3a        0x4 c:/winavr-20100110/bin/../lib/gcc/avr/4.3.2/avr6\libgcc.a(_exit.o)
 *(.fini0)
                0x00001f3e                _etext = .

.data           0x00800200       0x8c load address 0x00001f3e
                0x00800200                PROVIDE (__data_start, .)
 *(.data)
 .data          0x00800200       0x4d ./FRCCommunication.o
 .data          0x0080024d        0x7 ./Main.o
 .data          0x00800254       0x14 ./UserCode.o
 .data          0x00800268       0x12 ./UserConstants.o
                0x00800278                TEAM_NUMBER
                0x00800274                GATEWAY
                0x0080026e                ROBOT_NETWORK
                0x00800268                MAC
                0x0080026f                ROBOT_IP
                0x00800270                SUBNET
 *(.data*)
 *(.rodata)
 *(.rodata*)
 .rodata._ZTV14HardwareSerial
                0x0080027a       0x12 C:\Users\ehaskins.EHNET\Code\Next Robots\workspace\Arduino\Debug\libArduino.a(HardwareSerial.o)
                0x0080027a                vtable for HardwareSerial
 *(.gnu.linkonce.d*)
                0x0080028c                . = ALIGN (0x2)
                0x0080028c                _edata = .
                0x0080028c                PROVIDE (__data_end, .)

.bss            0x0080028c      0xad2
                0x0080028c                PROVIDE (__bss_start, .)
 *(.bss)
 .bss           0x0080028c      0x857 ./FRCCommunication.o
                0x00800adb                remoteIp
                0x0080028c                communication
                0x00800ae1                counter
                0x00800adf                remotePort
 .bss           0x00800ae3        0x9 C:\Users\ehaskins.EHNET\Code\Next Robots\workspace\Arduino\Debug\libArduino.a(wiring.o)
                0x00800ae3                timer0_overflow_count
                0x00800ae7                timer0_millis
 *(.bss*)
 .bss.Ethernet  0x00800aec        0x1 C:\Users\ehaskins.EHNET\Code\Next Robots\workspace\Arduino\Debug\libArduino.a(Ethernet.o)
                0x00800aec                Ethernet
 .bss.rx_buffer
                0x00800aed       0x84 C:\Users\ehaskins.EHNET\Code\Next Robots\workspace\Arduino\Debug\libArduino.a(HardwareSerial.o)
                0x00800aed                rx_buffer
 .bss.rx_buffer1
                0x00800b71       0x84 C:\Users\ehaskins.EHNET\Code\Next Robots\workspace\Arduino\Debug\libArduino.a(HardwareSerial.o)
                0x00800b71                rx_buffer1
 .bss.rx_buffer2
                0x00800bf5       0x84 C:\Users\ehaskins.EHNET\Code\Next Robots\workspace\Arduino\Debug\libArduino.a(HardwareSerial.o)
                0x00800bf5                rx_buffer2
 .bss.rx_buffer3
                0x00800c79       0x84 C:\Users\ehaskins.EHNET\Code\Next Robots\workspace\Arduino\Debug\libArduino.a(HardwareSerial.o)
                0x00800c79                rx_buffer3
 .bss.Serial    0x00800cfd       0x13 C:\Users\ehaskins.EHNET\Code\Next Robots\workspace\Arduino\Debug\libArduino.a(HardwareSerial.o)
                0x00800cfd                Serial
 .bss.Serial1   0x00800d10       0x13 C:\Users\ehaskins.EHNET\Code\Next Robots\workspace\Arduino\Debug\libArduino.a(HardwareSerial.o)
                0x00800d10                Serial1
 .bss.Serial2   0x00800d23       0x13 C:\Users\ehaskins.EHNET\Code\Next Robots\workspace\Arduino\Debug\libArduino.a(HardwareSerial.o)
                0x00800d23                Serial2
 .bss.Serial3   0x00800d36       0x13 C:\Users\ehaskins.EHNET\Code\Next Robots\workspace\Arduino\Debug\libArduino.a(HardwareSerial.o)
                0x00800d36                Serial3
 .bss.Udp       0x00800d49        0x3 C:\Users\ehaskins.EHNET\Code\Next Robots\workspace\Arduino\Debug\libArduino.a(Udp.o)
                0x00800d49                Udp
 .bss._ZL10local_port
                0x00800d4c        0x2 C:\Users\ehaskins.EHNET\Code\Next Robots\workspace\Arduino\Debug\libArduino.a(socket.o)
 .bss.W5100     0x00800d4e       0x10 C:\Users\ehaskins.EHNET\Code\Next Robots\workspace\Arduino\Debug\libArduino.a(w5100.o)
                0x00800d4e                W5100
 *(COMMON)
                0x00800d5e                PROVIDE (__bss_end, .)
                0x00001f3e                __data_load_start = LOADADDR (.data)
                0x00001fca                __data_load_end = (__data_load_start + SIZEOF (.data))

.noinit         0x00800d5e        0x0
                0x00800d5e                PROVIDE (__noinit_start, .)
 *(.noinit*)
                0x00800d5e                PROVIDE (__noinit_end, .)
                0x00800d5e                _end = .
                0x00800d5e                PROVIDE (__heap_start, .)

.eeprom         0x00810000        0x0
 *(.eeprom*)
                0x00810000                __eeprom_end = .

.fuse
 *(.fuse)
 *(.lfuse)
 *(.hfuse)
 *(.efuse)

.lock
 *(.lock*)

.signature
 *(.signature*)

.stab
 *(.stab)

.stabstr
 *(.stabstr)

.stab.excl
 *(.stab.excl)

.stab.exclstr
 *(.stab.exclstr)

.stab.index
 *(.stab.index)

.stab.indexstr
 *(.stab.indexstr)

.comment
 *(.comment)

.debug
 *(.debug)

.line
 *(.line)

.debug_srcinfo
 *(.debug_srcinfo)

.debug_sfnames
 *(.debug_sfnames)

.debug_aranges
 *(.debug_aranges)

.debug_pubnames
 *(.debug_pubnames)

.debug_info
 *(.debug_info)
 *(.gnu.linkonce.wi.*)

.debug_abbrev
 *(.debug_abbrev)

.debug_line
 *(.debug_line)

.debug_frame
 *(.debug_frame)

.debug_str
 *(.debug_str)

.debug_loc
 *(.debug_loc)

.debug_macinfo
 *(.debug_macinfo)
OUTPUT(RobotTemplate.elf elf32-avr)
LOAD linker stubs

Cross Reference Table

Symbol                                            File
BitField8::getBit(int)                            ./BitField8.o
                                                  ./Mode.o
BitField8::getBitMask(int)                        ./BitField8.o
BitField8::setBit(int, bool)                      ./BitField8.o
                                                  ./Mode.o
CommandData::parse(unsigned char*)                ./CommandData.o
                                                  ./FRCCommunication.o
Ethernet                                          C:\Users\ehaskins.EHNET\Code\Next Robots\workspace\Arduino\Debug\libArduino.a(Ethernet.o)
                                                  ./FRCCommunication.o
EthernetClass::_server_port                       C:\Users\ehaskins.EHNET\Code\Next Robots\workspace\Arduino\Debug\libArduino.a(Ethernet.o)
EthernetClass::_state                             C:\Users\ehaskins.EHNET\Code\Next Robots\workspace\Arduino\Debug\libArduino.a(Ethernet.o)
EthernetClass::begin(unsigned char*, unsigned char*) C:\Users\ehaskins.EHNET\Code\Next Robots\workspace\Arduino\Debug\libArduino.a(Ethernet.o)
EthernetClass::begin(unsigned char*, unsigned char*, unsigned char*) C:\Users\ehaskins.EHNET\Code\Next Robots\workspace\Arduino\Debug\libArduino.a(Ethernet.o)
EthernetClass::begin(unsigned char*, unsigned char*, unsigned char*, unsigned char*) C:\Users\ehaskins.EHNET\Code\Next Robots\workspace\Arduino\Debug\libArduino.a(Ethernet.o)
                                                  ./FRCCommunication.o
FRCCommunication::init(short)                     ./FRCCommunication.o
                                                  ./Main.o
FRCCommunication::newDataReady()                  ./FRCCommunication.o
                                                  ./Main.o
FRCCommunication::sendData()                      ./FRCCommunication.o
                                                  ./Main.o
GATEWAY                                           ./UserConstants.o
                                                  ./FRCCommunication.o
HardwareSerial::HardwareSerial(ring_buffer*, unsigned char volatile*, unsigned char volatile*, unsigned char volatile*, unsigned char volatile*, unsigned char volatile*, unsigned char, unsigned char, unsigned char, unsigned char, unsigned char) C:\Users\ehaskins.EHNET\Code\Next Robots\workspace\Arduino\Debug\libArduino.a(HardwareSerial.o)
HardwareSerial::HardwareSerial(ring_buffer*, unsigned char volatile*, unsigned char volatile*, unsigned char volatile*, unsigned char volatile*, unsigned char volatile*, unsigned char, unsigned char, unsigned char, unsigned char, unsigned char) C:\Users\ehaskins.EHNET\Code\Next Robots\workspace\Arduino\Debug\libArduino.a(HardwareSerial.o)
HardwareSerial::available()                       C:\Users\ehaskins.EHNET\Code\Next Robots\workspace\Arduino\Debug\libArduino.a(HardwareSerial.o)
HardwareSerial::begin(long)                       C:\Users\ehaskins.EHNET\Code\Next Robots\workspace\Arduino\Debug\libArduino.a(HardwareSerial.o)
                                                  ./Main.o
HardwareSerial::end()                             C:\Users\ehaskins.EHNET\Code\Next Robots\workspace\Arduino\Debug\libArduino.a(HardwareSerial.o)
HardwareSerial::flush()                           C:\Users\ehaskins.EHNET\Code\Next Robots\workspace\Arduino\Debug\libArduino.a(HardwareSerial.o)
HardwareSerial::peek()                            C:\Users\ehaskins.EHNET\Code\Next Robots\workspace\Arduino\Debug\libArduino.a(HardwareSerial.o)
HardwareSerial::read()                            C:\Users\ehaskins.EHNET\Code\Next Robots\workspace\Arduino\Debug\libArduino.a(HardwareSerial.o)
HardwareSerial::write(unsigned char)              C:\Users\ehaskins.EHNET\Code\Next Robots\workspace\Arduino\Debug\libArduino.a(HardwareSerial.o)
MAC                                               ./UserConstants.o
                                                  ./StatusData.o
                                                  ./FRCCommunication.o
Mode::getAutonomous()                             ./Mode.o
Mode::getCRioChecksum()                           ./Mode.o
Mode::getEStop()                                  ./Mode.o
                                                  ./FRCCommunication.o
Mode::getEnabled()                                ./Mode.o
Mode::getFpgaChecksum()                           ./Mode.o
Mode::getReset()                                  ./Mode.o
Mode::getResync()                                 ./Mode.o
                                                  ./FRCCommunication.o
Mode::setAutonomous(bool)                         ./Mode.o
Mode::setCRioChecksum(bool)                       ./Mode.o
Mode::setEStop(bool)                              ./Mode.o
                                                  ./FRCCommunication.o
Mode::setEnabled(bool)                            ./Mode.o
Mode::setFpgaChecksum(bool)                       ./Mode.o
Mode::setReset(bool)                              ./Mode.o
Mode::setResync(bool)                             ./Mode.o
Print::print(String const&)                       C:\Users\ehaskins.EHNET\Code\Next Robots\workspace\Arduino\Debug\libArduino.a(Print.o)
Print::print(char const*)                         C:\Users\ehaskins.EHNET\Code\Next Robots\workspace\Arduino\Debug\libArduino.a(Print.o)
                                                  ./FRCCommunication.o
Print::print(char, int)                           C:\Users\ehaskins.EHNET\Code\Next Robots\workspace\Arduino\Debug\libArduino.a(Print.o)
Print::print(double, int)                         C:\Users\ehaskins.EHNET\Code\Next Robots\workspace\Arduino\Debug\libArduino.a(Print.o)
Print::print(int, int)                            C:\Users\ehaskins.EHNET\Code\Next Robots\workspace\Arduino\Debug\libArduino.a(Print.o)
                                                  ./FRCCommunication.o
Print::print(long, int)                           C:\Users\ehaskins.EHNET\Code\Next Robots\workspace\Arduino\Debug\libArduino.a(Print.o)
Print::print(unsigned char, int)                  C:\Users\ehaskins.EHNET\Code\Next Robots\workspace\Arduino\Debug\libArduino.a(Print.o)
Print::print(unsigned int, int)                   C:\Users\ehaskins.EHNET\Code\Next Robots\workspace\Arduino\Debug\libArduino.a(Print.o)
                                                  ./FRCCommunication.o
Print::print(unsigned long, int)                  C:\Users\ehaskins.EHNET\Code\Next Robots\workspace\Arduino\Debug\libArduino.a(Print.o)
Print::printFloat(double, unsigned char)          C:\Users\ehaskins.EHNET\Code\Next Robots\workspace\Arduino\Debug\libArduino.a(Print.o)
Print::printNumber(unsigned long, unsigned char)  C:\Users\ehaskins.EHNET\Code\Next Robots\workspace\Arduino\Debug\libArduino.a(Print.o)
Print::println()                                  C:\Users\ehaskins.EHNET\Code\Next Robots\workspace\Arduino\Debug\libArduino.a(Print.o)
Print::println(String const&)                     C:\Users\ehaskins.EHNET\Code\Next Robots\workspace\Arduino\Debug\libArduino.a(Print.o)
Print::println(char const*)                       C:\Users\ehaskins.EHNET\Code\Next Robots\workspace\Arduino\Debug\libArduino.a(Print.o)
                                                  ./UserCode.o
                                                  ./Main.o
                                                  ./FRCCommunication.o
Print::println(char, int)                         C:\Users\ehaskins.EHNET\Code\Next Robots\workspace\Arduino\Debug\libArduino.a(Print.o)
Print::println(double, int)                       C:\Users\ehaskins.EHNET\Code\Next Robots\workspace\Arduino\Debug\libArduino.a(Print.o)
Print::println(int, int)                          C:\Users\ehaskins.EHNET\Code\Next Robots\workspace\Arduino\Debug\libArduino.a(Print.o)
                                                  ./FRCCommunication.o
Print::println(long, int)                         C:\Users\ehaskins.EHNET\Code\Next Robots\workspace\Arduino\Debug\libArduino.a(Print.o)
Print::println(unsigned char, int)                C:\Users\ehaskins.EHNET\Code\Next Robots\workspace\Arduino\Debug\libArduino.a(Print.o)
Print::println(unsigned int, int)                 C:\Users\ehaskins.EHNET\Code\Next Robots\workspace\Arduino\Debug\libArduino.a(Print.o)
Print::println(unsigned long, int)                C:\Users\ehaskins.EHNET\Code\Next Robots\workspace\Arduino\Debug\libArduino.a(Print.o)
Print::write(char const*)                         C:\Users\ehaskins.EHNET\Code\Next Robots\workspace\Arduino\Debug\libArduino.a(Print.o)
                                                  C:\Users\ehaskins.EHNET\Code\Next Robots\workspace\Arduino\Debug\libArduino.a(HardwareSerial.o)
Print::write(unsigned char const*, unsigned int)  C:\Users\ehaskins.EHNET\Code\Next Robots\workspace\Arduino\Debug\libArduino.a(Print.o)
                                                  C:\Users\ehaskins.EHNET\Code\Next Robots\workspace\Arduino\Debug\libArduino.a(HardwareSerial.o)
ROBOT_IP                                          ./UserConstants.o
                                                  ./FRCCommunication.o
ROBOT_NETWORK                                     ./UserConstants.o
                                                  ./FRCCommunication.o
ReadUInt16(unsigned char*, int*)                  ./ByteReader.o
                                                  ./CommandData.o
ReadUInt32(unsigned char*, int*)                  ./ByteReader.o
                                                  ./CommandData.o
ReadUInt64(unsigned char*, int*)                  ./ByteReader.o
                                                  ./CommandData.o
ReadUInt8(unsigned char*, int*)                   ./ByteReader.o
                                                  ./CommandData.o
SPI                                               C:\Users\ehaskins.EHNET\Code\Next Robots\workspace\Arduino\Debug\libArduino.a(SPI.o)
SPIClass::begin()                                 C:\Users\ehaskins.EHNET\Code\Next Robots\workspace\Arduino\Debug\libArduino.a(SPI.o)
                                                  C:\Users\ehaskins.EHNET\Code\Next Robots\workspace\Arduino\Debug\libArduino.a(w5100.o)
SPIClass::end()                                   C:\Users\ehaskins.EHNET\Code\Next Robots\workspace\Arduino\Debug\libArduino.a(SPI.o)
SPIClass::setBitOrder(unsigned char)              C:\Users\ehaskins.EHNET\Code\Next Robots\workspace\Arduino\Debug\libArduino.a(SPI.o)
SPIClass::setClockDivider(unsigned char)          C:\Users\ehaskins.EHNET\Code\Next Robots\workspace\Arduino\Debug\libArduino.a(SPI.o)
SPIClass::setDataMode(unsigned char)              C:\Users\ehaskins.EHNET\Code\Next Robots\workspace\Arduino\Debug\libArduino.a(SPI.o)
SUBNET                                            ./UserConstants.o
                                                  ./FRCCommunication.o
Serial                                            C:\Users\ehaskins.EHNET\Code\Next Robots\workspace\Arduino\Debug\libArduino.a(HardwareSerial.o)
                                                  ./UserCode.o
                                                  ./Main.o
                                                  ./FRCCommunication.o
Serial1                                           C:\Users\ehaskins.EHNET\Code\Next Robots\workspace\Arduino\Debug\libArduino.a(HardwareSerial.o)
Serial2                                           C:\Users\ehaskins.EHNET\Code\Next Robots\workspace\Arduino\Debug\libArduino.a(HardwareSerial.o)
Serial3                                           C:\Users\ehaskins.EHNET\Code\Next Robots\workspace\Arduino\Debug\libArduino.a(HardwareSerial.o)
StatusData::getResponseBytes(unsigned char*)      ./StatusData.o
                                                  ./FRCCommunication.o
StatusData::updateResponse(CommandData*)          ./StatusData.o
String::String(String const&)                     C:\Users\ehaskins.EHNET\Code\Next Robots\workspace\Arduino\Debug\libArduino.a(WString.o)
String::String(String const&)                     C:\Users\ehaskins.EHNET\Code\Next Robots\workspace\Arduino\Debug\libArduino.a(WString.o)
String::String(char const*)                       C:\Users\ehaskins.EHNET\Code\Next Robots\workspace\Arduino\Debug\libArduino.a(WString.o)
String::String(char const*)                       C:\Users\ehaskins.EHNET\Code\Next Robots\workspace\Arduino\Debug\libArduino.a(WString.o)
String::String(char)                              C:\Users\ehaskins.EHNET\Code\Next Robots\workspace\Arduino\Debug\libArduino.a(WString.o)
String::String(char)                              C:\Users\ehaskins.EHNET\Code\Next Robots\workspace\Arduino\Debug\libArduino.a(WString.o)
String::String(int, int)                          C:\Users\ehaskins.EHNET\Code\Next Robots\workspace\Arduino\Debug\libArduino.a(WString.o)
String::String(int, int)                          C:\Users\ehaskins.EHNET\Code\Next Robots\workspace\Arduino\Debug\libArduino.a(WString.o)
String::String(long, int)                         C:\Users\ehaskins.EHNET\Code\Next Robots\workspace\Arduino\Debug\libArduino.a(WString.o)
String::String(long, int)                         C:\Users\ehaskins.EHNET\Code\Next Robots\workspace\Arduino\Debug\libArduino.a(WString.o)
String::String(unsigned char)                     C:\Users\ehaskins.EHNET\Code\Next Robots\workspace\Arduino\Debug\libArduino.a(WString.o)
String::String(unsigned char)                     C:\Users\ehaskins.EHNET\Code\Next Robots\workspace\Arduino\Debug\libArduino.a(WString.o)
String::String(unsigned int, int)                 C:\Users\ehaskins.EHNET\Code\Next Robots\workspace\Arduino\Debug\libArduino.a(WString.o)
String::String(unsigned int, int)                 C:\Users\ehaskins.EHNET\Code\Next Robots\workspace\Arduino\Debug\libArduino.a(WString.o)
String::String(unsigned long, int)                C:\Users\ehaskins.EHNET\Code\Next Robots\workspace\Arduino\Debug\libArduino.a(WString.o)
String::String(unsigned long, int)                C:\Users\ehaskins.EHNET\Code\Next Robots\workspace\Arduino\Debug\libArduino.a(WString.o)
String::charAt(unsigned int) const                C:\Users\ehaskins.EHNET\Code\Next Robots\workspace\Arduino\Debug\libArduino.a(WString.o)
String::compareTo(String const&) const            C:\Users\ehaskins.EHNET\Code\Next Robots\workspace\Arduino\Debug\libArduino.a(WString.o)
String::concat(String const&)                     C:\Users\ehaskins.EHNET\Code\Next Robots\workspace\Arduino\Debug\libArduino.a(WString.o)
String::endsWith(String const&) const             C:\Users\ehaskins.EHNET\Code\Next Robots\workspace\Arduino\Debug\libArduino.a(WString.o)
String::equals(String const&) const               C:\Users\ehaskins.EHNET\Code\Next Robots\workspace\Arduino\Debug\libArduino.a(WString.o)
String::equalsIgnoreCase(String const&) const     C:\Users\ehaskins.EHNET\Code\Next Robots\workspace\Arduino\Debug\libArduino.a(WString.o)
String::getBuffer(unsigned int)                   C:\Users\ehaskins.EHNET\Code\Next Robots\workspace\Arduino\Debug\libArduino.a(WString.o)
String::getBytes(unsigned char*, unsigned int)    C:\Users\ehaskins.EHNET\Code\Next Robots\workspace\Arduino\Debug\libArduino.a(WString.o)
String::indexOf(String const&) const              C:\Users\ehaskins.EHNET\Code\Next Robots\workspace\Arduino\Debug\libArduino.a(WString.o)
String::indexOf(String const&, unsigned int) const C:\Users\ehaskins.EHNET\Code\Next Robots\workspace\Arduino\Debug\libArduino.a(WString.o)
String::indexOf(char) const                       C:\Users\ehaskins.EHNET\Code\Next Robots\workspace\Arduino\Debug\libArduino.a(WString.o)
String::indexOf(char, unsigned int) const         C:\Users\ehaskins.EHNET\Code\Next Robots\workspace\Arduino\Debug\libArduino.a(WString.o)
String::lastIndexOf(String const&) const          C:\Users\ehaskins.EHNET\Code\Next Robots\workspace\Arduino\Debug\libArduino.a(WString.o)
String::lastIndexOf(String const&, unsigned int) const C:\Users\ehaskins.EHNET\Code\Next Robots\workspace\Arduino\Debug\libArduino.a(WString.o)
String::lastIndexOf(char) const                   C:\Users\ehaskins.EHNET\Code\Next Robots\workspace\Arduino\Debug\libArduino.a(WString.o)
String::lastIndexOf(char, unsigned int) const     C:\Users\ehaskins.EHNET\Code\Next Robots\workspace\Arduino\Debug\libArduino.a(WString.o)
String::operator!=(String const&) const           C:\Users\ehaskins.EHNET\Code\Next Robots\workspace\Arduino\Debug\libArduino.a(WString.o)
String::operator+=(String const&)                 C:\Users\ehaskins.EHNET\Code\Next Robots\workspace\Arduino\Debug\libArduino.a(WString.o)
String::operator<(String const&) const            C:\Users\ehaskins.EHNET\Code\Next Robots\workspace\Arduino\Debug\libArduino.a(WString.o)
String::operator<=(String const&) const           C:\Users\ehaskins.EHNET\Code\Next Robots\workspace\Arduino\Debug\libArduino.a(WString.o)
String::operator=(String const&)                  C:\Users\ehaskins.EHNET\Code\Next Robots\workspace\Arduino\Debug\libArduino.a(WString.o)
String::operator==(String const&) const           C:\Users\ehaskins.EHNET\Code\Next Robots\workspace\Arduino\Debug\libArduino.a(WString.o)
String::operator>(String const&) const            C:\Users\ehaskins.EHNET\Code\Next Robots\workspace\Arduino\Debug\libArduino.a(WString.o)
String::operator>=(String const&) const           C:\Users\ehaskins.EHNET\Code\Next Robots\workspace\Arduino\Debug\libArduino.a(WString.o)
String::operator[](unsigned int)                  C:\Users\ehaskins.EHNET\Code\Next Robots\workspace\Arduino\Debug\libArduino.a(WString.o)
String::operator[](unsigned int) const            C:\Users\ehaskins.EHNET\Code\Next Robots\workspace\Arduino\Debug\libArduino.a(WString.o)
                                                  C:\Users\ehaskins.EHNET\Code\Next Robots\workspace\Arduino\Debug\libArduino.a(Print.o)
String::replace(String const&, String const&)     C:\Users\ehaskins.EHNET\Code\Next Robots\workspace\Arduino\Debug\libArduino.a(WString.o)
String::replace(char, char)                       C:\Users\ehaskins.EHNET\Code\Next Robots\workspace\Arduino\Debug\libArduino.a(WString.o)
String::setCharAt(unsigned int, char)             C:\Users\ehaskins.EHNET\Code\Next Robots\workspace\Arduino\Debug\libArduino.a(WString.o)
String::startsWith(String const&) const           C:\Users\ehaskins.EHNET\Code\Next Robots\workspace\Arduino\Debug\libArduino.a(WString.o)
String::startsWith(String const&, unsigned int) const C:\Users\ehaskins.EHNET\Code\Next Robots\workspace\Arduino\Debug\libArduino.a(WString.o)
String::substring(unsigned int) const             C:\Users\ehaskins.EHNET\Code\Next Robots\workspace\Arduino\Debug\libArduino.a(WString.o)
String::substring(unsigned int, unsigned int) const C:\Users\ehaskins.EHNET\Code\Next Robots\workspace\Arduino\Debug\libArduino.a(WString.o)
String::toCharArray(char*, unsigned int)          C:\Users\ehaskins.EHNET\Code\Next Robots\workspace\Arduino\Debug\libArduino.a(WString.o)
String::toInt()                                   C:\Users\ehaskins.EHNET\Code\Next Robots\workspace\Arduino\Debug\libArduino.a(WString.o)
String::toLowerCase() const                       C:\Users\ehaskins.EHNET\Code\Next Robots\workspace\Arduino\Debug\libArduino.a(WString.o)
String::toUpperCase() const                       C:\Users\ehaskins.EHNET\Code\Next Robots\workspace\Arduino\Debug\libArduino.a(WString.o)
String::trim() const                              C:\Users\ehaskins.EHNET\Code\Next Robots\workspace\Arduino\Debug\libArduino.a(WString.o)
String::~String()                                 C:\Users\ehaskins.EHNET\Code\Next Robots\workspace\Arduino\Debug\libArduino.a(WString.o)
TEAM_NUMBER                                       ./UserConstants.o
                                                  ./Main.o
Udp                                               C:\Users\ehaskins.EHNET\Code\Next Robots\workspace\Arduino\Debug\libArduino.a(Udp.o)
                                                  ./FRCCommunication.o
UdpClass::available()                             C:\Users\ehaskins.EHNET\Code\Next Robots\workspace\Arduino\Debug\libArduino.a(Udp.o)
                                                  ./FRCCommunication.o
UdpClass::begin(unsigned int)                     C:\Users\ehaskins.EHNET\Code\Next Robots\workspace\Arduino\Debug\libArduino.a(Udp.o)
                                                  ./FRCCommunication.o
UdpClass::readPacket(char*, unsigned int, unsigned char*, unsigned int&) C:\Users\ehaskins.EHNET\Code\Next Robots\workspace\Arduino\Debug\libArduino.a(Udp.o)
                                                  ./FRCCommunication.o
UdpClass::readPacket(unsigned char*, unsigned int) C:\Users\ehaskins.EHNET\Code\Next Robots\workspace\Arduino\Debug\libArduino.a(Udp.o)
UdpClass::readPacket(unsigned char*, unsigned int, unsigned char*, unsigned int*) C:\Users\ehaskins.EHNET\Code\Next Robots\workspace\Arduino\Debug\libArduino.a(Udp.o)
UdpClass::sendPacket(char const*, unsigned char*, unsigned int) C:\Users\ehaskins.EHNET\Code\Next Robots\workspace\Arduino\Debug\libArduino.a(Udp.o)
UdpClass::sendPacket(unsigned char*, unsigned int, unsigned char*, unsigned int) C:\Users\ehaskins.EHNET\Code\Next Robots\workspace\Arduino\Debug\libArduino.a(Udp.o)
                                                  ./FRCCommunication.o
W5100                                             C:\Users\ehaskins.EHNET\Code\Next Robots\workspace\Arduino\Debug\libArduino.a(w5100.o)
                                                  C:\Users\ehaskins.EHNET\Code\Next Robots\workspace\Arduino\Debug\libArduino.a(socket.o)
                                                  C:\Users\ehaskins.EHNET\Code\Next Robots\workspace\Arduino\Debug\libArduino.a(Udp.o)
                                                  C:\Users\ehaskins.EHNET\Code\Next Robots\workspace\Arduino\Debug\libArduino.a(Ethernet.o)
W5100Class::execCmdSn(unsigned char, SockCMD)     C:\Users\ehaskins.EHNET\Code\Next Robots\workspace\Arduino\Debug\libArduino.a(w5100.o)
                                                  C:\Users\ehaskins.EHNET\Code\Next Robots\workspace\Arduino\Debug\libArduino.a(socket.o)
W5100Class::getRXReceivedSize(unsigned char)      C:\Users\ehaskins.EHNET\Code\Next Robots\workspace\Arduino\Debug\libArduino.a(w5100.o)
                                                  C:\Users\ehaskins.EHNET\Code\Next Robots\workspace\Arduino\Debug\libArduino.a(Udp.o)
W5100Class::getTXFreeSize(unsigned char)          C:\Users\ehaskins.EHNET\Code\Next Robots\workspace\Arduino\Debug\libArduino.a(w5100.o)
                                                  C:\Users\ehaskins.EHNET\Code\Next Robots\workspace\Arduino\Debug\libArduino.a(socket.o)
W5100Class::init()                                C:\Users\ehaskins.EHNET\Code\Next Robots\workspace\Arduino\Debug\libArduino.a(w5100.o)
                                                  C:\Users\ehaskins.EHNET\Code\Next Robots\workspace\Arduino\Debug\libArduino.a(Ethernet.o)
W5100Class::read(unsigned int)                    C:\Users\ehaskins.EHNET\Code\Next Robots\workspace\Arduino\Debug\libArduino.a(w5100.o)
                                                  C:\Users\ehaskins.EHNET\Code\Next Robots\workspace\Arduino\Debug\libArduino.a(socket.o)
W5100Class::read(unsigned int, unsigned char*, unsigned int) C:\Users\ehaskins.EHNET\Code\Next Robots\workspace\Arduino\Debug\libArduino.a(w5100.o)
W5100Class::readSn(unsigned char, unsigned int)   C:\Users\ehaskins.EHNET\Code\Next Robots\workspace\Arduino\Debug\libArduino.a(w5100.o)
W5100Class::readSnRX_RSR(unsigned char)           C:\Users\ehaskins.EHNET\Code\Next Robots\workspace\Arduino\Debug\libArduino.a(w5100.o)
W5100Class::readSnTX_FSR(unsigned char)           C:\Users\ehaskins.EHNET\Code\Next Robots\workspace\Arduino\Debug\libArduino.a(w5100.o)
W5100Class::read_data(unsigned char, unsigned char volatile*, unsigned char volatile*, unsigned int) C:\Users\ehaskins.EHNET\Code\Next Robots\workspace\Arduino\Debug\libArduino.a(w5100.o)
                                                  C:\Users\ehaskins.EHNET\Code\Next Robots\workspace\Arduino\Debug\libArduino.a(socket.o)
W5100Class::recv_data_processing(unsigned char, unsigned char*, unsigned int, unsigned char) C:\Users\ehaskins.EHNET\Code\Next Robots\workspace\Arduino\Debug\libArduino.a(w5100.o)
                                                  C:\Users\ehaskins.EHNET\Code\Next Robots\workspace\Arduino\Debug\libArduino.a(socket.o)
W5100Class::send_data_processing(unsigned char, unsigned char*, unsigned int) C:\Users\ehaskins.EHNET\Code\Next Robots\workspace\Arduino\Debug\libArduino.a(w5100.o)
                                                  C:\Users\ehaskins.EHNET\Code\Next Robots\workspace\Arduino\Debug\libArduino.a(socket.o)
W5100Class::write(unsigned int, unsigned char)    C:\Users\ehaskins.EHNET\Code\Next Robots\workspace\Arduino\Debug\libArduino.a(w5100.o)
                                                  C:\Users\ehaskins.EHNET\Code\Next Robots\workspace\Arduino\Debug\libArduino.a(socket.o)
W5100Class::write(unsigned int, unsigned char*, unsigned int) C:\Users\ehaskins.EHNET\Code\Next Robots\workspace\Arduino\Debug\libArduino.a(w5100.o)
                                                  C:\Users\ehaskins.EHNET\Code\Next Robots\workspace\Arduino\Debug\libArduino.a(socket.o)
                                                  C:\Users\ehaskins.EHNET\Code\Next Robots\workspace\Arduino\Debug\libArduino.a(Ethernet.o)
W5100Class::writeSnDPORT(unsigned char, unsigned int) C:\Users\ehaskins.EHNET\Code\Next Robots\workspace\Arduino\Debug\libArduino.a(socket.o)
W5100Class::writeSnPORT(unsigned char, unsigned int) C:\Users\ehaskins.EHNET\Code\Next Robots\workspace\Arduino\Debug\libArduino.a(socket.o)
W5100Class::writeSnRX_RD(unsigned char, unsigned int) C:\Users\ehaskins.EHNET\Code\Next Robots\workspace\Arduino\Debug\libArduino.a(socket.o)
WriteByte(unsigned char*, unsigned char, int)     ./ByteWriter.o
                                                  ./StatusData.o
WriteUInt16(unsigned char*, unsigned short, int)  ./ByteWriter.o
                                                  ./StatusData.o
__addsf3                                          c:/winavr-20100110/bin/../lib/gcc/avr/4.3.2/avr6\libgcc.a(_addsub_sf.o)
                                                  C:\Users\ehaskins.EHNET\Code\Next Robots\workspace\Arduino\Debug\libArduino.a(Print.o)
__bad_interrupt                                   c:/winavr-20100110/bin/../lib/gcc/avr/4.3.2/../../../../avr/lib/avr6/crtm2560.o
__brkval                                          c:/winavr-20100110/bin/../lib/gcc/avr/4.3.2/../../../../avr/lib/avr6\libc.a(realloc.o)
                                                  c:/winavr-20100110/bin/../lib/gcc/avr/4.3.2/../../../../avr/lib/avr6\libc.a(malloc.o)
__bss_end                                         c:/winavr-20100110/bin/../lib/gcc/avr/4.3.2/avr6\libgcc.a(_clear_bss.o)
__bss_start                                       c:/winavr-20100110/bin/../lib/gcc/avr/4.3.2/avr6\libgcc.a(_clear_bss.o)
__clz_tab                                         c:/winavr-20100110/bin/../lib/gcc/avr/4.3.2/avr6\libgcc.a(_clz.o)
                                                  c:/winavr-20100110/bin/../lib/gcc/avr/4.3.2/avr6\libgcc.a(_clzsi2.o)
__clzsi2                                          c:/winavr-20100110/bin/../lib/gcc/avr/4.3.2/avr6\libgcc.a(_clzsi2.o)
                                                  c:/winavr-20100110/bin/../lib/gcc/avr/4.3.2/avr6\libgcc.a(_usi_to_sf.o)
                                                  c:/winavr-20100110/bin/../lib/gcc/avr/4.3.2/avr6\libgcc.a(_si_to_sf.o)
__ctors_end                                       c:/winavr-20100110/bin/../lib/gcc/avr/4.3.2/avr6\libgcc.a(_ctors.o)
__ctors_start                                     c:/winavr-20100110/bin/../lib/gcc/avr/4.3.2/avr6\libgcc.a(_ctors.o)
__ctype_isfalse                                   c:/winavr-20100110/bin/../lib/gcc/avr/4.3.2/../../../../avr/lib/avr6\libc.a(cty_isfalse.o)
                                                  c:/winavr-20100110/bin/../lib/gcc/avr/4.3.2/../../../../avr/lib/avr6\libc.a(isspace.o)
__ctype_istrue                                    c:/winavr-20100110/bin/../lib/gcc/avr/4.3.2/../../../../avr/lib/avr6\libc.a(cty_isfalse.o)
__cxa_pure_virtual                                ./Missing.o
                                                  C:\Users\ehaskins.EHNET\Code\Next Robots\workspace\Arduino\Debug\libArduino.a(Print.o)
                                                  C:\Users\ehaskins.EHNET\Code\Next Robots\workspace\Arduino\Debug\libArduino.a(HardwareSerial.o)
__data_end                                        c:/winavr-20100110/bin/../lib/gcc/avr/4.3.2/../../../../avr/lib/avr6/crtm2560.o
__data_load_start                                 c:/winavr-20100110/bin/../lib/gcc/avr/4.3.2/../../../../avr/lib/avr6/crtm2560.o
__data_start                                      c:/winavr-20100110/bin/../lib/gcc/avr/4.3.2/../../../../avr/lib/avr6/crtm2560.o
__divmodhi4                                       c:/winavr-20100110/bin/../lib/gcc/avr/4.3.2/avr6\libgcc.a(_divmodhi4.o)
                                                  ./FRCCommunication.o
__divsf3                                          c:/winavr-20100110/bin/../lib/gcc/avr/4.3.2/avr6\libgcc.a(_div_sf.o)
                                                  C:\Users\ehaskins.EHNET\Code\Next Robots\workspace\Arduino\Debug\libArduino.a(Print.o)
__do_clear_bss                                    c:/winavr-20100110/bin/../lib/gcc/avr/4.3.2/avr6\libgcc.a(_clear_bss.o)
                                                  c:/winavr-20100110/bin/../lib/gcc/avr/4.3.2/../../../../avr/lib/avr6\libc.a(realloc.o)
                                                  c:/winavr-20100110/bin/../lib/gcc/avr/4.3.2/../../../../avr/lib/avr6\libc.a(malloc.o)
                                                  c:/winavr-20100110/bin/../lib/gcc/avr/4.3.2/avr6\libgcc.a(_clz.o)
                                                  c:/winavr-20100110/bin/../lib/gcc/avr/4.3.2/avr6\libgcc.a(_fpcmp_parts_sf.o)
                                                  c:/winavr-20100110/bin/../lib/gcc/avr/4.3.2/avr6\libgcc.a(_unpack_sf.o)
                                                  c:/winavr-20100110/bin/../lib/gcc/avr/4.3.2/avr6\libgcc.a(_pack_sf.o)
                                                  c:/winavr-20100110/bin/../lib/gcc/avr/4.3.2/avr6\libgcc.a(_clzsi2.o)
                                                  c:/winavr-20100110/bin/../lib/gcc/avr/4.3.2/avr6\libgcc.a(_usi_to_sf.o)
                                                  c:/winavr-20100110/bin/../lib/gcc/avr/4.3.2/avr6\libgcc.a(_thenan_sf.o)
                                                  c:/winavr-20100110/bin/../lib/gcc/avr/4.3.2/avr6\libgcc.a(_sf_to_si.o)
                                                  c:/winavr-20100110/bin/../lib/gcc/avr/4.3.2/avr6\libgcc.a(_si_to_sf.o)
                                                  c:/winavr-20100110/bin/../lib/gcc/avr/4.3.2/avr6\libgcc.a(_lt_sf.o)
                                                  c:/winavr-20100110/bin/../lib/gcc/avr/4.3.2/avr6\libgcc.a(_ge_sf.o)
                                                  c:/winavr-20100110/bin/../lib/gcc/avr/4.3.2/avr6\libgcc.a(_div_sf.o)
                                                  c:/winavr-20100110/bin/../lib/gcc/avr/4.3.2/avr6\libgcc.a(_mul_sf.o)
                                                  c:/winavr-20100110/bin/../lib/gcc/avr/4.3.2/avr6\libgcc.a(_addsub_sf.o)
                                                  c:/winavr-20100110/bin/../lib/gcc/avr/4.3.2/avr6\libgcc.a(_fixunssfsi.o)
                                                  C:\Users\ehaskins.EHNET\Code\Next Robots\workspace\Arduino\Debug\libArduino.a(pins_arduino.o)
                                                  C:\Users\ehaskins.EHNET\Code\Next Robots\workspace\Arduino\Debug\libArduino.a(SPI.o)
                                                  C:\Users\ehaskins.EHNET\Code\Next Robots\workspace\Arduino\Debug\libArduino.a(wiring_digital.o)
                                                  C:\Users\ehaskins.EHNET\Code\Next Robots\workspace\Arduino\Debug\libArduino.a(wiring.o)
                                                  C:\Users\ehaskins.EHNET\Code\Next Robots\workspace\Arduino\Debug\libArduino.a(w5100.o)
                                                  C:\Users\ehaskins.EHNET\Code\Next Robots\workspace\Arduino\Debug\libArduino.a(socket.o)
                                                  C:\Users\ehaskins.EHNET\Code\Next Robots\workspace\Arduino\Debug\libArduino.a(WString.o)
                                                  C:\Users\ehaskins.EHNET\Code\Next Robots\workspace\Arduino\Debug\libArduino.a(Udp.o)
                                                  C:\Users\ehaskins.EHNET\Code\Next Robots\workspace\Arduino\Debug\libArduino.a(Print.o)
                                                  C:\Users\ehaskins.EHNET\Code\Next Robots\workspace\Arduino\Debug\libArduino.a(HardwareSerial.o)
                                                  C:\Users\ehaskins.EHNET\Code\Next Robots\workspace\Arduino\Debug\libArduino.a(Ethernet.o)
                                                  ./UserConstants.o
                                                  ./UserCode.o
                                                  ./StatusData.o
                                                  ./Mode.o
                                                  ./Missing.o
                                                  ./Main.o
                                                  ./FRCCommunication.o
                                                  ./CommandData.o
                                                  ./ByteWriter.o
                                                  ./ByteReader.o
                                                  ./BitField8.o
__do_copy_data                                    c:/winavr-20100110/bin/../lib/gcc/avr/4.3.2/../../../../avr/lib/avr6/crtm2560.o
                                                  c:/winavr-20100110/bin/../lib/gcc/avr/4.3.2/../../../../avr/lib/avr6\libc.a(realloc.o)
                                                  c:/winavr-20100110/bin/../lib/gcc/avr/4.3.2/../../../../avr/lib/avr6\libc.a(malloc.o)
                                                  c:/winavr-20100110/bin/../lib/gcc/avr/4.3.2/avr6\libgcc.a(_clz.o)
                                                  c:/winavr-20100110/bin/../lib/gcc/avr/4.3.2/avr6\libgcc.a(_fpcmp_parts_sf.o)
                                                  c:/winavr-20100110/bin/../lib/gcc/avr/4.3.2/avr6\libgcc.a(_unpack_sf.o)
                                                  c:/winavr-20100110/bin/../lib/gcc/avr/4.3.2/avr6\libgcc.a(_pack_sf.o)
                                                  c:/winavr-20100110/bin/../lib/gcc/avr/4.3.2/avr6\libgcc.a(_clzsi2.o)
                                                  c:/winavr-20100110/bin/../lib/gcc/avr/4.3.2/avr6\libgcc.a(_usi_to_sf.o)
                                                  c:/winavr-20100110/bin/../lib/gcc/avr/4.3.2/avr6\libgcc.a(_thenan_sf.o)
                                                  c:/winavr-20100110/bin/../lib/gcc/avr/4.3.2/avr6\libgcc.a(_sf_to_si.o)
                                                  c:/winavr-20100110/bin/../lib/gcc/avr/4.3.2/avr6\libgcc.a(_si_to_sf.o)
                                                  c:/winavr-20100110/bin/../lib/gcc/avr/4.3.2/avr6\libgcc.a(_lt_sf.o)
                                                  c:/winavr-20100110/bin/../lib/gcc/avr/4.3.2/avr6\libgcc.a(_ge_sf.o)
                                                  c:/winavr-20100110/bin/../lib/gcc/avr/4.3.2/avr6\libgcc.a(_div_sf.o)
                                                  c:/winavr-20100110/bin/../lib/gcc/avr/4.3.2/avr6\libgcc.a(_mul_sf.o)
                                                  c:/winavr-20100110/bin/../lib/gcc/avr/4.3.2/avr6\libgcc.a(_addsub_sf.o)
                                                  c:/winavr-20100110/bin/../lib/gcc/avr/4.3.2/avr6\libgcc.a(_fixunssfsi.o)
                                                  C:\Users\ehaskins.EHNET\Code\Next Robots\workspace\Arduino\Debug\libArduino.a(pins_arduino.o)
                                                  C:\Users\ehaskins.EHNET\Code\Next Robots\workspace\Arduino\Debug\libArduino.a(SPI.o)
                                                  C:\Users\ehaskins.EHNET\Code\Next Robots\workspace\Arduino\Debug\libArduino.a(wiring_digital.o)
                                                  C:\Users\ehaskins.EHNET\Code\Next Robots\workspace\Arduino\Debug\libArduino.a(wiring.o)
                                                  C:\Users\ehaskins.EHNET\Code\Next Robots\workspace\Arduino\Debug\libArduino.a(w5100.o)
                                                  C:\Users\ehaskins.EHNET\Code\Next Robots\workspace\Arduino\Debug\libArduino.a(socket.o)
                                                  C:\Users\ehaskins.EHNET\Code\Next Robots\workspace\Arduino\Debug\libArduino.a(WString.o)
                                                  C:\Users\ehaskins.EHNET\Code\Next Robots\workspace\Arduino\Debug\libArduino.a(Udp.o)
                                                  C:\Users\ehaskins.EHNET\Code\Next Robots\workspace\Arduino\Debug\libArduino.a(Print.o)
                                                  C:\Users\ehaskins.EHNET\Code\Next Robots\workspace\Arduino\Debug\libArduino.a(HardwareSerial.o)
                                                  C:\Users\ehaskins.EHNET\Code\Next Robots\workspace\Arduino\Debug\libArduino.a(Ethernet.o)
                                                  ./UserConstants.o
                                                  ./UserCode.o
                                                  ./StatusData.o
                                                  ./Mode.o
                                                  ./Missing.o
                                                  ./Main.o
                                                  ./FRCCommunication.o
                                                  ./CommandData.o
                                                  ./ByteWriter.o
                                                  ./ByteReader.o
                                                  ./BitField8.o
__do_global_ctors                                 c:/winavr-20100110/bin/../lib/gcc/avr/4.3.2/avr6\libgcc.a(_ctors.o)
                                                  C:\Users\ehaskins.EHNET\Code\Next Robots\workspace\Arduino\Debug\libArduino.a(HardwareSerial.o)
__epilogue_restores__                             c:/winavr-20100110/bin/../lib/gcc/avr/4.3.2/avr6\libgcc.a(_epilogue.o)
                                                  c:/winavr-20100110/bin/../lib/gcc/avr/4.3.2/../../../../avr/lib/avr6\libc.a(realloc.o)
                                                  c:/winavr-20100110/bin/../lib/gcc/avr/4.3.2/avr6\libgcc.a(_usi_to_sf.o)
                                                  c:/winavr-20100110/bin/../lib/gcc/avr/4.3.2/avr6\libgcc.a(_sf_to_si.o)
                                                  c:/winavr-20100110/bin/../lib/gcc/avr/4.3.2/avr6\libgcc.a(_si_to_sf.o)
                                                  c:/winavr-20100110/bin/../lib/gcc/avr/4.3.2/avr6\libgcc.a(_lt_sf.o)
                                                  c:/winavr-20100110/bin/../lib/gcc/avr/4.3.2/avr6\libgcc.a(_ge_sf.o)
                                                  c:/winavr-20100110/bin/../lib/gcc/avr/4.3.2/avr6\libgcc.a(_div_sf.o)
                                                  c:/winavr-20100110/bin/../lib/gcc/avr/4.3.2/avr6\libgcc.a(_mul_sf.o)
                                                  c:/winavr-20100110/bin/../lib/gcc/avr/4.3.2/avr6\libgcc.a(_addsub_sf.o)
__fixsfsi                                         c:/winavr-20100110/bin/../lib/gcc/avr/4.3.2/avr6\libgcc.a(_sf_to_si.o)
                                                  c:/winavr-20100110/bin/../lib/gcc/avr/4.3.2/avr6\libgcc.a(_fixunssfsi.o)
                                                  C:\Users\ehaskins.EHNET\Code\Next Robots\workspace\Arduino\Debug\libArduino.a(Print.o)
__fixunssfsi                                      c:/winavr-20100110/bin/../lib/gcc/avr/4.3.2/avr6\libgcc.a(_fixunssfsi.o)
                                                  C:\Users\ehaskins.EHNET\Code\Next Robots\workspace\Arduino\Debug\libArduino.a(Print.o)
__floatsisf                                       c:/winavr-20100110/bin/../lib/gcc/avr/4.3.2/avr6\libgcc.a(_si_to_sf.o)
                                                  C:\Users\ehaskins.EHNET\Code\Next Robots\workspace\Arduino\Debug\libArduino.a(Print.o)
__floatunsisf                                     c:/winavr-20100110/bin/../lib/gcc/avr/4.3.2/avr6\libgcc.a(_usi_to_sf.o)
                                                  C:\Users\ehaskins.EHNET\Code\Next Robots\workspace\Arduino\Debug\libArduino.a(Print.o)
__flp                                             c:/winavr-20100110/bin/../lib/gcc/avr/4.3.2/../../../../avr/lib/avr6\libc.a(realloc.o)
                                                  c:/winavr-20100110/bin/../lib/gcc/avr/4.3.2/../../../../avr/lib/avr6\libc.a(malloc.o)
__fpcmp_parts_f                                   c:/winavr-20100110/bin/../lib/gcc/avr/4.3.2/avr6\libgcc.a(_fpcmp_parts_sf.o)
                                                  c:/winavr-20100110/bin/../lib/gcc/avr/4.3.2/avr6\libgcc.a(_lt_sf.o)
                                                  c:/winavr-20100110/bin/../lib/gcc/avr/4.3.2/avr6\libgcc.a(_ge_sf.o)
__gesf2                                           c:/winavr-20100110/bin/../lib/gcc/avr/4.3.2/avr6\libgcc.a(_ge_sf.o)
                                                  c:/winavr-20100110/bin/../lib/gcc/avr/4.3.2/avr6\libgcc.a(_fixunssfsi.o)
__heap_end                                        c:/winavr-20100110/bin/../lib/gcc/avr/4.3.2/../../../../avr/lib/avr6/crtm2560.o
                                                  c:/winavr-20100110/bin/../lib/gcc/avr/4.3.2/../../../../avr/lib/avr6\libc.a(malloc.o)
__heap_start                                      c:/winavr-20100110/bin/../lib/gcc/avr/4.3.2/../../../../avr/lib/avr6\libc.a(malloc.o)
__init                                            c:/winavr-20100110/bin/../lib/gcc/avr/4.3.2/../../../../avr/lib/avr6/crtm2560.o
__ltsf2                                           c:/winavr-20100110/bin/../lib/gcc/avr/4.3.2/avr6\libgcc.a(_lt_sf.o)
                                                  C:\Users\ehaskins.EHNET\Code\Next Robots\workspace\Arduino\Debug\libArduino.a(Print.o)
__malloc_heap_end                                 c:/winavr-20100110/bin/../lib/gcc/avr/4.3.2/../../../../avr/lib/avr6\libc.a(malloc.o)
                                                  c:/winavr-20100110/bin/../lib/gcc/avr/4.3.2/../../../../avr/lib/avr6\libc.a(realloc.o)
__malloc_heap_start                               c:/winavr-20100110/bin/../lib/gcc/avr/4.3.2/../../../../avr/lib/avr6\libc.a(malloc.o)
__malloc_margin                                   c:/winavr-20100110/bin/../lib/gcc/avr/4.3.2/../../../../avr/lib/avr6\libc.a(malloc.o)
                                                  c:/winavr-20100110/bin/../lib/gcc/avr/4.3.2/../../../../avr/lib/avr6\libc.a(realloc.o)
__mulsf3                                          c:/winavr-20100110/bin/../lib/gcc/avr/4.3.2/avr6\libgcc.a(_mul_sf.o)
                                                  C:\Users\ehaskins.EHNET\Code\Next Robots\workspace\Arduino\Debug\libArduino.a(Print.o)
__mulsi_const_10                                  c:/winavr-20100110/bin/../lib/gcc/avr/4.3.2/../../../../avr/lib/avr6\libc.a(mulsi10.o)
                                                  c:/winavr-20100110/bin/../lib/gcc/avr/4.3.2/../../../../avr/lib/avr6\libc.a(atol.o)
__pack_f                                          c:/winavr-20100110/bin/../lib/gcc/avr/4.3.2/avr6\libgcc.a(_pack_sf.o)
                                                  c:/winavr-20100110/bin/../lib/gcc/avr/4.3.2/avr6\libgcc.a(_usi_to_sf.o)
                                                  c:/winavr-20100110/bin/../lib/gcc/avr/4.3.2/avr6\libgcc.a(_si_to_sf.o)
                                                  c:/winavr-20100110/bin/../lib/gcc/avr/4.3.2/avr6\libgcc.a(_div_sf.o)
                                                  c:/winavr-20100110/bin/../lib/gcc/avr/4.3.2/avr6\libgcc.a(_mul_sf.o)
                                                  c:/winavr-20100110/bin/../lib/gcc/avr/4.3.2/avr6\libgcc.a(_addsub_sf.o)
__prologue_saves__                                c:/winavr-20100110/bin/../lib/gcc/avr/4.3.2/avr6\libgcc.a(_prologue.o)
                                                  c:/winavr-20100110/bin/../lib/gcc/avr/4.3.2/../../../../avr/lib/avr6\libc.a(realloc.o)
                                                  c:/winavr-20100110/bin/../lib/gcc/avr/4.3.2/avr6\libgcc.a(_usi_to_sf.o)
                                                  c:/winavr-20100110/bin/../lib/gcc/avr/4.3.2/avr6\libgcc.a(_sf_to_si.o)
                                                  c:/winavr-20100110/bin/../lib/gcc/avr/4.3.2/avr6\libgcc.a(_si_to_sf.o)
                                                  c:/winavr-20100110/bin/../lib/gcc/avr/4.3.2/avr6\libgcc.a(_lt_sf.o)
                                                  c:/winavr-20100110/bin/../lib/gcc/avr/4.3.2/avr6\libgcc.a(_ge_sf.o)
                                                  c:/winavr-20100110/bin/../lib/gcc/avr/4.3.2/avr6\libgcc.a(_div_sf.o)
                                                  c:/winavr-20100110/bin/../lib/gcc/avr/4.3.2/avr6\libgcc.a(_mul_sf.o)
                                                  c:/winavr-20100110/bin/../lib/gcc/avr/4.3.2/avr6\libgcc.a(_addsub_sf.o)
__stack                                           c:/winavr-20100110/bin/../lib/gcc/avr/4.3.2/../../../../avr/lib/avr6/crtm2560.o
__subsf3                                          c:/winavr-20100110/bin/../lib/gcc/avr/4.3.2/avr6\libgcc.a(_addsub_sf.o)
                                                  c:/winavr-20100110/bin/../lib/gcc/avr/4.3.2/avr6\libgcc.a(_fixunssfsi.o)
                                                  C:\Users\ehaskins.EHNET\Code\Next Robots\workspace\Arduino\Debug\libArduino.a(Print.o)
__tablejump2__                                    c:/winavr-20100110/bin/../lib/gcc/avr/4.3.2/avr6\libgcc.a(_tablejump.o)
__tablejump__                                     c:/winavr-20100110/bin/../lib/gcc/avr/4.3.2/avr6\libgcc.a(_tablejump.o)
                                                  c:/winavr-20100110/bin/../lib/gcc/avr/4.3.2/avr6\libgcc.a(_ctors.o)
__thenan_sf                                       c:/winavr-20100110/bin/../lib/gcc/avr/4.3.2/avr6\libgcc.a(_thenan_sf.o)
                                                  c:/winavr-20100110/bin/../lib/gcc/avr/4.3.2/avr6\libgcc.a(_div_sf.o)
                                                  c:/winavr-20100110/bin/../lib/gcc/avr/4.3.2/avr6\libgcc.a(_mul_sf.o)
                                                  c:/winavr-20100110/bin/../lib/gcc/avr/4.3.2/avr6\libgcc.a(_addsub_sf.o)
__udivmodhi4                                      c:/winavr-20100110/bin/../lib/gcc/avr/4.3.2/avr6\libgcc.a(_udivmodhi4.o)
                                                  c:/winavr-20100110/bin/../lib/gcc/avr/4.3.2/../../../../avr/lib/avr6\libc.a(itoa.o)
                                                  c:/winavr-20100110/bin/../lib/gcc/avr/4.3.2/avr6\libgcc.a(_divmodhi4.o)
__udivmodsi4                                      c:/winavr-20100110/bin/../lib/gcc/avr/4.3.2/avr6\libgcc.a(_udivmodsi4.o)
                                                  c:/winavr-20100110/bin/../lib/gcc/avr/4.3.2/../../../../avr/lib/avr6\libc.a(ultoa.o)
                                                  c:/winavr-20100110/bin/../lib/gcc/avr/4.3.2/../../../../avr/lib/avr6\libc.a(ltoa.o)
                                                  C:\Users\ehaskins.EHNET\Code\Next Robots\workspace\Arduino\Debug\libArduino.a(Print.o)
                                                  C:\Users\ehaskins.EHNET\Code\Next Robots\workspace\Arduino\Debug\libArduino.a(HardwareSerial.o)
__unpack_f                                        c:/winavr-20100110/bin/../lib/gcc/avr/4.3.2/avr6\libgcc.a(_unpack_sf.o)
                                                  c:/winavr-20100110/bin/../lib/gcc/avr/4.3.2/avr6\libgcc.a(_sf_to_si.o)
                                                  c:/winavr-20100110/bin/../lib/gcc/avr/4.3.2/avr6\libgcc.a(_lt_sf.o)
                                                  c:/winavr-20100110/bin/../lib/gcc/avr/4.3.2/avr6\libgcc.a(_ge_sf.o)
                                                  c:/winavr-20100110/bin/../lib/gcc/avr/4.3.2/avr6\libgcc.a(_div_sf.o)
                                                  c:/winavr-20100110/bin/../lib/gcc/avr/4.3.2/avr6\libgcc.a(_mul_sf.o)
                                                  c:/winavr-20100110/bin/../lib/gcc/avr/4.3.2/avr6\libgcc.a(_addsub_sf.o)
__vector_1                                        c:/winavr-20100110/bin/../lib/gcc/avr/4.3.2/../../../../avr/lib/avr6/crtm2560.o
__vector_10                                       c:/winavr-20100110/bin/../lib/gcc/avr/4.3.2/../../../../avr/lib/avr6/crtm2560.o
__vector_11                                       c:/winavr-20100110/bin/../lib/gcc/avr/4.3.2/../../../../avr/lib/avr6/crtm2560.o
__vector_12                                       c:/winavr-20100110/bin/../lib/gcc/avr/4.3.2/../../../../avr/lib/avr6/crtm2560.o
__vector_13                                       c:/winavr-20100110/bin/../lib/gcc/avr/4.3.2/../../../../avr/lib/avr6/crtm2560.o
__vector_14                                       c:/winavr-20100110/bin/../lib/gcc/avr/4.3.2/../../../../avr/lib/avr6/crtm2560.o
__vector_15                                       c:/winavr-20100110/bin/../lib/gcc/avr/4.3.2/../../../../avr/lib/avr6/crtm2560.o
__vector_16                                       c:/winavr-20100110/bin/../lib/gcc/avr/4.3.2/../../../../avr/lib/avr6/crtm2560.o
__vector_17                                       c:/winavr-20100110/bin/../lib/gcc/avr/4.3.2/../../../../avr/lib/avr6/crtm2560.o
__vector_18                                       c:/winavr-20100110/bin/../lib/gcc/avr/4.3.2/../../../../avr/lib/avr6/crtm2560.o
__vector_19                                       c:/winavr-20100110/bin/../lib/gcc/avr/4.3.2/../../../../avr/lib/avr6/crtm2560.o
__vector_2                                        c:/winavr-20100110/bin/../lib/gcc/avr/4.3.2/../../../../avr/lib/avr6/crtm2560.o
__vector_20                                       c:/winavr-20100110/bin/../lib/gcc/avr/4.3.2/../../../../avr/lib/avr6/crtm2560.o
__vector_21                                       c:/winavr-20100110/bin/../lib/gcc/avr/4.3.2/../../../../avr/lib/avr6/crtm2560.o
__vector_22                                       c:/winavr-20100110/bin/../lib/gcc/avr/4.3.2/../../../../avr/lib/avr6/crtm2560.o
__vector_23                                       C:\Users\ehaskins.EHNET\Code\Next Robots\workspace\Arduino\Debug\libArduino.a(wiring.o)
                                                  c:/winavr-20100110/bin/../lib/gcc/avr/4.3.2/../../../../avr/lib/avr6/crtm2560.o
__vector_24                                       c:/winavr-20100110/bin/../lib/gcc/avr/4.3.2/../../../../avr/lib/avr6/crtm2560.o
__vector_25                                       C:\Users\ehaskins.EHNET\Code\Next Robots\workspace\Arduino\Debug\libArduino.a(HardwareSerial.o)
                                                  c:/winavr-20100110/bin/../lib/gcc/avr/4.3.2/../../../../avr/lib/avr6/crtm2560.o
__vector_26                                       c:/winavr-20100110/bin/../lib/gcc/avr/4.3.2/../../../../avr/lib/avr6/crtm2560.o
__vector_27                                       c:/winavr-20100110/bin/../lib/gcc/avr/4.3.2/../../../../avr/lib/avr6/crtm2560.o
__vector_28                                       c:/winavr-20100110/bin/../lib/gcc/avr/4.3.2/../../../../avr/lib/avr6/crtm2560.o
__vector_29                                       c:/winavr-20100110/bin/../lib/gcc/avr/4.3.2/../../../../avr/lib/avr6/crtm2560.o
__vector_3                                        c:/winavr-20100110/bin/../lib/gcc/avr/4.3.2/../../../../avr/lib/avr6/crtm2560.o
__vector_30                                       c:/winavr-20100110/bin/../lib/gcc/avr/4.3.2/../../../../avr/lib/avr6/crtm2560.o
__vector_31                                       c:/winavr-20100110/bin/../lib/gcc/avr/4.3.2/../../../../avr/lib/avr6/crtm2560.o
__vector_32                                       c:/winavr-20100110/bin/../lib/gcc/avr/4.3.2/../../../../avr/lib/avr6/crtm2560.o
__vector_33                                       c:/winavr-20100110/bin/../lib/gcc/avr/4.3.2/../../../../avr/lib/avr6/crtm2560.o
__vector_34                                       c:/winavr-20100110/bin/../lib/gcc/avr/4.3.2/../../../../avr/lib/avr6/crtm2560.o
__vector_35                                       c:/winavr-20100110/bin/../lib/gcc/avr/4.3.2/../../../../avr/lib/avr6/crtm2560.o
__vector_36                                       C:\Users\ehaskins.EHNET\Code\Next Robots\workspace\Arduino\Debug\libArduino.a(HardwareSerial.o)
                                                  c:/winavr-20100110/bin/../lib/gcc/avr/4.3.2/../../../../avr/lib/avr6/crtm2560.o
__vector_37                                       c:/winavr-20100110/bin/../lib/gcc/avr/4.3.2/../../../../avr/lib/avr6/crtm2560.o
__vector_38                                       c:/winavr-20100110/bin/../lib/gcc/avr/4.3.2/../../../../avr/lib/avr6/crtm2560.o
__vector_39                                       c:/winavr-20100110/bin/../lib/gcc/avr/4.3.2/../../../../avr/lib/avr6/crtm2560.o
__vector_4                                        c:/winavr-20100110/bin/../lib/gcc/avr/4.3.2/../../../../avr/lib/avr6/crtm2560.o
__vector_40                                       c:/winavr-20100110/bin/../lib/gcc/avr/4.3.2/../../../../avr/lib/avr6/crtm2560.o
__vector_41                                       c:/winavr-20100110/bin/../lib/gcc/avr/4.3.2/../../../../avr/lib/avr6/crtm2560.o
__vector_42                                       c:/winavr-20100110/bin/../lib/gcc/avr/4.3.2/../../../../avr/lib/avr6/crtm2560.o
__vector_43                                       c:/winavr-20100110/bin/../lib/gcc/avr/4.3.2/../../../../avr/lib/avr6/crtm2560.o
__vector_44                                       c:/winavr-20100110/bin/../lib/gcc/avr/4.3.2/../../../../avr/lib/avr6/crtm2560.o
__vector_45                                       c:/winavr-20100110/bin/../lib/gcc/avr/4.3.2/../../../../avr/lib/avr6/crtm2560.o
__vector_46                                       c:/winavr-20100110/bin/../lib/gcc/avr/4.3.2/../../../../avr/lib/avr6/crtm2560.o
__vector_47                                       c:/winavr-20100110/bin/../lib/gcc/avr/4.3.2/../../../../avr/lib/avr6/crtm2560.o
__vector_48                                       c:/winavr-20100110/bin/../lib/gcc/avr/4.3.2/../../../../avr/lib/avr6/crtm2560.o
__vector_49                                       c:/winavr-20100110/bin/../lib/gcc/avr/4.3.2/../../../../avr/lib/avr6/crtm2560.o
__vector_5                                        c:/winavr-20100110/bin/../lib/gcc/avr/4.3.2/../../../../avr/lib/avr6/crtm2560.o
__vector_50                                       c:/winavr-20100110/bin/../lib/gcc/avr/4.3.2/../../../../avr/lib/avr6/crtm2560.o
__vector_51                                       C:\Users\ehaskins.EHNET\Code\Next Robots\workspace\Arduino\Debug\libArduino.a(HardwareSerial.o)
                                                  c:/winavr-20100110/bin/../lib/gcc/avr/4.3.2/../../../../avr/lib/avr6/crtm2560.o
__vector_52                                       c:/winavr-20100110/bin/../lib/gcc/avr/4.3.2/../../../../avr/lib/avr6/crtm2560.o
__vector_53                                       c:/winavr-20100110/bin/../lib/gcc/avr/4.3.2/../../../../avr/lib/avr6/crtm2560.o
__vector_54                                       C:\Users\ehaskins.EHNET\Code\Next Robots\workspace\Arduino\Debug\libArduino.a(HardwareSerial.o)
                                                  c:/winavr-20100110/bin/../lib/gcc/avr/4.3.2/../../../../avr/lib/avr6/crtm2560.o
__vector_55                                       c:/winavr-20100110/bin/../lib/gcc/avr/4.3.2/../../../../avr/lib/avr6/crtm2560.o
__vector_56                                       c:/winavr-20100110/bin/../lib/gcc/avr/4.3.2/../../../../avr/lib/avr6/crtm2560.o
__vector_6                                        c:/winavr-20100110/bin/../lib/gcc/avr/4.3.2/../../../../avr/lib/avr6/crtm2560.o
__vector_7                                        c:/winavr-20100110/bin/../lib/gcc/avr/4.3.2/../../../../avr/lib/avr6/crtm2560.o
__vector_8                                        c:/winavr-20100110/bin/../lib/gcc/avr/4.3.2/../../../../avr/lib/avr6/crtm2560.o
__vector_9                                        c:/winavr-20100110/bin/../lib/gcc/avr/4.3.2/../../../../avr/lib/avr6/crtm2560.o
__vector_default                                  c:/winavr-20100110/bin/../lib/gcc/avr/4.3.2/../../../../avr/lib/avr6/crtm2560.o
__vectors                                         c:/winavr-20100110/bin/../lib/gcc/avr/4.3.2/../../../../avr/lib/avr6/crtm2560.o
_div                                              c:/winavr-20100110/bin/../lib/gcc/avr/4.3.2/avr6\libgcc.a(_divmodhi4.o)
_exit                                             c:/winavr-20100110/bin/../lib/gcc/avr/4.3.2/avr6\libgcc.a(_exit.o)
atol                                              c:/winavr-20100110/bin/../lib/gcc/avr/4.3.2/../../../../avr/lib/avr6\libc.a(atol.o)
                                                  C:\Users\ehaskins.EHNET\Code\Next Robots\workspace\Arduino\Debug\libArduino.a(WString.o)
close(unsigned char)                              C:\Users\ehaskins.EHNET\Code\Next Robots\workspace\Arduino\Debug\libArduino.a(socket.o)
communication                                     ./FRCCommunication.o
                                                  ./Main.o
connect(unsigned char, unsigned char*, unsigned int) C:\Users\ehaskins.EHNET\Code\Next Robots\workspace\Arduino\Debug\libArduino.a(socket.o)
counter                                           ./FRCCommunication.o
delay                                             C:\Users\ehaskins.EHNET\Code\Next Robots\workspace\Arduino\Debug\libArduino.a(wiring.o)
                                                  C:\Users\ehaskins.EHNET\Code\Next Robots\workspace\Arduino\Debug\libArduino.a(w5100.o)
delayMicroseconds                                 C:\Users\ehaskins.EHNET\Code\Next Robots\workspace\Arduino\Debug\libArduino.a(wiring.o)
digitalRead                                       C:\Users\ehaskins.EHNET\Code\Next Robots\workspace\Arduino\Debug\libArduino.a(wiring_digital.o)
digitalWrite                                      C:\Users\ehaskins.EHNET\Code\Next Robots\workspace\Arduino\Debug\libArduino.a(wiring_digital.o)
                                                  C:\Users\ehaskins.EHNET\Code\Next Robots\workspace\Arduino\Debug\libArduino.a(SPI.o)
digital_pin_to_bit_mask_PGM                       C:\Users\ehaskins.EHNET\Code\Next Robots\workspace\Arduino\Debug\libArduino.a(pins_arduino.o)
                                                  C:\Users\ehaskins.EHNET\Code\Next Robots\workspace\Arduino\Debug\libArduino.a(wiring_digital.o)
digital_pin_to_port_PGM                           C:\Users\ehaskins.EHNET\Code\Next Robots\workspace\Arduino\Debug\libArduino.a(pins_arduino.o)
                                                  C:\Users\ehaskins.EHNET\Code\Next Robots\workspace\Arduino\Debug\libArduino.a(wiring_digital.o)
digital_pin_to_timer_PGM                          C:\Users\ehaskins.EHNET\Code\Next Robots\workspace\Arduino\Debug\libArduino.a(pins_arduino.o)
                                                  C:\Users\ehaskins.EHNET\Code\Next Robots\workspace\Arduino\Debug\libArduino.a(wiring_digital.o)
disconnect(unsigned char)                         C:\Users\ehaskins.EHNET\Code\Next Robots\workspace\Arduino\Debug\libArduino.a(socket.o)
exit                                              c:/winavr-20100110/bin/../lib/gcc/avr/4.3.2/avr6\libgcc.a(_exit.o)
                                                  c:/winavr-20100110/bin/../lib/gcc/avr/4.3.2/../../../../avr/lib/avr6/crtm2560.o
fastLoop()                                        ./UserCode.o
                                                  ./Main.o
free                                              c:/winavr-20100110/bin/../lib/gcc/avr/4.3.2/../../../../avr/lib/avr6\libc.a(malloc.o)
                                                  c:/winavr-20100110/bin/../lib/gcc/avr/4.3.2/../../../../avr/lib/avr6\libc.a(realloc.o)
                                                  C:\Users\ehaskins.EHNET\Code\Next Robots\workspace\Arduino\Debug\libArduino.a(WString.o)
igmpsend(unsigned char, unsigned char const*, unsigned int) C:\Users\ehaskins.EHNET\Code\Next Robots\workspace\Arduino\Debug\libArduino.a(socket.o)
init                                              C:\Users\ehaskins.EHNET\Code\Next Robots\workspace\Arduino\Debug\libArduino.a(wiring.o)
                                                  ./Main.o
isspace                                           c:/winavr-20100110/bin/../lib/gcc/avr/4.3.2/../../../../avr/lib/avr6\libc.a(isspace.o)
                                                  C:\Users\ehaskins.EHNET\Code\Next Robots\workspace\Arduino\Debug\libArduino.a(WString.o)
itoa                                              c:/winavr-20100110/bin/../lib/gcc/avr/4.3.2/../../../../avr/lib/avr6\libc.a(itoa.o)
                                                  C:\Users\ehaskins.EHNET\Code\Next Robots\workspace\Arduino\Debug\libArduino.a(WString.o)
listen(unsigned char)                             C:\Users\ehaskins.EHNET\Code\Next Robots\workspace\Arduino\Debug\libArduino.a(socket.o)
loop                                              ./Main.o
ltoa                                              c:/winavr-20100110/bin/../lib/gcc/avr/4.3.2/../../../../avr/lib/avr6\libc.a(ltoa.o)
                                                  C:\Users\ehaskins.EHNET\Code\Next Robots\workspace\Arduino\Debug\libArduino.a(WString.o)
main                                              ./Main.o
                                                  c:/winavr-20100110/bin/../lib/gcc/avr/4.3.2/../../../../avr/lib/avr6/crtm2560.o
malloc                                            c:/winavr-20100110/bin/../lib/gcc/avr/4.3.2/../../../../avr/lib/avr6\libc.a(malloc.o)
                                                  c:/winavr-20100110/bin/../lib/gcc/avr/4.3.2/../../../../avr/lib/avr6\libc.a(realloc.o)
                                                  C:\Users\ehaskins.EHNET\Code\Next Robots\workspace\Arduino\Debug\libArduino.a(WString.o)
memcpy                                            c:/winavr-20100110/bin/../lib/gcc/avr/4.3.2/../../../../avr/lib/avr6\libc.a(memcpy.o)
                                                  c:/winavr-20100110/bin/../lib/gcc/avr/4.3.2/../../../../avr/lib/avr6\libc.a(realloc.o)
micros                                            C:\Users\ehaskins.EHNET\Code\Next Robots\workspace\Arduino\Debug\libArduino.a(wiring.o)
millis                                            C:\Users\ehaskins.EHNET\Code\Next Robots\workspace\Arduino\Debug\libArduino.a(wiring.o)